Archive member included to satisfy reference by file (symbol)

../libtock-c/libtock/build/rv32imc/libtock.a(crt0.o)
                              (_start)
../libtock-c/libtock/build/rv32imc/libtock.a(button.o)
                              build/rv32imc/input.o (libtock_button_exists)
../libtock-c/libtock/build/rv32imc/libtock.a(button_syscalls.o)
                              ../libtock-c/libtock/build/rv32imc/libtock.a(button.o) (libtock_button_set_upcall)
../libtock-c/libtock/build/rv32imc/libtock.a(tock.o)
                              ../libtock-c/libtock/build/rv32imc/libtock.a(button_syscalls.o) (tock_command_return_novalue_to_returncode)
../libtock-c/libtock-sync/build/rv32imc/libtocksync.a(screen.o)
                              build/rv32imc/u8g2-tock.o (libtocksync_screen_exists)
../libtock-c/libtock-sync/build/rv32imc/libtocksync.a(screen_syscalls.o)
                              ../libtock-c/libtock-sync/build/rv32imc/libtocksync.a(screen.o) (libtocksync_screen_yield_wait_for)
../libtock-c/u8g2/build/rv32imc/u8g2.a(u8g2_box.o)
                              build/rv32imc/display.o (u8g2_DrawBox)
../libtock-c/u8g2/build/rv32imc/u8g2.a(u8g2_circle.o)
                              build/rv32imc/display.o (u8g2_DrawCircle)
../libtock-c/u8g2/build/rv32imc/u8g2.a(u8g2_hvline.o)
                              ../libtock-c/u8g2/build/rv32imc/u8g2.a(u8g2_box.o) (u8g2_DrawHVLine)
../libtock-c/u8g2/build/rv32imc/u8g2.a(u8g2_intersection.o)
                              ../libtock-c/u8g2/build/rv32imc/u8g2.a(u8g2_box.o) (u8g2_IsIntersection)
../libtock-c/u8g2/build/rv32imc/u8g2.a(u8g2_line.o)
                              build/rv32imc/display.o (u8g2_DrawLine)
../libtock-c/u8g2/build/rv32imc/u8g2.a(u8g2_ll_hvline.o)
                              build/rv32imc/u8g2-tock.o (u8g2_ll_hvline_vertical_top_lsb)
../libtock-c/u8g2/build/rv32imc/u8g2.a(u8g2_setup.o)
                              build/rv32imc/u8g2-tock.o (u8g2_SetupBuffer)
../libtock-c/u8g2/build/rv32imc/u8g2.a(u8x8_cad.o)
                              ../libtock-c/u8g2/build/rv32imc/u8g2.a(u8g2_setup.o) (u8x8_cad_vsendf)
../libtock-c/u8g2/build/rv32imc/u8g2.a(u8x8_display.o)
                              build/rv32imc/u8g2-tock.o (u8x8_d_helper_display_setup_memory)
../libtock-c/u8g2/build/rv32imc/u8g2.a(u8x8_gpio.o)
                              ../libtock-c/u8g2/build/rv32imc/u8g2.a(u8x8_cad.o) (u8x8_gpio_call)
../libtock-c/u8g2/build/rv32imc/u8g2.a(u8x8_setup.o)
                              build/rv32imc/u8g2-tock.o (u8x8_dummy_cb)
../libtock-c/u8g2/build/rv32imc/u8g2.a(u8g2_font.o)
                              ../libtock-c/u8g2/build/rv32imc/u8g2.a(u8g2_setup.o) (u8g2_SetFontPosBaseline)
../libtock-c/u8g2/build/rv32imc/u8g2.a(u8g2_kerning.o)
                              ../libtock-c/u8g2/build/rv32imc/u8g2.a(u8g2_font.o) (u8g2_GetKerning)
../libtock-c/u8g2/build/rv32imc/u8g2.a(u8x8_8x8.o)
                              ../libtock-c/u8g2/build/rv32imc/u8g2.a(u8g2_font.o) (u8x8_ascii_next)
../libtock-c/u8g2/build/rv32imc/u8g2.a(u8x8_byte.o)
                              ../libtock-c/u8g2/build/rv32imc/u8g2.a(u8x8_cad.o) (u8x8_byte_SetDC)
../libtock-c/lib/libtock-newlib-4.2.0.20211231/riscv/riscv64-unknown-elf/lib/rv32im/ilp32/libc.a(lib_a-calloc.o)
                              build/rv32imc/u8g2-tock.o (calloc)
../libtock-c/lib/libtock-newlib-4.2.0.20211231/riscv/riscv64-unknown-elf/lib/rv32im/ilp32/libc.a(lib_a-exit.o)
                              ../libtock-c/libtock/build/rv32imc/libtock.a(crt0.o) (exit)
../libtock-c/lib/libtock-newlib-4.2.0.20211231/riscv/riscv64-unknown-elf/lib/rv32im/ilp32/libc.a(lib_a-impure.o)
                              ../libtock-c/lib/libtock-newlib-4.2.0.20211231/riscv/riscv64-unknown-elf/lib/rv32im/ilp32/libc.a(lib_a-exit.o) (_global_impure_ptr)
../libtock-c/lib/libtock-newlib-4.2.0.20211231/riscv/riscv64-unknown-elf/lib/rv32im/ilp32/libc.a(lib_a-memcpy-asm.o)
                              ../libtock-c/libtock/build/rv32imc/libtock.a(crt0.o) (memcpy)
../libtock-c/lib/libtock-newlib-4.2.0.20211231/riscv/riscv64-unknown-elf/lib/rv32im/ilp32/libc.a(lib_a-memset.o)
                              build/rv32imc/u8g2-tock.o (memset)
../libtock-c/lib/libtock-newlib-4.2.0.20211231/riscv/riscv64-unknown-elf/lib/rv32im/ilp32/libc.a(lib_a-nano-callocr.o)
                              ../libtock-c/lib/libtock-newlib-4.2.0.20211231/riscv/riscv64-unknown-elf/lib/rv32im/ilp32/libc.a(lib_a-calloc.o) (_calloc_r)
../libtock-c/lib/libtock-newlib-4.2.0.20211231/riscv/riscv64-unknown-elf/lib/rv32im/ilp32/libc.a(lib_a-nano-mallocr.o)
                              ../libtock-c/lib/libtock-newlib-4.2.0.20211231/riscv/riscv64-unknown-elf/lib/rv32im/ilp32/libc.a(lib_a-nano-callocr.o) (_malloc_r)
../libtock-c/lib/libtock-newlib-4.2.0.20211231/riscv/riscv64-unknown-elf/lib/rv32im/ilp32/libc.a(lib_a-printf.o)
                              ../libtock-c/libtock/build/rv32imc/libtock.a(tock.o) (printf)
[...]
Memory Configuration

Name             Origin             Length             Attributes
FLASH            0x0000000020300080 0x0000000000070000 xr
SRAM             0x0000000020602000 0x0000000000010000 xrw
*default*        0x0000000000000000 0xffffffffffffffff

Linker script and memory map

                0x0000000000000800                STACK_SIZE = 0x800
                0x0000000000004e20                APP_HEAP_SIZE = 0x4e20
                0x0000000000000400                KERNEL_HEAP_SIZE = 0x400
START GROUP
LOAD build/rv32imc/display.o
LOAD build/rv32imc/game.o
LOAD build/rv32imc/input.o
LOAD build/rv32imc/main.o
LOAD build/rv32imc/u8g2-tock.o
LOAD ../libtock-c/libtock/build/rv32imc/libtock.a
LOAD ../libtock-c/libtock-sync/build/rv32imc/libtocksync.a
LOAD ../libtock-c/u8g2/build/rv32imc/u8g2.a
LOAD ../libtock-c/lib/libtock-newlib-4.2.0.20211231/riscv/riscv64-unknown-elf/lib/rv32im/ilp32/libc.a
LOAD ../libtock-c/lib/libtock-newlib-4.2.0.20211231/riscv/riscv64-unknown-elf/lib/rv32im/ilp32/libm.a
LOAD ../libtock-c/lib/libtock-libc++-10.5.0/riscv/riscv64-unknown-elf/lib/rv32im/ilp32/libstdc++.a
LOAD ../libtock-c/lib/libtock-libc++-10.5.0/riscv/riscv64-unknown-elf/lib/rv32im/ilp32/libsupc++.a
LOAD ../libtock-c/lib/libtock-libc++-10.5.0/riscv/lib/gcc/riscv64-unknown-elf/10.5.0/rv32im/ilp32/libgcc.a
END GROUP
                0x0000000000070000                PROG_LENGTH = 0x70000
                0x0000000000010000                RAM_LENGTH = 0x10000

.crt0_header    0x0000000020300080       0x28
                0x0000000020300080        0x4 LONG 0x2c20 (LOADADDR (.got) - ORIGIN (FLASH))
                0x0000000020300084        0x4 LONG 0x800 (_got - ORIGIN (SRAM))
                0x0000000020300088        0x4 LONG 0x0 SIZEOF (.got)
                0x000000002030008c        0x4 LONG 0x2c20 (LOADADDR (.data) - ORIGIN (FLASH))
                0x0000000020300090        0x4 LONG 0x800 (_data - ORIGIN (SRAM))
                0x0000000020300094        0x4 LONG 0x7c SIZEOF (.data)
                0x0000000020300098        0x4 LONG 0x87c (_bss - ORIGIN (SRAM))
                0x000000002030009c        0x4 LONG 0x2cc SIZEOF (.bss)
                0x00000000203000a0        0x4 LONG 0x2c9c (LOADADDR (.endflash) - ORIGIN (FLASH))
                0x00000000203000a4        0x4 LONG 0x800 STACK_SIZE

.wfr.app_state  0x00000000203000a8        0x0
 *(.app_state)
                0x00000000203000a8                . = ALIGN (0x4)

.text           0x00000000203000a8     0x2bf8
                0x00000000203000a8                . = ALIGN (0x4)
                0x00000000203000a8                _text = .
 *(.start)
 .start         0x00000000203000a8       0x54 ../libtock-c/libtock/build/rv32imc/libtock.a(crt0.o)
                0x00000000203000a8                _start
 *(.text*)
 .text.display_init
                0x00000000203000fc       0x10 build/rv32imc/display.o
                0x00000000203000fc                display_init
 .text.obstacle_init
                0x000000002030010c       0x22 build/rv32imc/display.o
                0x000000002030010c                obstacle_init
 .text.platform_init
                0x000000002030012e       0x24 build/rv32imc/display.o
                0x000000002030012e                platform_init
 .text.coin_init
                0x0000000020300152       0x20 build/rv32imc/display.o
                0x0000000020300152                coin_init
 .text.draw_player
                0x0000000020300172       0x9a build/rv32imc/display.o
                0x0000000020300172                draw_player
 .text.draw_obstacle
                0x000000002030020c       0x52 build/rv32imc/display.o
                0x000000002030020c                draw_obstacle
 .text.draw_platform
                0x000000002030025e       0x52 build/rv32imc/display.o
                0x000000002030025e                draw_platform
 .text.draw_coin
                0x00000000203002b0       0x54 build/rv32imc/display.o
                0x00000000203002b0                draw_coin
 .text.draw_frame
                0x0000000020300304       0xc4 build/rv32imc/display.o
                0x0000000020300304                draw_frame
 .text.player_init
                0x00000000203003c8       0x1e build/rv32imc/game.o
                0x00000000203003c8                player_init
 .text.jump     0x00000000203003e6       0x10 build/rv32imc/game.o
                0x00000000203003e6                jump
 .text.apply_gravity
                0x00000000203003f6       0x1c build/rv32imc/game.o
                0x00000000203003f6                apply_gravity
 .text.collide_ground
                0x0000000020300412       0x18 build/rv32imc/game.o
                0x0000000020300412                collide_ground
 .text.collide_platform
                0x000000002030042a       0x7a build/rv32imc/game.o
                0x000000002030042a                collide_platform
 .text.collide_obstacle
                0x00000000203004a4       0x3c build/rv32imc/game.o
                0x00000000203004a4                collide_obstacle
 .text.input_init
                0x00000000203004e0       0x1e build/rv32imc/input.o
                0x00000000203004e0                input_init
 .text.jump_pressed
                0x00000000203004fe       0x1e build/rv32imc/input.o
                0x00000000203004fe                jump_pressed
 .text.right_pressed
                0x000000002030051c       0x1e build/rv32imc/input.o
                0x000000002030051c                right_pressed
 .text.left_pressed
                0x000000002030053a       0x1e build/rv32imc/input.o
                0x000000002030053a                left_pressed
 .text.startup.main
                0x0000000020300558      0x14c build/rv32imc/main.o
                0x0000000020300558                main
 .text.u8x8_d_ssd1306_tock
                0x00000000203006a4       0x5e build/rv32imc/u8g2-tock.o
 .text.u8g2_tock_init
                0x0000000020300702       0x82 build/rv32imc/u8g2-tock.o
                0x0000000020300702                u8g2_tock_init
 .text.u8g2_ClearBuffer
                0x0000000020300784       0x1c build/rv32imc/u8g2-tock.o
                0x0000000020300784                u8g2_ClearBuffer
 .text.u8g2_SendBuffer
                0x00000000203007a0       0x40 build/rv32imc/u8g2-tock.o
                0x00000000203007a0                u8g2_SendBuffer
 .text._c_start_nopic
                0x00000000203007e0       0x54 ../libtock-c/libtock/build/rv32imc/libtock.a(crt0.o)
                0x00000000203007e0                _c_start_nopic
 .text.libtock_button_exists
                0x0000000020300834        0x8 ../libtock-c/libtock/build/rv32imc/libtock.a(button.o)
                0x0000000020300834                libtock_button_exists
 .text.libtock_button_count
                0x000000002030083c        0x8 ../libtock-c/libtock/build/rv32imc/libtock.a(button.o)
                0x000000002030083c                libtock_button_count
 .text.libtock_button_read
                0x0000000020300844        0x8 ../libtock-c/libtock/build/rv32imc/libtock.a(button.o)
                0x0000000020300844                libtock_button_read
 .text.libtock_button_command_count
                0x000000002030084c       0x3c ../libtock-c/libtock/build/rv32imc/libtock.a(button_syscalls.o)
                0x000000002030084c                libtock_button_command_count
 .text.libtock_button_driver_exists
                0x0000000020300888       0x20 ../libtock-c/libtock/build/rv32imc/libtock.a(button_syscalls.o)
                0x0000000020300888                libtock_button_driver_exists
 .text.libtock_button_command_read
                0x00000000203008a8       0x3c ../libtock-c/libtock/build/rv32imc/libtock.a(button_syscalls.o)
                0x00000000203008a8                libtock_button_command_read
 .text.tock_status_to_returncode
                0x00000000203008e4        0x6 ../libtock-c/libtock/build/rv32imc/libtock.a(tock.o)
                0x00000000203008e4                tock_status_to_returncode
 .text.tock_command_return_novalue_to_returncode
                0x00000000203008ea       0x1e ../libtock-c/libtock/build/rv32imc/libtock.a(tock.o)
                0x00000000203008ea                tock_command_return_novalue_to_returncode
 .text.tock_command_return_u32_to_returncode
                0x0000000020300908       0x1e ../libtock-c/libtock/build/rv32imc/libtock.a(tock.o)
                0x0000000020300908                tock_command_return_u32_to_returncode
 .text.tock_command_return_u32_u32_to_returncode
                0x0000000020300926       0x22 ../libtock-c/libtock/build/rv32imc/libtock.a(tock.o)
                0x0000000020300926                tock_command_return_u32_u32_to_returncode
 .text.tock_subscribe_return_to_returncode
                0x0000000020300948       0x12 ../libtock-c/libtock/build/rv32imc/libtock.a(tock.o)
                0x0000000020300948                tock_subscribe_return_to_returncode
 .text.tock_allow_ro_return_to_returncode
                0x000000002030095a       0x12 ../libtock-c/libtock/build/rv32imc/libtock.a(tock.o)
                0x000000002030095a                tock_allow_ro_return_to_returncode
 .text.yield    0x000000002030096c       0x14 ../libtock-c/libtock/build/rv32imc/libtock.a(tock.o)
                0x000000002030096c                yield
 .text.yield_for
                0x0000000020300980       0x20 ../libtock-c/libtock/build/rv32imc/libtock.a(tock.o)
                0x0000000020300980                yield_for
 .text.yield_wait_for
                0x00000000203009a0       0x14 ../libtock-c/libtock/build/rv32imc/libtock.a(tock.o)
                0x00000000203009a0                yield_wait_for
 .text.tock_exit
                0x00000000203009b4        0xa ../libtock-c/libtock/build/rv32imc/libtock.a(tock.o)
                0x00000000203009b4                tock_exit
 .text.subscribe
                0x00000000203009be       0x4a ../libtock-c/libtock/build/rv32imc/libtock.a(tock.o)
                0x00000000203009be                subscribe
 .text.command  0x0000000020300a08       0x1c ../libtock-c/libtock/build/rv32imc/libtock.a(tock.o)
                0x0000000020300a08                command
 .text.allow_readonly
                0x0000000020300a24       0x4a ../libtock-c/libtock/build/rv32imc/libtock.a(tock.o)
                0x0000000020300a24                allow_readonly
 .text.memop    0x0000000020300a6e       0x3e ../libtock-c/libtock/build/rv32imc/libtock.a(tock.o)
                0x0000000020300a6e                memop
 .text.driver_exists
                0x0000000020300aac       0x26 ../libtock-c/libtock/build/rv32imc/libtock.a(tock.o)
                0x0000000020300aac                driver_exists
 .text.libtocksync_screen_exists
                0x0000000020300ad2        0x8 ../libtock-c/libtock-sync/build/rv32imc/libtocksync.a(screen.o)
                0x0000000020300ad2                libtocksync_screen_exists
 .text.libtocksync_screen_get_resolution
                0x0000000020300ada        0x8 ../libtock-c/libtock-sync/build/rv32imc/libtocksync.a(screen.o)
                0x0000000020300ada                libtocksync_screen_get_resolution
 .text.libtocksync_screen_set_frame
                0x0000000020300ae2       0x20 ../libtock-c/libtock-sync/build/rv32imc/libtocksync.a(screen.o)
                0x0000000020300ae2                libtocksync_screen_set_frame
 .text.libtocksync_screen_write
                0x0000000020300b02       0x46 ../libtock-c/libtock-sync/build/rv32imc/libtocksync.a(screen.o)
                0x0000000020300b02                libtocksync_screen_write
 .text.libtocksync_screen_yield_wait_for
                0x0000000020300b48       0x24 ../libtock-c/libtock-sync/build/rv32imc/libtocksync.a(screen_syscalls.o)
                0x0000000020300b48                libtocksync_screen_yield_wait_for
 .text.u8g2_DrawBox
                0x0000000020300b6c       0x5e ../libtock-c/u8g2/build/rv32imc/u8g2.a(u8g2_box.o)
                0x0000000020300b6c                u8g2_DrawBox
 .text.u8g2_draw_circle_section
                0x0000000020300bca      0x122 ../libtock-c/u8g2/build/rv32imc/u8g2.a(u8g2_circle.o)
 .text.u8g2_draw_disc_section
                0x0000000020300cec      0x14a ../libtock-c/u8g2/build/rv32imc/u8g2.a(u8g2_circle.o)
 .text.u8g2_DrawCircle
                0x0000000020300e36       0xd0 ../libtock-c/u8g2/build/rv32imc/u8g2.a(u8g2_circle.o)
                0x0000000020300e36                u8g2_DrawCircle
 .text.u8g2_DrawDisc
                0x0000000020300f06       0xd0 ../libtock-c/u8g2/build/rv32imc/u8g2.a(u8g2_circle.o)
                0x0000000020300f06                u8g2_DrawDisc
 .text.u8g2_draw_hv_line_2dir
                0x0000000020300fd6       0x10 ../libtock-c/u8g2/build/rv32imc/u8g2.a(u8g2_hvline.o)
                0x0000000020300fd6                u8g2_draw_hv_line_2dir
 .text.u8g2_DrawHVLine
                0x0000000020300fe6       0xe4 ../libtock-c/u8g2/build/rv32imc/u8g2.a(u8g2_hvline.o)
                0x0000000020300fe6                u8g2_DrawHVLine
 .text.u8g2_DrawHLine
                0x00000000203010ca        0xa ../libtock-c/u8g2/build/rv32imc/u8g2.a(u8g2_hvline.o)
                0x00000000203010ca                u8g2_DrawHLine
 .text.u8g2_DrawVLine
                0x00000000203010d4        0xa ../libtock-c/u8g2/build/rv32imc/u8g2.a(u8g2_hvline.o)
                0x00000000203010d4                u8g2_DrawVLine
 .text.u8g2_DrawPixel
                0x00000000203010de       0x2e ../libtock-c/u8g2/build/rv32imc/u8g2.a(u8g2_hvline.o)
                0x00000000203010de                u8g2_DrawPixel
 .text.u8g2_is_intersection_decision_tree
                0x000000002030110c       0x1a ../libtock-c/u8g2/build/rv32imc/u8g2.a(u8g2_intersection.o)
                0x000000002030110c                u8g2_is_intersection_decision_tree
 .text.u8g2_IsIntersection
                0x0000000020301126       0x4e ../libtock-c/u8g2/build/rv32imc/u8g2.a(u8g2_intersection.o)
                0x0000000020301126                u8g2_IsIntersection
 .text.u8g2_DrawLine
                0x0000000020301174      0x10a ../libtock-c/u8g2/build/rv32imc/u8g2.a(u8g2_line.o)
                0x0000000020301174                u8g2_DrawLine
 .text.u8g2_ll_hvline_vertical_top_lsb
                0x000000002030127e       0xaa ../libtock-c/u8g2/build/rv32imc/u8g2.a(u8g2_ll_hvline.o)
                0x000000002030127e                u8g2_ll_hvline_vertical_top_lsb
 .text.u8g2_update_dimension_common
                0x0000000020301328       0x62 ../libtock-c/u8g2/build/rv32imc/u8g2.a(u8g2_setup.o)
 .text.u8g2_update_dimension_r0
                0x000000002030138a        0x8 ../libtock-c/u8g2/build/rv32imc/u8g2.a(u8g2_setup.o)
                0x000000002030138a                u8g2_update_dimension_r0
 .text.u8g2_draw_l90_r0
                0x0000000020301392        0x8 ../libtock-c/u8g2/build/rv32imc/u8g2.a(u8g2_setup.o)
                0x0000000020301392                u8g2_draw_l90_r0
 .text.u8g2_apply_clip_window
                0x000000002030139a       0x76 ../libtock-c/u8g2/build/rv32imc/u8g2.a(u8g2_setup.o)
 .text.u8g2_update_page_win_r0
                0x0000000020301410       0x18 ../libtock-c/u8g2/build/rv32imc/u8g2.a(u8g2_setup.o)
                0x0000000020301410                u8g2_update_page_win_r0
 .text.u8g2_SetMaxClipWindow
                0x0000000020301428        0xc ../libtock-c/u8g2/build/rv32imc/u8g2.a(u8g2_setup.o)
                0x0000000020301428                u8g2_SetMaxClipWindow
 .text.u8g2_SetupBuffer
                0x0000000020301434       0x52 ../libtock-c/u8g2/build/rv32imc/u8g2.a(u8g2_setup.o)
                0x0000000020301434                u8g2_SetupBuffer
 .text.u8x8_d_helper_display_setup_memory
                0x0000000020301486        0xc ../libtock-c/u8g2/build/rv32imc/u8g2.a(u8x8_display.o)
                0x0000000020301486                u8x8_d_helper_display_setup_memory
 .text.u8x8_SetupMemory
                0x0000000020301492        0xa ../libtock-c/u8g2/build/rv32imc/u8g2.a(u8x8_display.o)
                0x0000000020301492                u8x8_SetupMemory
 .text.u8x8_dummy_cb
                0x000000002030149c        0x4 ../libtock-c/u8g2/build/rv32imc/u8g2.a(u8x8_setup.o)
                0x000000002030149c                u8x8_dummy_cb
 .text.u8x8_SetupDefaults
                0x00000000203014a0       0x2c ../libtock-c/u8g2/build/rv32imc/u8g2.a(u8x8_setup.o)
                0x00000000203014a0                u8x8_SetupDefaults
 .text.u8x8_Setup
                0x00000000203014cc       0x46 ../libtock-c/u8g2/build/rv32imc/u8g2.a(u8x8_setup.o)
                0x00000000203014cc                u8x8_Setup
 .text.u8g2_font_calc_vref_font
                0x0000000020301512        0x4 ../libtock-c/u8g2/build/rv32imc/u8g2.a(u8g2_font.o)
                0x0000000020301512                u8g2_font_calc_vref_font
 .text.u8g2_SetFontPosBaseline
                0x0000000020301516        0xc ../libtock-c/u8g2/build/rv32imc/u8g2.a(u8g2_font.o)
                0x0000000020301516                u8g2_SetFontPosBaseline
 *fill*         0x0000000020301522        0x2 ff
 .text.calloc   0x0000000020301524       0x18 ../libtock-c/lib/libtock-newlib-4.2.0.20211231/riscv/riscv64-unknown-elf/lib/rv32im/ilp32/libc.a(lib_a-calloc.o)
                0x0000000020301524                calloc
 .text.exit     0x000000002030153c       0x48 ../libtock-c/lib/libtock-newlib-4.2.0.20211231/riscv/riscv64-unknown-elf/lib/rv32im/ilp32/libc.a(lib_a-exit.o)
                0x000000002030153c                exit
 .text          0x0000000020301584       0x24 ../libtock-c/lib/libtock-newlib-4.2.0.20211231/riscv/riscv64-unknown-elf/lib/rv32im/ilp32/libc.a(lib_a-memcpy-asm.o)
                0x0000000020301584                memcpy
 .text          0x00000000203015a8       0x1c ../libtock-c/lib/libtock-newlib-4.2.0.20211231/riscv/riscv64-unknown-elf/lib/rv32im/ilp32/libc.a(lib_a-memset.o)
                0x00000000203015a8                memset
 .text._calloc_r
                0x00000000203015c4       0x68 ../libtock-c/lib/libtock-newlib-4.2.0.20211231/riscv/riscv64-unknown-elf/lib/rv32im/ilp32/libc.a(lib_a-nano-callocr.o)
                0x00000000203015c4                _calloc_r
 .text.sbrk_aligned
                0x000000002030162c       0x94 ../libtock-c/lib/libtock-newlib-4.2.0.20211231/riscv/riscv64-unknown-elf/lib/rv32im/ilp32/libc.a(lib_a-nano-mallocr.o)
 .text._malloc_r
                0x00000000203016c0      0x1cc ../libtock-c/lib/libtock-newlib-4.2.0.20211231/riscv/riscv64-unknown-elf/lib/rv32im/ilp32/libc.a(lib_a-nano-mallocr.o)
                0x00000000203016c0                _malloc_r
 .text._puts_r  0x000000002030188c      0x174 ../libtock-c/lib/libtock-newlib-4.2.0.20211231/riscv/riscv64-unknown-elf/lib/rv32im/ilp32/libc.a(lib_a-puts.o)
                0x000000002030188c                _puts_r
 .text.puts     0x0000000020301a00       0x14 ../libtock-c/lib/libtock-newlib-4.2.0.20211231/riscv/riscv64-unknown-elf/lib/rv32im/ilp32/libc.a(lib_a-puts.o)
                0x0000000020301a00                puts
 .text._sbrk_r  0x0000000020301a14       0x50 ../libtock-c/lib/libtock-newlib-4.2.0.20211231/riscv/riscv64-unknown-elf/lib/rv32im/ilp32/libc.a(lib_a-sbrkr.o)
                0x0000000020301a14                _sbrk_r
 .text.__swbuf_r
                0x0000000020301a64      0x148 ../libtock-c/lib/libtock-newlib-4.2.0.20211231/riscv/riscv64-unknown-elf/lib/rv32im/ilp32/libc.a(lib_a-wbuf.o)
                0x0000000020301a64                __swbuf_r
 .text.__swsetup_r
                0x0000000020301bac      0x184 ../libtock-c/lib/libtock-newlib-4.2.0.20211231/riscv/riscv64-unknown-elf/lib/rv32im/ilp32/libc.a(lib_a-wsetup.o)
                0x0000000020301bac                __swsetup_r
 .text.__sflush_r
                0x0000000020301d30      0x1f8 ../libtock-c/lib/libtock-newlib-4.2.0.20211231/riscv/riscv64-unknown-elf/lib/rv32im/ilp32/libc.a(lib_a-fflush.o)
                0x0000000020301d30                __sflush_r
 .text._fflush_r
                0x0000000020301f28       0xa8 ../libtock-c/lib/libtock-newlib-4.2.0.20211231/riscv/riscv64-unknown-elf/lib/rv32im/ilp32/libc.a(lib_a-fflush.o)
                0x0000000020301f28                _fflush_r
 .text.std      0x0000000020301fd0       0x8c ../libtock-c/lib/libtock-newlib-4.2.0.20211231/riscv/riscv64-unknown-elf/lib/rv32im/ilp32/libc.a(lib_a-findfp.o)
 .text._cleanup_r
                0x000000002030205c       0x10 ../libtock-c/lib/libtock-newlib-4.2.0.20211231/riscv/riscv64-unknown-elf/lib/rv32im/ilp32/libc.a(lib_a-findfp.o)
                0x000000002030205c                _cleanup_r
 .text.__sfmoreglue
                0x000000002030206c       0x74 ../libtock-c/lib/libtock-newlib-4.2.0.20211231/riscv/riscv64-unknown-elf/lib/rv32im/ilp32/libc.a(lib_a-findfp.o)
                0x000000002030206c                __sfmoreglue
 .text.__sinit  0x00000000203020e0       0xcc ../libtock-c/lib/libtock-newlib-4.2.0.20211231/riscv/riscv64-unknown-elf/lib/rv32im/ilp32/libc.a(lib_a-findfp.o)
                0x00000000203020e0                __sinit
 .text.__sfp    0x00000000203021ac       0xf8 ../libtock-c/lib/libtock-newlib-4.2.0.20211231/riscv/riscv64-unknown-elf/lib/rv32im/ilp32/libc.a(lib_a-findfp.o)
                0x00000000203021ac                __sfp
 .text._fwalk_reent
                0x00000000203022a4       0xb0 ../libtock-c/lib/libtock-newlib-4.2.0.20211231/riscv/riscv64-unknown-elf/lib/rv32im/ilp32/libc.a(lib_a-fwalk.o)
                0x00000000203022a4                _fwalk_reent
 .text.__swhatbuf_r
                0x0000000020302354       0x94 ../libtock-c/lib/libtock-newlib-4.2.0.20211231/riscv/riscv64-unknown-elf/lib/rv32im/ilp32/libc.a(lib_a-makebuf.o)
                0x0000000020302354                __swhatbuf_r
 .text.__smakebuf_r
                0x00000000203023e8       0xfc ../libtock-c/lib/libtock-newlib-4.2.0.20211231/riscv/riscv64-unknown-elf/lib/rv32im/ilp32/libc.a(lib_a-makebuf.o)
                0x00000000203023e8                __smakebuf_r
 .text.__malloc_lock
                0x00000000203024e4        0x4 ../libtock-c/lib/libtock-newlib-4.2.0.20211231/riscv/riscv64-unknown-elf/lib/rv32im/ilp32/libc.a(lib_a-mlock.o)
                0x00000000203024e4                __malloc_lock
 .text.__malloc_unlock
                0x00000000203024e8        0x4 ../libtock-c/lib/libtock-newlib-4.2.0.20211231/riscv/riscv64-unknown-elf/lib/rv32im/ilp32/libc.a(lib_a-mlock.o)
                0x00000000203024e8                __malloc_unlock
 .text._free_r  0x00000000203024ec      0x10c ../libtock-c/lib/libtock-newlib-4.2.0.20211231/riscv/riscv64-unknown-elf/lib/rv32im/ilp32/libc.a(lib_a-nano-freer.o)
                0x00000000203024ec                _free_r
 .text.__sread  0x00000000203025f8       0x54 ../libtock-c/lib/libtock-newlib-4.2.0.20211231/riscv/riscv64-unknown-elf/lib/rv32im/ilp32/libc.a(lib_a-stdio.o)
                0x00000000203025f8                __sread
 .text.__swrite
                0x000000002030264c       0x8c ../libtock-c/lib/libtock-newlib-4.2.0.20211231/riscv/riscv64-unknown-elf/lib/rv32im/ilp32/libc.a(lib_a-stdio.o)
                0x000000002030264c                __swrite
 .text.__sseek  0x00000000203026d8       0x5c ../libtock-c/lib/libtock-newlib-4.2.0.20211231/riscv/riscv64-unknown-elf/lib/rv32im/ilp32/libc.a(lib_a-stdio.o)
                0x00000000203026d8                __sseek
 .text.__sclose
                0x0000000020302734        0xc ../libtock-c/lib/libtock-newlib-4.2.0.20211231/riscv/riscv64-unknown-elf/lib/rv32im/ilp32/libc.a(lib_a-stdio.o)
                0x0000000020302734                __sclose
 .text._write_r
                0x0000000020302740       0x58 ../libtock-c/lib/libtock-newlib-4.2.0.20211231/riscv/riscv64-unknown-elf/lib/rv32im/ilp32/libc.a(lib_a-writer.o)
                0x0000000020302740                _write_r
 .text._close_r
                0x0000000020302798       0x50 ../libtock-c/lib/libtock-newlib-4.2.0.20211231/riscv/riscv64-unknown-elf/lib/rv32im/ilp32/libc.a(lib_a-closer.o)
                0x0000000020302798                _close_r
 .text._fstat_r
                0x00000000203027e8       0x54 ../libtock-c/lib/libtock-newlib-4.2.0.20211231/riscv/riscv64-unknown-elf/lib/rv32im/ilp32/libc.a(lib_a-fstatr.o)
                0x00000000203027e8                _fstat_r
 .text._isatty_r
                0x000000002030283c       0x50 ../libtock-c/lib/libtock-newlib-4.2.0.20211231/riscv/riscv64-unknown-elf/lib/rv32im/ilp32/libc.a(lib_a-isattyr.o)
                0x000000002030283c                _isatty_r
 .text._lseek_r
                0x000000002030288c       0x58 ../libtock-c/lib/libtock-newlib-4.2.0.20211231/riscv/riscv64-unknown-elf/lib/rv32im/ilp32/libc.a(lib_a-lseekr.o)
                0x000000002030288c                _lseek_r
 .text._read_r  0x00000000203028e4       0x58 ../libtock-c/lib/libtock-newlib-4.2.0.20211231/riscv/riscv64-unknown-elf/lib/rv32im/ilp32/libc.a(lib_a-readr.o)
                0x00000000203028e4                _read_r
 .text._isatty  0x000000002030293c        0x6 ../libtock-c/libtock/build/rv32imc/libtock.a(sys.o)
                0x000000002030293c                _isatty
 .text._close   0x0000000020302942        0x4 ../libtock-c/libtock/build/rv32imc/libtock.a(sys.o)
                0x0000000020302942                _close
 .text._fstat   0x0000000020302946        0x8 ../libtock-c/libtock/build/rv32imc/libtock.a(sys.o)
                0x0000000020302946                _fstat
 .text._lseek   0x000000002030294e        0x4 ../libtock-c/libtock/build/rv32imc/libtock.a(sys.o)
                0x000000002030294e                _lseek
 .text._read    0x0000000020302952        0x4 ../libtock-c/libtock/build/rv32imc/libtock.a(sys.o)
                0x0000000020302952                _read
 .text._exit    0x0000000020302956        0xc ../libtock-c/libtock/build/rv32imc/libtock.a(sys.o)
                0x0000000020302956                _exit
 .text._sbrk    0x0000000020302962       0x2e ../libtock-c/libtock/build/rv32imc/libtock.a(sys.o)
                0x0000000020302962                _sbrk
 .text.libtock_screen_driver_exists
                0x0000000020302990        0xe ../libtock-c/libtock/build/rv32imc/libtock.a(screen_syscalls.o)
                0x0000000020302990                libtock_screen_driver_exists
 .text.libtock_screen_set_readonly_allow
                0x000000002030299e       0x38 ../libtock-c/libtock/build/rv32imc/libtock.a(screen_syscalls.o)
                0x000000002030299e                libtock_screen_set_readonly_allow
 .text.libtock_screen_command_get_resolution
                0x00000000203029d6       0x48 ../libtock-c/libtock/build/rv32imc/libtock.a(screen_syscalls.o)
                0x00000000203029d6                libtock_screen_command_get_resolution
 .text.libtock_screen_command_set_frame
                0x0000000020302a1e       0x42 ../libtock-c/libtock/build/rv32imc/libtock.a(screen_syscalls.o)
                0x0000000020302a1e                libtock_screen_command_set_frame
 .text.libtock_screen_command_write
                0x0000000020302a60       0x3a ../libtock-c/libtock/build/rv32imc/libtock.a(screen_syscalls.o)
                0x0000000020302a60                libtock_screen_command_write
 .text._write   0x0000000020302a9a       0x1a ../libtock-c/libtock-sync/build/rv32imc/libtocksync.a(sys.o)
                0x0000000020302a9a                _write
 .text.generic_cb
                0x0000000020302ab4       0x14 ../libtock-c/libtock-sync/build/rv32imc/libtocksync.a(console.o)
 .text.libtocksync_console_write
                0x0000000020302ac8       0x4a ../libtock-c/libtock-sync/build/rv32imc/libtocksync.a(console.o)
                0x0000000020302ac8                libtocksync_console_write
 *fill*         0x0000000020302b12        0x2 ff
 .text.__errno  0x0000000020302b14        0xc ../libtock-c/lib/libtock-newlib-4.2.0.20211231/riscv/riscv64-unknown-elf/lib/rv32im/ilp32/libc.a(lib_a-errno.o)
                0x0000000020302b14                __errno
 .text.generic_upcall
                0x0000000020302b20       0x1e ../libtock-c/libtock/build/rv32imc/libtock.a(console.o)
 .text.libtock_console_write
                0x0000000020302b3e       0x4a ../libtock-c/libtock/build/rv32imc/libtock.a(console.o)
                0x0000000020302b3e                libtock_console_write
 .text.libtock_console_write_done_set_upcall
                0x0000000020302b88       0x34 ../libtock-c/libtock/build/rv32imc/libtock.a(console_syscalls.o)
                0x0000000020302b88                libtock_console_write_done_set_upcall
 .text.libtock_console_set_read_allow
                0x0000000020302bbc       0x34 ../libtock-c/libtock/build/rv32imc/libtock.a(console_syscalls.o)
                0x0000000020302bbc                libtock_console_set_read_allow
 .text.libtock_console_command_write
                0x0000000020302bf0       0x34 ../libtock-c/libtock/build/rv32imc/libtock.a(console_syscalls.o)
                0x0000000020302bf0                libtock_console_command_write
 *(.rodata*)
 .rodata.main.str1.4
                0x0000000020302c24        0xa build/rv32imc/main.o
 *fill*         0x0000000020302c2e        0x2 ff
 .rodata.u8g2_cb_r0
                0x0000000020302c30        0xc ../libtock-c/u8g2/build/rv32imc/u8g2.a(u8g2_setup.o)
                0x0000000020302c30                u8g2_cb_r0
 .rodata.__sf_fake_stderr
                0x0000000020302c3c       0x20 ../libtock-c/lib/libtock-newlib-4.2.0.20211231/riscv/riscv64-unknown-elf/lib/rv32im/ilp32/libc.a(lib_a-findfp.o)
                0x0000000020302c3c                __sf_fake_stderr
 .rodata.__sf_fake_stdin
                0x0000000020302c5c       0x20 ../libtock-c/lib/libtock-newlib-4.2.0.20211231/riscv/riscv64-unknown-elf/lib/rv32im/ilp32/libc.a(lib_a-findfp.o)
                0x0000000020302c5c                __sf_fake_stdin
 .rodata.__sf_fake_stdout
                0x0000000020302c7c       0x20 ../libtock-c/lib/libtock-newlib-4.2.0.20211231/riscv/riscv64-unknown-elf/lib/rv32im/ilp32/libc.a(lib_a-findfp.o)
                0x0000000020302c7c                __sf_fake_stdout
 *(.srodata*)
 .srodata._global_impure_ptr
                0x0000000020302c9c        0x4 ../libtock-c/lib/libtock-newlib-4.2.0.20211231/riscv/riscv64-unknown-elf/lib/rv32im/ilp32/libc.a(lib_a-impure.o)
                0x0000000020302c9c                _global_impure_ptr
 *(.syscalls)
                0x0000000020302ca0                _etext = .
 *(.ARM.extab*)
                0x0000000020302ca0                . = ALIGN (0x4)

.rela.dyn       0x0000000020302ca0        0x0
 .rela.text.exit
                0x0000000020302ca0        0x0 build/rv32imc/display.o

.stack          0x0000000020602000      0x800
                0x0000000020602000                _sram_origin = .
                0x0000000020602000                . = ALIGN (0x10)
                0x0000000020602000                _stack = .
                0x0000000020602800                . = (_stack + STACK_SIZE)
 *fill*         0x0000000020602000      0x800 
                0x0000000020602800                . = ALIGN (0x10)

.got            0x0000000020602800        0x0 load address 0x0000000020302ca0
                0x0000000020602800                . = ALIGN (0x4)
                0x0000000020602800                _got = .
 *(.got*)
 *(.got.plt*)
                0x0000000020602800                . = ALIGN (0x4)

.data           0x0000000020602800       0x7c load address 0x0000000020302ca0
                0x0000000020602800                . = ALIGN (0x4)
                0x0000000020602800                _data = .
 *(.data*)
 .data          0x0000000020602800        0x0 build/rv32imc/display.o
 .data          0x0000000020602800        0x0 build/rv32imc/game.o
 .data          0x0000000020602800        0x0 build/rv32imc/input.o
 .data          0x0000000020602800        0x0 build/rv32imc/main.o
 .data          0x0000000020602800        0x0 build/rv32imc/u8g2-tock.o
 .data.u8x8_ssd1306_tock
                0x0000000020602800       0x18 build/rv32imc/u8g2-tock.o
 .data          0x0000000020602818        0x0 ../libtock-c/libtock/build/rv32imc/libtock.a(crt0.o)
 .data          0x0000000020602818        0x0 ../libtock-c/libtock/build/rv32imc/libtock.a(button.o)
 .data          0x0000000020602818        0x0 ../libtock-c/libtock/build/rv32imc/libtock.a(button_syscalls.o)
 .data          0x0000000020602818        0x0 ../libtock-c/libtock/build/rv32imc/libtock.a(tock.o)
 .data          0x0000000020602818        0x0 ../libtock-c/libtock-sync/build/rv32imc/libtocksync.a(screen.o)
 .data          0x0000000020602818        0x0 ../libtock-c/libtock-sync/build/rv32imc/libtocksync.a(screen_syscalls.o)
 .data          0x0000000020602818        0x0 ../libtock-c/u8g2/build/rv32imc/u8g2.a(u8g2_box.o)
 .data          0x0000000020602818        0x0 ../libtock-c/u8g2/build/rv32imc/u8g2.a(u8g2_circle.o)
 .data          0x0000000020602818        0x0 ../libtock-c/u8g2/build/rv32imc/u8g2.a(u8g2_hvline.o)
 .data          0x0000000020602818        0x0 ../libtock-c/u8g2/build/rv32imc/u8g2.a(u8g2_intersection.o)
 .data          0x0000000020602818        0x0 ../libtock-c/u8g2/build/rv32imc/u8g2.a(u8g2_line.o)
 .data          0x0000000020602818        0x0 ../libtock-c/u8g2/build/rv32imc/u8g2.a(u8g2_ll_hvline.o)
 .data          0x0000000020602818        0x0 ../libtock-c/u8g2/build/rv32imc/u8g2.a(u8g2_setup.o)
 .data          0x0000000020602818        0x0 ../libtock-c/u8g2/build/rv32imc/u8g2.a(u8x8_cad.o)
 .data          0x0000000020602818        0x0 ../libtock-c/u8g2/build/rv32imc/u8g2.a(u8x8_display.o)
 .data          0x0000000020602818        0x0 ../libtock-c/u8g2/build/rv32imc/u8g2.a(u8x8_gpio.o)
 .data          0x0000000020602818        0x0 ../libtock-c/u8g2/build/rv32imc/u8g2.a(u8x8_setup.o)
 .data          0x0000000020602818        0x0 ../libtock-c/u8g2/build/rv32imc/u8g2.a(u8g2_font.o)
 .data          0x0000000020602818        0x0 ../libtock-c/u8g2/build/rv32imc/u8g2.a(u8g2_kerning.o)
 .data          0x0000000020602818        0x0 ../libtock-c/u8g2/build/rv32imc/u8g2.a(u8x8_8x8.o)
 .data          0x0000000020602818        0x0 ../libtock-c/u8g2/build/rv32imc/u8g2.a(u8x8_byte.o)
 .data          0x0000000020602818        0x0 ../libtock-c/lib/libtock-newlib-4.2.0.20211231/riscv/riscv64-unknown-elf/lib/rv32im/ilp32/libc.a(lib_a-calloc.o)
 .data          0x0000000020602818        0x0 ../libtock-c/lib/libtock-newlib-4.2.0.20211231/riscv/riscv64-unknown-elf/lib/rv32im/ilp32/libc.a(lib_a-exit.o)
 .data          0x0000000020602818        0x0 ../libtock-c/lib/libtock-newlib-4.2.0.20211231/riscv/riscv64-unknown-elf/lib/rv32im/ilp32/libc.a(lib_a-impure.o)
 .data.impure_data
                0x0000000020602818       0x60 ../libtock-c/lib/libtock-newlib-4.2.0.20211231/riscv/riscv64-unknown-elf/lib/rv32im/ilp32/libc.a(lib_a-impure.o)
 .data          0x0000000020602878        0x0 ../libtock-c/lib/libtock-newlib-4.2.0.20211231/riscv/riscv64-unknown-elf/lib/rv32im/ilp32/libc.a(lib_a-memcpy-asm.o)
 .data          0x0000000020602878        0x0 ../libtock-c/lib/libtock-newlib-4.2.0.20211231/riscv/riscv64-unknown-elf/lib/rv32im/ilp32/libc.a(lib_a-memset.o)
 .data          0x0000000020602878        0x0 ../libtock-c/lib/libtock-newlib-4.2.0.20211231/riscv/riscv64-unknown-elf/lib/rv32im/ilp32/libc.a(lib_a-nano-callocr.o)
 .data          0x0000000020602878        0x0 ../libtock-c/lib/libtock-newlib-4.2.0.20211231/riscv/riscv64-unknown-elf/lib/rv32im/ilp32/libc.a(lib_a-nano-mallocr.o)
 .data          0x0000000020602878        0x0 ../libtock-c/lib/libtock-newlib-4.2.0.20211231/riscv/riscv64-unknown-elf/lib/rv32im/ilp32/libc.a(lib_a-printf.o)
 .data          0x0000000020602878        0x0 ../libtock-c/lib/libtock-newlib-4.2.0.20211231/riscv/riscv64-unknown-elf/lib/rv32im/ilp32/libc.a(lib_a-puts.o)
 .data          0x0000000020602878        0x0 ../libtock-c/lib/libtock-newlib-4.2.0.20211231/riscv/riscv64-unknown-elf/lib/rv32im/ilp32/libc.a(lib_a-sbrkr.o)
 .data          0x0000000020602878        0x0 ../libtock-c/lib/libtock-newlib-4.2.0.20211231/riscv/riscv64-unknown-elf/lib/rv32im/ilp32/libc.a(lib_a-wbuf.o)
 .data          0x0000000020602878        0x0 ../libtock-c/lib/libtock-newlib-4.2.0.20211231/riscv/riscv64-unknown-elf/lib/rv32im/ilp32/libc.a(lib_a-wsetup.o)
 .data          0x0000000020602878        0x0 ../libtock-c/lib/libtock-newlib-4.2.0.20211231/riscv/riscv64-unknown-elf/lib/rv32im/ilp32/libc.a(lib_a-fflush.o)
 .data          0x0000000020602878        0x0 ../libtock-c/lib/libtock-newlib-4.2.0.20211231/riscv/riscv64-unknown-elf/lib/rv32im/ilp32/libc.a(lib_a-findfp.o)
 .data          0x0000000020602878        0x0 ../libtock-c/lib/libtock-newlib-4.2.0.20211231/riscv/riscv64-unknown-elf/lib/rv32im/ilp32/libc.a(lib_a-fwalk.o)
 .data          0x0000000020602878        0x0 ../libtock-c/lib/libtock-newlib-4.2.0.20211231/riscv/riscv64-unknown-elf/lib/rv32im/ilp32/libc.a(lib_a-makebuf.o)
 .data          0x0000000020602878        0x0 ../libtock-c/lib/libtock-newlib-4.2.0.20211231/riscv/riscv64-unknown-elf/lib/rv32im/ilp32/libc.a(lib_a-mlock.o)
 .data          0x0000000020602878        0x0 ../libtock-c/lib/libtock-newlib-4.2.0.20211231/riscv/riscv64-unknown-elf/lib/rv32im/ilp32/libc.a(lib_a-nano-freer.o)
 .data          0x0000000020602878        0x0 ../libtock-c/lib/libtock-newlib-4.2.0.20211231/riscv/riscv64-unknown-elf/lib/rv32im/ilp32/libc.a(lib_a-nano-vfprintf.o)
 .data          0x0000000020602878        0x0 ../libtock-c/lib/libtock-newlib-4.2.0.20211231/riscv/riscv64-unknown-elf/lib/rv32im/ilp32/libc.a(lib_a-nano-vfprintf_i.o)
 .data          0x0000000020602878        0x0 ../libtock-c/lib/libtock-newlib-4.2.0.20211231/riscv/riscv64-unknown-elf/lib/rv32im/ilp32/libc.a(lib_a-reent.o)
 .data          0x0000000020602878        0x0 ../libtock-c/lib/libtock-newlib-4.2.0.20211231/riscv/riscv64-unknown-elf/lib/rv32im/ilp32/libc.a(lib_a-stdio.o)
 .data          0x0000000020602878        0x0 ../libtock-c/lib/libtock-newlib-4.2.0.20211231/riscv/riscv64-unknown-elf/lib/rv32im/ilp32/libc.a(lib_a-writer.o)
 .data          0x0000000020602878        0x0 ../libtock-c/lib/libtock-newlib-4.2.0.20211231/riscv/riscv64-unknown-elf/lib/rv32im/ilp32/libc.a(lib_a-closer.o)
 .data          0x0000000020602878        0x0 ../libtock-c/lib/libtock-newlib-4.2.0.20211231/riscv/riscv64-unknown-elf/lib/rv32im/ilp32/libc.a(lib_a-fstatr.o)
 .data          0x0000000020602878        0x0 ../libtock-c/lib/libtock-newlib-4.2.0.20211231/riscv/riscv64-unknown-elf/lib/rv32im/ilp32/libc.a(lib_a-fvwrite.o)
 .data          0x0000000020602878        0x0 ../libtock-c/lib/libtock-newlib-4.2.0.20211231/riscv/riscv64-unknown-elf/lib/rv32im/ilp32/libc.a(lib_a-isattyr.o)
 .data          0x0000000020602878        0x0 ../libtock-c/lib/libtock-newlib-4.2.0.20211231/riscv/riscv64-unknown-elf/lib/rv32im/ilp32/libc.a(lib_a-lseekr.o)
 .data          0x0000000020602878        0x0 ../libtock-c/lib/libtock-newlib-4.2.0.20211231/riscv/riscv64-unknown-elf/lib/rv32im/ilp32/libc.a(lib_a-memchr.o)
 .data          0x0000000020602878        0x0 ../libtock-c/lib/libtock-newlib-4.2.0.20211231/riscv/riscv64-unknown-elf/lib/rv32im/ilp32/libc.a(lib_a-memmove.o)
 .data          0x0000000020602878        0x0 ../libtock-c/lib/libtock-newlib-4.2.0.20211231/riscv/riscv64-unknown-elf/lib/rv32im/ilp32/libc.a(lib_a-nano-reallocr.o)
 .data          0x0000000020602878        0x0 ../libtock-c/lib/libtock-newlib-4.2.0.20211231/riscv/riscv64-unknown-elf/lib/rv32im/ilp32/libc.a(lib_a-readr.o)
 .data          0x0000000020602878        0x0 ../libtock-c/lib/libtock-newlib-4.2.0.20211231/riscv/riscv64-unknown-elf/lib/rv32im/ilp32/libc.a(lib_a-nano-msizer.o)
 .data          0x0000000020602878        0x0 ../libtock-c/libtock/build/rv32imc/libtock.a(sys.o)
 .data          0x0000000020602878        0x0 ../libtock-c/libtock/build/rv32imc/libtock.a(screen.o)
 .data          0x0000000020602878        0x0 ../libtock-c/libtock/build/rv32imc/libtock.a(screen_syscalls.o)
 .data          0x0000000020602878        0x0 ../libtock-c/libtock-sync/build/rv32imc/libtocksync.a(sys.o)
 .data          0x0000000020602878        0x0 ../libtock-c/libtock-sync/build/rv32imc/libtocksync.a(console.o)
 .data          0x0000000020602878        0x0 ../libtock-c/lib/libtock-newlib-4.2.0.20211231/riscv/riscv64-unknown-elf/lib/rv32im/ilp32/libc.a(lib_a-errno.o)
 .data          0x0000000020602878        0x0 ../libtock-c/libtock/build/rv32imc/libtock.a(console.o)
 .data          0x0000000020602878        0x0 ../libtock-c/libtock/build/rv32imc/libtock.a(console_syscalls.o)
 *(.sdata*)
 .sdata._impure_ptr
                0x0000000020602878        0x4 ../libtock-c/lib/libtock-newlib-4.2.0.20211231/riscv/riscv64-unknown-elf/lib/rv32im/ilp32/libc.a(lib_a-impure.o)
                0x0000000020602878                _impure_ptr
                0x000000002060287c                . = ALIGN (0x4)

.bss            0x000000002060287c      0x2cc load address 0x0000000020302d1c
                0x000000002060287c                . = ALIGN (0x4)
                0x000000002060287c                _bss = .
 *(.bss*)
 .bss           0x000000002060287c        0x0 build/rv32imc/display.o
 .bss           0x000000002060287c        0x0 build/rv32imc/game.o
 .bss           0x000000002060287c        0x0 build/rv32imc/input.o
 .bss           0x000000002060287c        0x0 build/rv32imc/main.o
 .bss.coins     0x000000002060287c       0xa0 build/rv32imc/main.o
                0x000000002060287c                coins
 .bss.obstacles
                0x000000002060291c       0xa0 build/rv32imc/main.o
                0x000000002060291c                obstacles
 .bss.platforms
                0x00000000206029bc       0xa0 build/rv32imc/main.o
                0x00000000206029bc                platforms
 .bss.player    0x0000000020602a5c       0x1c build/rv32imc/main.o
                0x0000000020602a5c                player
 .bss.u8g2      0x0000000020602a78       0x94 build/rv32imc/main.o
                0x0000000020602a78                u8g2
 .bss           0x0000000020602b0c        0x0 build/rv32imc/u8g2-tock.o
 .bss           0x0000000020602b0c        0x0 ../libtock-c/libtock/build/rv32imc/libtock.a(crt0.o)
 .bss           0x0000000020602b0c        0x0 ../libtock-c/libtock/build/rv32imc/libtock.a(button.o)
 .bss           0x0000000020602b0c        0x0 ../libtock-c/libtock/build/rv32imc/libtock.a(button_syscalls.o)
 .bss           0x0000000020602b0c        0x0 ../libtock-c/libtock/build/rv32imc/libtock.a(tock.o)
 .bss           0x0000000020602b0c        0x0 ../libtock-c/libtock-sync/build/rv32imc/libtocksync.a(screen.o)
 .bss           0x0000000020602b0c        0x0 ../libtock-c/libtock-sync/build/rv32imc/libtocksync.a(screen_syscalls.o)
 .bss           0x0000000020602b0c        0x0 ../libtock-c/u8g2/build/rv32imc/u8g2.a(u8g2_box.o)
 .bss           0x0000000020602b0c        0x0 ../libtock-c/u8g2/build/rv32imc/u8g2.a(u8g2_circle.o)
 .bss           0x0000000020602b0c        0x0 ../libtock-c/u8g2/build/rv32imc/u8g2.a(u8g2_hvline.o)
 .bss           0x0000000020602b0c        0x0 ../libtock-c/u8g2/build/rv32imc/u8g2.a(u8g2_intersection.o)
 .bss           0x0000000020602b0c        0x0 ../libtock-c/u8g2/build/rv32imc/u8g2.a(u8g2_line.o)
 .bss           0x0000000020602b0c        0x0 ../libtock-c/u8g2/build/rv32imc/u8g2.a(u8g2_ll_hvline.o)
 .bss           0x0000000020602b0c        0x0 ../libtock-c/u8g2/build/rv32imc/u8g2.a(u8g2_setup.o)
 .bss           0x0000000020602b0c        0x0 ../libtock-c/u8g2/build/rv32imc/u8g2.a(u8x8_cad.o)
 .bss.buf.6     0x0000000020602b0c       0x10 ../libtock-c/u8g2/build/rv32imc/u8g2.a(u8x8_cad.o)
 .bss           0x0000000020602b1c        0x0 ../libtock-c/u8g2/build/rv32imc/u8g2.a(u8x8_display.o)
 .bss           0x0000000020602b1c        0x0 ../libtock-c/u8g2/build/rv32imc/u8g2.a(u8x8_gpio.o)
 .bss           0x0000000020602b1c        0x0 ../libtock-c/u8g2/build/rv32imc/u8g2.a(u8x8_setup.o)
 .bss           0x0000000020602b1c        0x0 ../libtock-c/u8g2/build/rv32imc/u8g2.a(u8g2_font.o)
 .bss           0x0000000020602b1c        0x0 ../libtock-c/u8g2/build/rv32imc/u8g2.a(u8g2_kerning.o)
 .bss           0x0000000020602b1c        0x0 ../libtock-c/u8g2/build/rv32imc/u8g2.a(u8x8_8x8.o)
 .bss           0x0000000020602b1c        0x0 ../libtock-c/u8g2/build/rv32imc/u8g2.a(u8x8_byte.o)
 .bss           0x0000000020602b1c        0x0 ../libtock-c/lib/libtock-newlib-4.2.0.20211231/riscv/riscv64-unknown-elf/lib/rv32im/ilp32/libc.a(lib_a-calloc.o)
 .bss           0x0000000020602b1c        0x0 ../libtock-c/lib/libtock-newlib-4.2.0.20211231/riscv/riscv64-unknown-elf/lib/rv32im/ilp32/libc.a(lib_a-exit.o)
 .bss           0x0000000020602b1c        0x0 ../libtock-c/lib/libtock-newlib-4.2.0.20211231/riscv/riscv64-unknown-elf/lib/rv32im/ilp32/libc.a(lib_a-impure.o)
 .bss           0x0000000020602b1c        0x0 ../libtock-c/lib/libtock-newlib-4.2.0.20211231/riscv/riscv64-unknown-elf/lib/rv32im/ilp32/libc.a(lib_a-memcpy-asm.o)
 .bss           0x0000000020602b1c        0x0 ../libtock-c/lib/libtock-newlib-4.2.0.20211231/riscv/riscv64-unknown-elf/lib/rv32im/ilp32/libc.a(lib_a-memset.o)
 .bss           0x0000000020602b1c        0x0 ../libtock-c/lib/libtock-newlib-4.2.0.20211231/riscv/riscv64-unknown-elf/lib/rv32im/ilp32/libc.a(lib_a-nano-callocr.o)
 .bss           0x0000000020602b1c        0x0 ../libtock-c/lib/libtock-newlib-4.2.0.20211231/riscv/riscv64-unknown-elf/lib/rv32im/ilp32/libc.a(lib_a-nano-mallocr.o)
 .bss           0x0000000020602b1c        0x0 ../libtock-c/lib/libtock-newlib-4.2.0.20211231/riscv/riscv64-unknown-elf/lib/rv32im/ilp32/libc.a(lib_a-printf.o)
 .bss           0x0000000020602b1c        0x0 ../libtock-c/lib/libtock-newlib-4.2.0.20211231/riscv/riscv64-unknown-elf/lib/rv32im/ilp32/libc.a(lib_a-puts.o)
 .bss           0x0000000020602b1c        0x0 ../libtock-c/lib/libtock-newlib-4.2.0.20211231/riscv/riscv64-unknown-elf/lib/rv32im/ilp32/libc.a(lib_a-sbrkr.o)
 .bss           0x0000000020602b1c        0x0 ../libtock-c/lib/libtock-newlib-4.2.0.20211231/riscv/riscv64-unknown-elf/lib/rv32im/ilp32/libc.a(lib_a-wbuf.o)
 .bss           0x0000000020602b1c        0x0 ../libtock-c/lib/libtock-newlib-4.2.0.20211231/riscv/riscv64-unknown-elf/lib/rv32im/ilp32/libc.a(lib_a-wsetup.o)
 .bss           0x0000000020602b1c        0x0 ../libtock-c/lib/libtock-newlib-4.2.0.20211231/riscv/riscv64-unknown-elf/lib/rv32im/ilp32/libc.a(lib_a-fflush.o)
 .bss           0x0000000020602b1c        0x0 ../libtock-c/lib/libtock-newlib-4.2.0.20211231/riscv/riscv64-unknown-elf/lib/rv32im/ilp32/libc.a(lib_a-findfp.o)
 .bss           0x0000000020602b1c        0x0 ../libtock-c/lib/libtock-newlib-4.2.0.20211231/riscv/riscv64-unknown-elf/lib/rv32im/ilp32/libc.a(lib_a-fwalk.o)
 .bss           0x0000000020602b1c        0x0 ../libtock-c/lib/libtock-newlib-4.2.0.20211231/riscv/riscv64-unknown-elf/lib/rv32im/ilp32/libc.a(lib_a-makebuf.o)
 .bss           0x0000000020602b1c        0x0 ../libtock-c/lib/libtock-newlib-4.2.0.20211231/riscv/riscv64-unknown-elf/lib/rv32im/ilp32/libc.a(lib_a-mlock.o)
 .bss           0x0000000020602b1c        0x0 ../libtock-c/lib/libtock-newlib-4.2.0.20211231/riscv/riscv64-unknown-elf/lib/rv32im/ilp32/libc.a(lib_a-nano-freer.o)
 .bss           0x0000000020602b1c        0x0 ../libtock-c/lib/libtock-newlib-4.2.0.20211231/riscv/riscv64-unknown-elf/lib/rv32im/ilp32/libc.a(lib_a-nano-vfprintf.o)
 .bss           0x0000000020602b1c        0x0 ../libtock-c/lib/libtock-newlib-4.2.0.20211231/riscv/riscv64-unknown-elf/lib/rv32im/ilp32/libc.a(lib_a-nano-vfprintf_i.o)
 .bss           0x0000000020602b1c        0x0 ../libtock-c/lib/libtock-newlib-4.2.0.20211231/riscv/riscv64-unknown-elf/lib/rv32im/ilp32/libc.a(lib_a-reent.o)
 .bss           0x0000000020602b1c        0x0 ../libtock-c/lib/libtock-newlib-4.2.0.20211231/riscv/riscv64-unknown-elf/lib/rv32im/ilp32/libc.a(lib_a-stdio.o)
 .bss           0x0000000020602b1c        0x0 ../libtock-c/lib/libtock-newlib-4.2.0.20211231/riscv/riscv64-unknown-elf/lib/rv32im/ilp32/libc.a(lib_a-writer.o)
 .bss           0x0000000020602b1c        0x0 ../libtock-c/lib/libtock-newlib-4.2.0.20211231/riscv/riscv64-unknown-elf/lib/rv32im/ilp32/libc.a(lib_a-closer.o)
 .bss           0x0000000020602b1c        0x0 ../libtock-c/lib/libtock-newlib-4.2.0.20211231/riscv/riscv64-unknown-elf/lib/rv32im/ilp32/libc.a(lib_a-fstatr.o)
 .bss           0x0000000020602b1c        0x0 ../libtock-c/lib/libtock-newlib-4.2.0.20211231/riscv/riscv64-unknown-elf/lib/rv32im/ilp32/libc.a(lib_a-fvwrite.o)
 .bss           0x0000000020602b1c        0x0 ../libtock-c/lib/libtock-newlib-4.2.0.20211231/riscv/riscv64-unknown-elf/lib/rv32im/ilp32/libc.a(lib_a-isattyr.o)
 .bss           0x0000000020602b1c        0x0 ../libtock-c/lib/libtock-newlib-4.2.0.20211231/riscv/riscv64-unknown-elf/lib/rv32im/ilp32/libc.a(lib_a-lseekr.o)
 .bss           0x0000000020602b1c        0x0 ../libtock-c/lib/libtock-newlib-4.2.0.20211231/riscv/riscv64-unknown-elf/lib/rv32im/ilp32/libc.a(lib_a-memchr.o)
 .bss           0x0000000020602b1c        0x0 ../libtock-c/lib/libtock-newlib-4.2.0.20211231/riscv/riscv64-unknown-elf/lib/rv32im/ilp32/libc.a(lib_a-memmove.o)
 .bss           0x0000000020602b1c        0x0 ../libtock-c/lib/libtock-newlib-4.2.0.20211231/riscv/riscv64-unknown-elf/lib/rv32im/ilp32/libc.a(lib_a-nano-reallocr.o)
 .bss           0x0000000020602b1c        0x0 ../libtock-c/lib/libtock-newlib-4.2.0.20211231/riscv/riscv64-unknown-elf/lib/rv32im/ilp32/libc.a(lib_a-readr.o)
 .bss           0x0000000020602b1c        0x0 ../libtock-c/lib/libtock-newlib-4.2.0.20211231/riscv/riscv64-unknown-elf/lib/rv32im/ilp32/libc.a(lib_a-nano-msizer.o)
 .bss           0x0000000020602b1c        0x0 ../libtock-c/libtock/build/rv32imc/libtock.a(sys.o)
 .bss           0x0000000020602b1c        0x0 ../libtock-c/libtock/build/rv32imc/libtock.a(screen.o)
 .bss           0x0000000020602b1c        0x0 ../libtock-c/libtock/build/rv32imc/libtock.a(screen_syscalls.o)
 .bss           0x0000000020602b1c        0x0 ../libtock-c/libtock-sync/build/rv32imc/libtocksync.a(sys.o)
 .bss           0x0000000020602b1c        0x0 ../libtock-c/libtock-sync/build/rv32imc/libtocksync.a(console.o)
 .bss.result    0x0000000020602b1c        0xc ../libtock-c/libtock-sync/build/rv32imc/libtocksync.a(console.o)
 .bss           0x0000000020602b28        0x0 ../libtock-c/lib/libtock-newlib-4.2.0.20211231/riscv/riscv64-unknown-elf/lib/rv32im/ilp32/libc.a(lib_a-errno.o)
 .bss           0x0000000020602b28        0x0 ../libtock-c/libtock/build/rv32imc/libtock.a(console.o)
 .bss           0x0000000020602b28        0x0 ../libtock-c/libtock/build/rv32imc/libtock.a(console_syscalls.o)
 *(.sbss*)
 .sbss.buf.0    0x0000000020602b28        0x8 ../libtock-c/u8g2/build/rv32imc/u8g2.a(u8g2_setup.o)
 .sbss.in_transfer.1
                0x0000000020602b30        0x1 ../libtock-c/u8g2/build/rv32imc/u8g2.a(u8x8_cad.o)
 .sbss.in_transfer.3
                0x0000000020602b31        0x1 ../libtock-c/u8g2/build/rv32imc/u8g2.a(u8x8_cad.o)
 .sbss.in_transfer.4
                0x0000000020602b32        0x1 ../libtock-c/u8g2/build/rv32imc/u8g2.a(u8x8_cad.o)
 .sbss.in_transfer.5
                0x0000000020602b33        0x1 ../libtock-c/u8g2/build/rv32imc/u8g2.a(u8x8_cad.o)
 .sbss.is_data.0
                0x0000000020602b34        0x1 ../libtock-c/u8g2/build/rv32imc/u8g2.a(u8x8_cad.o)
 .sbss.enable_pin.0
                0x0000000020602b35        0x1 ../libtock-c/u8g2/build/rv32imc/u8g2.a(u8x8_byte.o)
 .sbss.last_dc.1
                0x0000000020602b36        0x1 ../libtock-c/u8g2/build/rv32imc/u8g2.a(u8x8_byte.o)
 *fill*         0x0000000020602b37        0x1 
 .sbss.__malloc_free_list
                0x0000000020602b38        0x4 ../libtock-c/lib/libtock-newlib-4.2.0.20211231/riscv/riscv64-unknown-elf/lib/rv32im/ilp32/libc.a(lib_a-nano-mallocr.o)
                0x0000000020602b38                __malloc_free_list
 .sbss.__malloc_sbrk_start
                0x0000000020602b3c        0x4 ../libtock-c/lib/libtock-newlib-4.2.0.20211231/riscv/riscv64-unknown-elf/lib/rv32im/ilp32/libc.a(lib_a-nano-mallocr.o)
                0x0000000020602b3c                __malloc_sbrk_start
 .sbss.errno    0x0000000020602b40        0x4 ../libtock-c/lib/libtock-newlib-4.2.0.20211231/riscv/riscv64-unknown-elf/lib/rv32im/ilp32/libc.a(lib_a-reent.o)
                0x0000000020602b40                errno
 .sbss.__dso_handle
                0x0000000020602b44        0x4 ../libtock-c/libtock/build/rv32imc/libtock.a(sys.o)
                0x0000000020602b44                __dso_handle
 *(COMMON)
                0x0000000020602b48                . = ALIGN (0x4)

.endflash       0x0000000020302d1c        0x0
                [!provide]                        PROVIDE (__exidx_start = .)

.ARM.exidx
 *(.ARM.exidx* .gnu.linkonce.armexidx.*)
                [!provide]                        PROVIDE (__exidx_end = .)
                0x0000000000000001                ASSERT ((_got <= _bss), 
The GOT section must be before the BSS section for crt0 setup to be correct.)
                0x0000000000000001                ASSERT ((_data <= _bss), 
The data section must be before the BSS section for crt0 setup to be correct.)
OUTPUT(build/rv32imc/rv32imc.0x20300080.0x20602000.elf elf32-littleriscv)

.GCC.command.line
                0x0000000000000000     0x2975
 .GCC.command.line
                0x0000000000000000      0x444 build/rv32imc/display.o
                                        0x44e (size before relaxing)
 .GCC.command.line
                0x0000000000000444       0x2b build/rv32imc/game.o
                                        0x448 (size before relaxing)
 .GCC.command.line
                0x000000000000046f       0x2d build/rv32imc/input.o
                                        0x44a (size before relaxing)
 .GCC.command.line
                0x000000000000049c       0x2b build/rv32imc/main.o
                                        0x448 (size before relaxing)
 .GCC.command.line
                0x00000000000004c7       0x35 build/rv32imc/u8g2-tock.o
                                        0x452 (size before relaxing)
 .GCC.command.line
                0x00000000000004fc      0x9bb ../libtock-c/libtock/build/rv32imc/libtock.a(crt0.o)
                                        0xdd8 (size before relaxing)
 .GCC.command.line
                0x0000000000000eb7       0x7d ../libtock-c/libtock/build/rv32imc/libtock.a(button.o)
                                        0xdf0 (size before relaxing)
 .GCC.command.line
                0x0000000000000f34       0xa1 ../libtock-c/libtock/build/rv32imc/libtock.a(button_syscalls.o)
                                        0xe14 (size before relaxing)
 .GCC.command.line
                0x0000000000000fd5       0x65 ../libtock-c/libtock/build/rv32imc/libtock.a(tock.o)
                                        0xdd8 (size before relaxing)
 .GCC.command.line
                0x000000000000103a      0x8ba ../libtock-c/libtock-sync/build/rv32imc/libtocksync.a(screen.o)
                                        0xcd7 (size before relaxing)
 .GCC.command.line
                0x00000000000018f4       0xb0 ../libtock-c/libtock-sync/build/rv32imc/libtocksync.a(screen_syscalls.o)
                                        0xcfb (size before relaxing)
 .GCC.command.line
                0x00000000000019a4      0x21a ../libtock-c/u8g2/build/rv32imc/u8g2.a(u8g2_box.o)
                                        0x4a8 (size before relaxing)
 .GCC.command.line
                0x0000000000001bbe       0xb9 ../libtock-c/u8g2/build/rv32imc/u8g2.a(u8g2_circle.o)
                                        0x4ae (size before relaxing)
 .GCC.command.line
                0x0000000000001c77       0xb9 ../libtock-c/u8g2/build/rv32imc/u8g2.a(u8g2_hvline.o)
                                        0x4ae (size before relaxing)
 .GCC.command.line
                0x0000000000001d30       0xc5 ../libtock-c/u8g2/build/rv32imc/u8g2.a(u8g2_intersection.o)
                                        0x4ba (size before relaxing)
 .GCC.command.line
                0x0000000000001df5       0xb5 ../libtock-c/u8g2/build/rv32imc/u8g2.a(u8g2_line.o)
                                        0x4aa (size before relaxing)
 .GCC.command.line
                0x0000000000001eaa       0xbf ../libtock-c/u8g2/build/rv32imc/u8g2.a(u8g2_ll_hvline.o)
                                        0x4b4 (size before relaxing)
 .GCC.command.line
                0x0000000000001f69       0xb7 ../libtock-c/u8g2/build/rv32imc/u8g2.a(u8g2_setup.o)
                                        0x4ac (size before relaxing)
 .GCC.command.line
                0x0000000000002020       0xb3 ../libtock-c/u8g2/build/rv32imc/u8g2.a(u8x8_cad.o)
                                        0x4a8 (size before relaxing)
 .GCC.command.line
                0x00000000000020d3       0xbb ../libtock-c/u8g2/build/rv32imc/u8g2.a(u8x8_display.o)
                                        0x4b0 (size before relaxing)
 .GCC.command.line
                0x000000000000218e       0xb5 ../libtock-c/u8g2/build/rv32imc/u8g2.a(u8x8_gpio.o)
                                        0x4aa (size before relaxing)
 .GCC.command.line
                0x0000000000002243       0xb7 ../libtock-c/u8g2/build/rv32imc/u8g2.a(u8x8_setup.o)
                                        0x4ac (size before relaxing)
 .GCC.command.line
                0x00000000000022fa       0xb5 ../libtock-c/u8g2/build/rv32imc/u8g2.a(u8g2_font.o)
                                        0x4aa (size before relaxing)
 .GCC.command.line
                0x00000000000023af       0xbb ../libtock-c/u8g2/build/rv32imc/u8g2.a(u8g2_kerning.o)
                                        0x4b0 (size before relaxing)
 .GCC.command.line
                0x000000000000246a       0xb3 ../libtock-c/u8g2/build/rv32imc/u8g2.a(u8x8_8x8.o)
                                        0x4a8 (size before relaxing)
 .GCC.command.line
                0x000000000000251d       0xb5 ../libtock-c/u8g2/build/rv32imc/u8g2.a(u8x8_byte.o)
                                        0x4aa (size before relaxing)
 .GCC.command.line
                0x00000000000025d2       0x63 ../libtock-c/libtock/build/rv32imc/libtock.a(sys.o)
                                        0xdd6 (size before relaxing)
 .GCC.command.line
                0x0000000000002635       0x79 ../libtock-c/libtock/build/rv32imc/libtock.a(screen.o)
                                        0xdec (size before relaxing)
 .GCC.command.line
                0x00000000000026ae       0x9d ../libtock-c/libtock/build/rv32imc/libtock.a(screen_syscalls.o)
                                        0xe10 (size before relaxing)
 .GCC.command.line
                0x000000000000274b       0x76 ../libtock-c/libtock-sync/build/rv32imc/libtocksync.a(sys.o)
                                        0xcc1 (size before relaxing)
 .GCC.command.line
                0x00000000000027c1       0x92 ../libtock-c/libtock-sync/build/rv32imc/libtocksync.a(console.o)
                                        0xcdd (size before relaxing)
 .GCC.command.line
                0x0000000000002853       0x7f ../libtock-c/libtock/build/rv32imc/libtock.a(console.o)
                                        0xdf2 (size before relaxing)
 .GCC.command.line
                0x00000000000028d2       0xa3 ../libtock-c/libtock/build/rv32imc/libtock.a(console_syscalls.o)
                                        0xe16 (size before relaxing)

.comment        0x0000000000000000        0xf
 .comment       0x0000000000000000        0xf build/rv32imc/display.o
                                         0x10 (size before relaxing)
 .comment       0x000000000000000f       0x10 build/rv32imc/game.o
 .comment       0x000000000000000f       0x10 build/rv32imc/input.o
 .comment       0x000000000000000f       0x10 build/rv32imc/main.o
 .comment       0x000000000000000f       0x10 build/rv32imc/u8g2-tock.o
 .comment       0x000000000000000f       0x10 ../libtock-c/libtock/build/rv32imc/libtock.a(crt0.o)
 .comment       0x000000000000000f       0x10 ../libtock-c/libtock/build/rv32imc/libtock.a(button.o)
 .comment       0x000000000000000f       0x10 ../libtock-c/libtock/build/rv32imc/libtock.a(button_syscalls.o)
 .comment       0x000000000000000f       0x10 ../libtock-c/libtock/build/rv32imc/libtock.a(tock.o)
 .comment       0x000000000000000f       0x10 ../libtock-c/libtock-sync/build/rv32imc/libtocksync.a(screen.o)
 .comment       0x000000000000000f       0x10 ../libtock-c/libtock-sync/build/rv32imc/libtocksync.a(screen_syscalls.o)
 .comment       0x000000000000000f       0x10 ../libtock-c/u8g2/build/rv32imc/u8g2.a(u8g2_box.o)
 .comment       0x000000000000000f       0x10 ../libtock-c/u8g2/build/rv32imc/u8g2.a(u8g2_circle.o)
 .comment       0x000000000000000f       0x10 ../libtock-c/u8g2/build/rv32imc/u8g2.a(u8g2_hvline.o)
 .comment       0x000000000000000f       0x10 ../libtock-c/u8g2/build/rv32imc/u8g2.a(u8g2_intersection.o)
 .comment       0x000000000000000f       0x10 ../libtock-c/u8g2/build/rv32imc/u8g2.a(u8g2_line.o)
 .comment       0x000000000000000f       0x10 ../libtock-c/u8g2/build/rv32imc/u8g2.a(u8g2_ll_hvline.o)
 .comment       0x000000000000000f       0x10 ../libtock-c/u8g2/build/rv32imc/u8g2.a(u8g2_setup.o)
 .comment       0x000000000000000f       0x10 ../libtock-c/u8g2/build/rv32imc/u8g2.a(u8x8_cad.o)
 .comment       0x000000000000000f       0x10 ../libtock-c/u8g2/build/rv32imc/u8g2.a(u8x8_display.o)
 .comment       0x000000000000000f       0x10 ../libtock-c/u8g2/build/rv32imc/u8g2.a(u8x8_gpio.o)
 .comment       0x000000000000000f       0x10 ../libtock-c/u8g2/build/rv32imc/u8g2.a(u8x8_setup.o)
 .comment       0x000000000000000f       0x10 ../libtock-c/u8g2/build/rv32imc/u8g2.a(u8g2_font.o)
 .comment       0x000000000000000f       0x10 ../libtock-c/u8g2/build/rv32imc/u8g2.a(u8g2_kerning.o)
 .comment       0x000000000000000f       0x10 ../libtock-c/u8g2/build/rv32imc/u8g2.a(u8x8_8x8.o)
 .comment       0x000000000000000f       0x10 ../libtock-c/u8g2/build/rv32imc/u8g2.a(u8x8_byte.o)
 .comment       0x000000000000000f       0x10 ../libtock-c/lib/libtock-newlib-4.2.0.20211231/riscv/riscv64-unknown-elf/lib/rv32im/ilp32/libc.a(lib_a-calloc.o)
 .comment       0x000000000000000f       0x10 ../libtock-c/lib/libtock-newlib-4.2.0.20211231/riscv/riscv64-unknown-elf/lib/rv32im/ilp32/libc.a(lib_a-exit.o)
 .comment       0x000000000000000f       0x10 ../libtock-c/lib/libtock-newlib-4.2.0.20211231/riscv/riscv64-unknown-elf/lib/rv32im/ilp32/libc.a(lib_a-impure.o)
 .comment       0x000000000000000f       0x10 ../libtock-c/lib/libtock-newlib-4.2.0.20211231/riscv/riscv64-unknown-elf/lib/rv32im/ilp32/libc.a(lib_a-nano-callocr.o)
 .comment       0x000000000000000f       0x10 ../libtock-c/lib/libtock-newlib-4.2.0.20211231/riscv/riscv64-unknown-elf/lib/rv32im/ilp32/libc.a(lib_a-nano-mallocr.o)
 .comment       0x000000000000000f       0x10 ../libtock-c/lib/libtock-newlib-4.2.0.20211231/riscv/riscv64-unknown-elf/lib/rv32im/ilp32/libc.a(lib_a-printf.o)
 .comment       0x000000000000000f       0x10 ../libtock-c/lib/libtock-newlib-4.2.0.20211231/riscv/riscv64-unknown-elf/lib/rv32im/ilp32/libc.a(lib_a-puts.o)
 .comment       0x000000000000000f       0x10 ../libtock-c/lib/libtock-newlib-4.2.0.20211231/riscv/riscv64-unknown-elf/lib/rv32im/ilp32/libc.a(lib_a-sbrkr.o)
 .comment       0x000000000000000f       0x10 ../libtock-c/lib/libtock-newlib-4.2.0.20211231/riscv/riscv64-unknown-elf/lib/rv32im/ilp32/libc.a(lib_a-wbuf.o)
 .comment       0x000000000000000f       0x10 ../libtock-c/lib/libtock-newlib-4.2.0.20211231/riscv/riscv64-unknown-elf/lib/rv32im/ilp32/libc.a(lib_a-wsetup.o)
 .comment       0x000000000000000f       0x10 ../libtock-c/lib/libtock-newlib-4.2.0.20211231/riscv/riscv64-unknown-elf/lib/rv32im/ilp32/libc.a(lib_a-fflush.o)
 .comment       0x000000000000000f       0x10 ../libtock-c/lib/libtock-newlib-4.2.0.20211231/riscv/riscv64-unknown-elf/lib/rv32im/ilp32/libc.a(lib_a-findfp.o)
 .comment       0x000000000000000f       0x10 ../libtock-c/lib/libtock-newlib-4.2.0.20211231/riscv/riscv64-unknown-elf/lib/rv32im/ilp32/libc.a(lib_a-fwalk.o)
 .comment       0x000000000000000f       0x10 ../libtock-c/lib/libtock-newlib-4.2.0.20211231/riscv/riscv64-unknown-elf/lib/rv32im/ilp32/libc.a(lib_a-makebuf.o)
 .comment       0x000000000000000f       0x10 ../libtock-c/lib/libtock-newlib-4.2.0.20211231/riscv/riscv64-unknown-elf/lib/rv32im/ilp32/libc.a(lib_a-mlock.o)
 .comment       0x000000000000000f       0x10 ../libtock-c/lib/libtock-newlib-4.2.0.20211231/riscv/riscv64-unknown-elf/lib/rv32im/ilp32/libc.a(lib_a-nano-freer.o)
 .comment       0x000000000000000f       0x10 ../libtock-c/lib/libtock-newlib-4.2.0.20211231/riscv/riscv64-unknown-elf/lib/rv32im/ilp32/libc.a(lib_a-nano-vfprintf.o)
 .comment       0x000000000000000f       0x10 ../libtock-c/lib/libtock-newlib-4.2.0.20211231/riscv/riscv64-unknown-elf/lib/rv32im/ilp32/libc.a(lib_a-nano-vfprintf_i.o)
 .comment       0x000000000000000f       0x10 ../libtock-c/lib/libtock-newlib-4.2.0.20211231/riscv/riscv64-unknown-elf/lib/rv32im/ilp32/libc.a(lib_a-reent.o)
 .comment       0x000000000000000f       0x10 ../libtock-c/lib/libtock-newlib-4.2.0.20211231/riscv/riscv64-unknown-elf/lib/rv32im/ilp32/libc.a(lib_a-stdio.o)
 .comment       0x000000000000000f       0x10 ../libtock-c/lib/libtock-newlib-4.2.0.20211231/riscv/riscv64-unknown-elf/lib/rv32im/ilp32/libc.a(lib_a-writer.o)
 .comment       0x000000000000000f       0x10 ../libtock-c/lib/libtock-newlib-4.2.0.20211231/riscv/riscv64-unknown-elf/lib/rv32im/ilp32/libc.a(lib_a-closer.o)
 .comment       0x000000000000000f       0x10 ../libtock-c/lib/libtock-newlib-4.2.0.20211231/riscv/riscv64-unknown-elf/lib/rv32im/ilp32/libc.a(lib_a-fstatr.o)
 .comment       0x000000000000000f       0x10 ../libtock-c/lib/libtock-newlib-4.2.0.20211231/riscv/riscv64-unknown-elf/lib/rv32im/ilp32/libc.a(lib_a-fvwrite.o)
 .comment       0x000000000000000f       0x10 ../libtock-c/lib/libtock-newlib-4.2.0.20211231/riscv/riscv64-unknown-elf/lib/rv32im/ilp32/libc.a(lib_a-isattyr.o)
 .comment       0x000000000000000f       0x10 ../libtock-c/lib/libtock-newlib-4.2.0.20211231/riscv/riscv64-unknown-elf/lib/rv32im/ilp32/libc.a(lib_a-lseekr.o)
 .comment       0x000000000000000f       0x10 ../libtock-c/lib/libtock-newlib-4.2.0.20211231/riscv/riscv64-unknown-elf/lib/rv32im/ilp32/libc.a(lib_a-memchr.o)
 .comment       0x000000000000000f       0x10 ../libtock-c/lib/libtock-newlib-4.2.0.20211231/riscv/riscv64-unknown-elf/lib/rv32im/ilp32/libc.a(lib_a-nano-reallocr.o)
 .comment       0x000000000000000f       0x10 ../libtock-c/lib/libtock-newlib-4.2.0.20211231/riscv/riscv64-unknown-elf/lib/rv32im/ilp32/libc.a(lib_a-readr.o)
 .comment       0x000000000000000f       0x10 ../libtock-c/lib/libtock-newlib-4.2.0.20211231/riscv/riscv64-unknown-elf/lib/rv32im/ilp32/libc.a(lib_a-nano-msizer.o)
 .comment       0x000000000000000f       0x10 ../libtock-c/libtock/build/rv32imc/libtock.a(sys.o)
 .comment       0x000000000000000f       0x10 ../libtock-c/libtock/build/rv32imc/libtock.a(screen.o)
 .comment       0x000000000000000f       0x10 ../libtock-c/libtock/build/rv32imc/libtock.a(screen_syscalls.o)
 .comment       0x000000000000000f       0x10 ../libtock-c/libtock-sync/build/rv32imc/libtocksync.a(sys.o)
 .comment       0x000000000000000f       0x10 ../libtock-c/libtock-sync/build/rv32imc/libtocksync.a(console.o)
 .comment       0x000000000000000f       0x10 ../libtock-c/lib/libtock-newlib-4.2.0.20211231/riscv/riscv64-unknown-elf/lib/rv32im/ilp32/libc.a(lib_a-errno.o)
 .comment       0x000000000000000f       0x10 ../libtock-c/libtock/build/rv32imc/libtock.a(console.o)
 .comment       0x000000000000000f       0x10 ../libtock-c/libtock/build/rv32imc/libtock.a(console_syscalls.o)

.riscv.attributes
                0x0000000000000000       0x26
 .riscv.attributes
                0x0000000000000000       0x26 build/rv32imc/display.o
 .riscv.attributes
                0x0000000000000026       0x26 build/rv32imc/game.o
 .riscv.attributes
                0x000000000000004c       0x26 build/rv32imc/input.o
 .riscv.attributes
                0x0000000000000072       0x26 build/rv32imc/main.o
 .riscv.attributes
                0x0000000000000098       0x26 build/rv32imc/u8g2-tock.o
 .riscv.attributes
                0x00000000000000be       0x26 ../libtock-c/libtock/build/rv32imc/libtock.a(crt0.o)
 .riscv.attributes
                0x00000000000000e4       0x26 ../libtock-c/libtock/build/rv32imc/libtock.a(button.o)
 .riscv.attributes
                0x000000000000010a       0x26 ../libtock-c/libtock/build/rv32imc/libtock.a(button_syscalls.o)
 .riscv.attributes
                0x0000000000000130       0x26 ../libtock-c/libtock/build/rv32imc/libtock.a(tock.o)
 .riscv.attributes
                0x0000000000000156       0x26 ../libtock-c/libtock-sync/build/rv32imc/libtocksync.a(screen.o)
 .riscv.attributes
                0x000000000000017c       0x26 ../libtock-c/libtock-sync/build/rv32imc/libtocksync.a(screen_syscalls.o)
 .riscv.attributes
                0x00000000000001a2       0x26 ../libtock-c/u8g2/build/rv32imc/u8g2.a(u8g2_box.o)
 .riscv.attributes
                0x00000000000001c8       0x26 ../libtock-c/u8g2/build/rv32imc/u8g2.a(u8g2_circle.o)
 .riscv.attributes
                0x00000000000001ee       0x26 ../libtock-c/u8g2/build/rv32imc/u8g2.a(u8g2_hvline.o)
 .riscv.attributes
                0x0000000000000214       0x26 ../libtock-c/u8g2/build/rv32imc/u8g2.a(u8g2_intersection.o)
 .riscv.attributes
                0x000000000000023a       0x26 ../libtock-c/u8g2/build/rv32imc/u8g2.a(u8g2_line.o)
 .riscv.attributes
                0x0000000000000260       0x26 ../libtock-c/u8g2/build/rv32imc/u8g2.a(u8g2_ll_hvline.o)
 .riscv.attributes
                0x0000000000000286       0x26 ../libtock-c/u8g2/build/rv32imc/u8g2.a(u8g2_setup.o)
 .riscv.attributes
                0x00000000000002ac       0x26 ../libtock-c/u8g2/build/rv32imc/u8g2.a(u8x8_cad.o)
 .riscv.attributes
                0x00000000000002d2       0x26 ../libtock-c/u8g2/build/rv32imc/u8g2.a(u8x8_display.o)
 .riscv.attributes
                0x00000000000002f8       0x26 ../libtock-c/u8g2/build/rv32imc/u8g2.a(u8x8_gpio.o)
 .riscv.attributes
                0x000000000000031e       0x26 ../libtock-c/u8g2/build/rv32imc/u8g2.a(u8x8_setup.o)
 .riscv.attributes
                0x0000000000000344       0x26 ../libtock-c/u8g2/build/rv32imc/u8g2.a(u8g2_font.o)
 .riscv.attributes
                0x000000000000036a       0x26 ../libtock-c/u8g2/build/rv32imc/u8g2.a(u8g2_kerning.o)
 .riscv.attributes
                0x0000000000000390       0x26 ../libtock-c/u8g2/build/rv32imc/u8g2.a(u8x8_8x8.o)
 .riscv.attributes
                0x00000000000003b6       0x26 ../libtock-c/u8g2/build/rv32imc/u8g2.a(u8x8_byte.o)
 .riscv.attributes
                0x00000000000003dc       0x21 ../libtock-c/lib/libtock-newlib-4.2.0.20211231/riscv/riscv64-unknown-elf/lib/rv32im/ilp32/libc.a(lib_a-calloc.o)
 .riscv.attributes
                0x00000000000003fd       0x21 ../libtock-c/lib/libtock-newlib-4.2.0.20211231/riscv/riscv64-unknown-elf/lib/rv32im/ilp32/libc.a(lib_a-exit.o)
 .riscv.attributes
                0x000000000000041e       0x21 ../libtock-c/lib/libtock-newlib-4.2.0.20211231/riscv/riscv64-unknown-elf/lib/rv32im/ilp32/libc.a(lib_a-impure.o)
 .riscv.attributes
                0x000000000000043f       0x1f ../libtock-c/lib/libtock-newlib-4.2.0.20211231/riscv/riscv64-unknown-elf/lib/rv32im/ilp32/libc.a(lib_a-memcpy-asm.o)
 .riscv.attributes
                0x000000000000045e       0x1f ../libtock-c/lib/libtock-newlib-4.2.0.20211231/riscv/riscv64-unknown-elf/lib/rv32im/ilp32/libc.a(lib_a-memset.o)
 .riscv.attributes
                0x000000000000047d       0x21 ../libtock-c/lib/libtock-newlib-4.2.0.20211231/riscv/riscv64-unknown-elf/lib/rv32im/ilp32/libc.a(lib_a-nano-callocr.o)
 .riscv.attributes
                0x000000000000049e       0x21 ../libtock-c/lib/libtock-newlib-4.2.0.20211231/riscv/riscv64-unknown-elf/lib/rv32im/ilp32/libc.a(lib_a-nano-mallocr.o)
 .riscv.attributes
                0x00000000000004bf       0x21 ../libtock-c/lib/libtock-newlib-4.2.0.20211231/riscv/riscv64-unknown-elf/lib/rv32im/ilp32/libc.a(lib_a-printf.o)
 .riscv.attributes
                0x00000000000004e0       0x21 ../libtock-c/lib/libtock-newlib-4.2.0.20211231/riscv/riscv64-unknown-elf/lib/rv32im/ilp32/libc.a(lib_a-puts.o)
 .riscv.attributes
                0x0000000000000501       0x21 ../libtock-c/lib/libtock-newlib-4.2.0.20211231/riscv/riscv64-unknown-elf/lib/rv32im/ilp32/libc.a(lib_a-sbrkr.o)
 .riscv.attributes
                0x0000000000000522       0x21 ../libtock-c/lib/libtock-newlib-4.2.0.20211231/riscv/riscv64-unknown-elf/lib/rv32im/ilp32/libc.a(lib_a-wbuf.o)
 .riscv.attributes
                0x0000000000000543       0x21 ../libtock-c/lib/libtock-newlib-4.2.0.20211231/riscv/riscv64-unknown-elf/lib/rv32im/ilp32/libc.a(lib_a-wsetup.o)
 .riscv.attributes
                0x0000000000000564       0x21 ../libtock-c/lib/libtock-newlib-4.2.0.20211231/riscv/riscv64-unknown-elf/lib/rv32im/ilp32/libc.a(lib_a-fflush.o)
 .riscv.attributes
                0x0000000000000585       0x21 ../libtock-c/lib/libtock-newlib-4.2.0.20211231/riscv/riscv64-unknown-elf/lib/rv32im/ilp32/libc.a(lib_a-findfp.o)
 .riscv.attributes
                0x00000000000005a6       0x21 ../libtock-c/lib/libtock-newlib-4.2.0.20211231/riscv/riscv64-unknown-elf/lib/rv32im/ilp32/libc.a(lib_a-fwalk.o)
 .riscv.attributes
                0x00000000000005c7       0x21 ../libtock-c/lib/libtock-newlib-4.2.0.20211231/riscv/riscv64-unknown-elf/lib/rv32im/ilp32/libc.a(lib_a-makebuf.o)
 .riscv.attributes
                0x00000000000005e8       0x21 ../libtock-c/lib/libtock-newlib-4.2.0.20211231/riscv/riscv64-unknown-elf/lib/rv32im/ilp32/libc.a(lib_a-mlock.o)
 .riscv.attributes
                0x0000000000000609       0x21 ../libtock-c/lib/libtock-newlib-4.2.0.20211231/riscv/riscv64-unknown-elf/lib/rv32im/ilp32/libc.a(lib_a-nano-freer.o)
 .riscv.attributes
                0x000000000000062a       0x21 ../libtock-c/lib/libtock-newlib-4.2.0.20211231/riscv/riscv64-unknown-elf/lib/rv32im/ilp32/libc.a(lib_a-nano-vfprintf.o)
 .riscv.attributes
                0x000000000000064b       0x21 ../libtock-c/lib/libtock-newlib-4.2.0.20211231/riscv/riscv64-unknown-elf/lib/rv32im/ilp32/libc.a(lib_a-nano-vfprintf_i.o)
 .riscv.attributes
                0x000000000000066c       0x21 ../libtock-c/lib/libtock-newlib-4.2.0.20211231/riscv/riscv64-unknown-elf/lib/rv32im/ilp32/libc.a(lib_a-reent.o)
 .riscv.attributes
                0x000000000000068d       0x21 ../libtock-c/lib/libtock-newlib-4.2.0.20211231/riscv/riscv64-unknown-elf/lib/rv32im/ilp32/libc.a(lib_a-stdio.o)
 .riscv.attributes
                0x00000000000006ae       0x21 ../libtock-c/lib/libtock-newlib-4.2.0.20211231/riscv/riscv64-unknown-elf/lib/rv32im/ilp32/libc.a(lib_a-writer.o)
 .riscv.attributes
                0x00000000000006cf       0x21 ../libtock-c/lib/libtock-newlib-4.2.0.20211231/riscv/riscv64-unknown-elf/lib/rv32im/ilp32/libc.a(lib_a-closer.o)
 .riscv.attributes
                0x00000000000006f0       0x21 ../libtock-c/lib/libtock-newlib-4.2.0.20211231/riscv/riscv64-unknown-elf/lib/rv32im/ilp32/libc.a(lib_a-fstatr.o)
 .riscv.attributes
                0x0000000000000711       0x21 ../libtock-c/lib/libtock-newlib-4.2.0.20211231/riscv/riscv64-unknown-elf/lib/rv32im/ilp32/libc.a(lib_a-fvwrite.o)
 .riscv.attributes
                0x0000000000000732       0x21 ../libtock-c/lib/libtock-newlib-4.2.0.20211231/riscv/riscv64-unknown-elf/lib/rv32im/ilp32/libc.a(lib_a-isattyr.o)
 .riscv.attributes
                0x0000000000000753       0x21 ../libtock-c/lib/libtock-newlib-4.2.0.20211231/riscv/riscv64-unknown-elf/lib/rv32im/ilp32/libc.a(lib_a-lseekr.o)
 .riscv.attributes
                0x0000000000000774       0x21 ../libtock-c/lib/libtock-newlib-4.2.0.20211231/riscv/riscv64-unknown-elf/lib/rv32im/ilp32/libc.a(lib_a-memchr.o)
 .riscv.attributes
                0x0000000000000795       0x1f ../libtock-c/lib/libtock-newlib-4.2.0.20211231/riscv/riscv64-unknown-elf/lib/rv32im/ilp32/libc.a(lib_a-memmove.o)
 .riscv.attributes
                0x00000000000007b4       0x21 ../libtock-c/lib/libtock-newlib-4.2.0.20211231/riscv/riscv64-unknown-elf/lib/rv32im/ilp32/libc.a(lib_a-nano-reallocr.o)
 .riscv.attributes
                0x00000000000007d5       0x21 ../libtock-c/lib/libtock-newlib-4.2.0.20211231/riscv/riscv64-unknown-elf/lib/rv32im/ilp32/libc.a(lib_a-readr.o)
 .riscv.attributes
                0x00000000000007f6       0x21 ../libtock-c/lib/libtock-newlib-4.2.0.20211231/riscv/riscv64-unknown-elf/lib/rv32im/ilp32/libc.a(lib_a-nano-msizer.o)
 .riscv.attributes
                0x0000000000000817       0x26 ../libtock-c/libtock/build/rv32imc/libtock.a(sys.o)
 .riscv.attributes
                0x000000000000083d       0x26 ../libtock-c/libtock/build/rv32imc/libtock.a(screen.o)
 .riscv.attributes
                0x0000000000000863       0x26 ../libtock-c/libtock/build/rv32imc/libtock.a(screen_syscalls.o)
 .riscv.attributes
                0x0000000000000889       0x26 ../libtock-c/libtock-sync/build/rv32imc/libtocksync.a(sys.o)
 .riscv.attributes
                0x00000000000008af       0x26 ../libtock-c/libtock-sync/build/rv32imc/libtocksync.a(console.o)
 .riscv.attributes
                0x00000000000008d5       0x21 ../libtock-c/lib/libtock-newlib-4.2.0.20211231/riscv/riscv64-unknown-elf/lib/rv32im/ilp32/libc.a(lib_a-errno.o)
 .riscv.attributes
                0x00000000000008f6       0x26 ../libtock-c/libtock/build/rv32imc/libtock.a(console.o)
 .riscv.attributes
                0x000000000000091c       0x26 ../libtock-c/libtock/build/rv32imc/libtock.a(console_syscalls.o)

.debug_info     0x0000000000000000    0x2af6a
 .debug_info    0x0000000000000000     0x101f build/rv32imc/display.o
 .debug_info    0x000000000000101f      0x525 build/rv32imc/game.o
 .debug_info    0x0000000000001544      0x1bf build/rv32imc/input.o
 .debug_info    0x0000000000001703      0xdc8 build/rv32imc/main.o
 .debug_info    0x00000000000024cb      0xe7e build/rv32imc/u8g2-tock.o
 .debug_info    0x0000000000003349      0x5a2 ../libtock-c/libtock/build/rv32imc/libtock.a(crt0.o)
 .debug_info    0x00000000000038eb      0x334 ../libtock-c/libtock/build/rv32imc/libtock.a(button.o)
 .debug_info    0x0000000000003c1f      0x663 ../libtock-c/libtock/build/rv32imc/libtock.a(button_syscalls.o)
 .debug_info    0x0000000000004282     0x145a ../libtock-c/libtock/build/rv32imc/libtock.a(tock.o)
 .debug_info    0x00000000000056dc      0xa99 ../libtock-c/libtock-sync/build/rv32imc/libtocksync.a(screen.o)
 .debug_info    0x0000000000006175      0x3bf ../libtock-c/libtock-sync/build/rv32imc/libtocksync.a(screen_syscalls.o)
 .debug_info    0x0000000000006534     0x104b ../libtock-c/u8g2/build/rv32imc/u8g2.a(u8g2_box.o)
 .debug_info    0x000000000000757f     0x18b9 ../libtock-c/u8g2/build/rv32imc/u8g2.a(u8g2_circle.o)
 .debug_info    0x0000000000008e38      0xc89 ../libtock-c/u8g2/build/rv32imc/u8g2.a(u8g2_hvline.o)
 .debug_info    0x0000000000009ac1      0x9f9 ../libtock-c/u8g2/build/rv32imc/u8g2.a(u8g2_intersection.o)
 .debug_info    0x000000000000a4ba      0xa4a ../libtock-c/u8g2/build/rv32imc/u8g2.a(u8g2_line.o)
 .debug_info    0x000000000000af04      0xa97 ../libtock-c/u8g2/build/rv32imc/u8g2.a(u8g2_ll_hvline.o)
 .debug_info    0x000000000000b99b     0x12f2 ../libtock-c/u8g2/build/rv32imc/u8g2.a(u8g2_setup.o)
 .debug_info    0x000000000000cc8d     0x184a ../libtock-c/u8g2/build/rv32imc/u8g2.a(u8x8_cad.o)
 .debug_info    0x000000000000e4d7      0x9e1 ../libtock-c/u8g2/build/rv32imc/u8g2.a(u8x8_display.o)
 .debug_info    0x000000000000eeb8      0x41d ../libtock-c/u8g2/build/rv32imc/u8g2.a(u8x8_gpio.o)
 .debug_info    0x000000000000f2d5      0x596 ../libtock-c/u8g2/build/rv32imc/u8g2.a(u8x8_setup.o)
 .debug_info    0x000000000000f86b     0x2b00 ../libtock-c/u8g2/build/rv32imc/u8g2.a(u8g2_font.o)
 .debug_info    0x000000000001236b      0xab3 ../libtock-c/u8g2/build/rv32imc/u8g2.a(u8g2_kerning.o)
 .debug_info    0x0000000000012e1e     0x120b ../libtock-c/u8g2/build/rv32imc/u8g2.a(u8x8_8x8.o)
 .debug_info    0x0000000000014029     0x175e ../libtock-c/u8g2/build/rv32imc/u8g2.a(u8x8_byte.o)
 .debug_info    0x0000000000015787      0x808 ../libtock-c/lib/libtock-newlib-4.2.0.20211231/riscv/riscv64-unknown-elf/lib/rv32im/ilp32/libc.a(lib_a-calloc.o)
 .debug_info    0x0000000000015f8f      0x822 ../libtock-c/lib/libtock-newlib-4.2.0.20211231/riscv/riscv64-unknown-elf/lib/rv32im/ilp32/libc.a(lib_a-exit.o)
 .debug_info    0x00000000000167b1      0x86f ../libtock-c/lib/libtock-newlib-4.2.0.20211231/riscv/riscv64-unknown-elf/lib/rv32im/ilp32/libc.a(lib_a-impure.o)
 .debug_info    0x0000000000017020       0x26 ../libtock-c/lib/libtock-newlib-4.2.0.20211231/riscv/riscv64-unknown-elf/lib/rv32im/ilp32/libc.a(lib_a-memcpy-asm.o)
 .debug_info    0x0000000000017046       0x26 ../libtock-c/lib/libtock-newlib-4.2.0.20211231/riscv/riscv64-unknown-elf/lib/rv32im/ilp32/libc.a(lib_a-memset.o)
 .debug_info    0x000000000001706c      0x85a ../libtock-c/lib/libtock-newlib-4.2.0.20211231/riscv/riscv64-unknown-elf/lib/rv32im/ilp32/libc.a(lib_a-nano-callocr.o)
 .debug_info    0x00000000000178c6      0xa3e ../libtock-c/lib/libtock-newlib-4.2.0.20211231/riscv/riscv64-unknown-elf/lib/rv32im/ilp32/libc.a(lib_a-nano-mallocr.o)
 .debug_info    0x0000000000018304      0x8e7 ../libtock-c/lib/libtock-newlib-4.2.0.20211231/riscv/riscv64-unknown-elf/lib/rv32im/ilp32/libc.a(lib_a-printf.o)
 .debug_info    0x0000000000018beb      0xa3f ../libtock-c/lib/libtock-newlib-4.2.0.20211231/riscv/riscv64-unknown-elf/lib/rv32im/ilp32/libc.a(lib_a-puts.o)
 .debug_info    0x000000000001962a      0x826 ../libtock-c/lib/libtock-newlib-4.2.0.20211231/riscv/riscv64-unknown-elf/lib/rv32im/ilp32/libc.a(lib_a-sbrkr.o)
 .debug_info    0x0000000000019e50      0x98f ../libtock-c/lib/libtock-newlib-4.2.0.20211231/riscv/riscv64-unknown-elf/lib/rv32im/ilp32/libc.a(lib_a-wbuf.o)
 .debug_info    0x000000000001a7df      0x902 ../libtock-c/lib/libtock-newlib-4.2.0.20211231/riscv/riscv64-unknown-elf/lib/rv32im/ilp32/libc.a(lib_a-wsetup.o)
 .debug_info    0x000000000001b0e1      0xa63 ../libtock-c/lib/libtock-newlib-4.2.0.20211231/riscv/riscv64-unknown-elf/lib/rv32im/ilp32/libc.a(lib_a-fflush.o)
 .debug_info    0x000000000001bb44      0xe14 ../libtock-c/lib/libtock-newlib-4.2.0.20211231/riscv/riscv64-unknown-elf/lib/rv32im/ilp32/libc.a(lib_a-findfp.o)
 .debug_info    0x000000000001c958      0x8dc ../libtock-c/lib/libtock-newlib-4.2.0.20211231/riscv/riscv64-unknown-elf/lib/rv32im/ilp32/libc.a(lib_a-fwalk.o)
 .debug_info    0x000000000001d234      0xb8d ../libtock-c/lib/libtock-newlib-4.2.0.20211231/riscv/riscv64-unknown-elf/lib/rv32im/ilp32/libc.a(lib_a-makebuf.o)
 .debug_info    0x000000000001ddc1      0x7e8 ../libtock-c/lib/libtock-newlib-4.2.0.20211231/riscv/riscv64-unknown-elf/lib/rv32im/ilp32/libc.a(lib_a-mlock.o)
 .debug_info    0x000000000001e5a9      0x8e9 ../libtock-c/lib/libtock-newlib-4.2.0.20211231/riscv/riscv64-unknown-elf/lib/rv32im/ilp32/libc.a(lib_a-nano-freer.o)
 .debug_info    0x000000000001ee92     0x10b5 ../libtock-c/lib/libtock-newlib-4.2.0.20211231/riscv/riscv64-unknown-elf/lib/rv32im/ilp32/libc.a(lib_a-nano-vfprintf.o)
 .debug_info    0x000000000001ff47      0xe49 ../libtock-c/lib/libtock-newlib-4.2.0.20211231/riscv/riscv64-unknown-elf/lib/rv32im/ilp32/libc.a(lib_a-nano-vfprintf_i.o)
 .debug_info    0x0000000000020d90      0x97b ../libtock-c/lib/libtock-newlib-4.2.0.20211231/riscv/riscv64-unknown-elf/lib/rv32im/ilp32/libc.a(lib_a-reent.o)
 .debug_info    0x000000000002170b      0xa6a ../libtock-c/lib/libtock-newlib-4.2.0.20211231/riscv/riscv64-unknown-elf/lib/rv32im/ilp32/libc.a(lib_a-stdio.o)
 .debug_info    0x0000000000022175      0x844 ../libtock-c/lib/libtock-newlib-4.2.0.20211231/riscv/riscv64-unknown-elf/lib/rv32im/ilp32/libc.a(lib_a-writer.o)
 .debug_info    0x00000000000229b9      0x803 ../libtock-c/lib/libtock-newlib-4.2.0.20211231/riscv/riscv64-unknown-elf/lib/rv32im/ilp32/libc.a(lib_a-closer.o)
 .debug_info    0x00000000000231bc      0xa17 ../libtock-c/lib/libtock-newlib-4.2.0.20211231/riscv/riscv64-unknown-elf/lib/rv32im/ilp32/libc.a(lib_a-fstatr.o)
 .debug_info    0x0000000000023bd3      0xb1c ../libtock-c/lib/libtock-newlib-4.2.0.20211231/riscv/riscv64-unknown-elf/lib/rv32im/ilp32/libc.a(lib_a-fvwrite.o)
 .debug_info    0x00000000000246ef      0x803 ../libtock-c/lib/libtock-newlib-4.2.0.20211231/riscv/riscv64-unknown-elf/lib/rv32im/ilp32/libc.a(lib_a-isattyr.o)
 .debug_info    0x0000000000024ef2      0x831 ../libtock-c/lib/libtock-newlib-4.2.0.20211231/riscv/riscv64-unknown-elf/lib/rv32im/ilp32/libc.a(lib_a-lseekr.o)
 .debug_info    0x0000000000025723       0xff ../libtock-c/lib/libtock-newlib-4.2.0.20211231/riscv/riscv64-unknown-elf/lib/rv32im/ilp32/libc.a(lib_a-memchr.o)
 .debug_info    0x0000000000025822       0x26 ../libtock-c/lib/libtock-newlib-4.2.0.20211231/riscv/riscv64-unknown-elf/lib/rv32im/ilp32/libc.a(lib_a-memmove.o)
 .debug_info    0x0000000000025848      0x91d ../libtock-c/lib/libtock-newlib-4.2.0.20211231/riscv/riscv64-unknown-elf/lib/rv32im/ilp32/libc.a(lib_a-nano-reallocr.o)
 .debug_info    0x0000000000026165      0x83d ../libtock-c/lib/libtock-newlib-4.2.0.20211231/riscv/riscv64-unknown-elf/lib/rv32im/ilp32/libc.a(lib_a-readr.o)
 .debug_info    0x00000000000269a2      0x842 ../libtock-c/lib/libtock-newlib-4.2.0.20211231/riscv/riscv64-unknown-elf/lib/rv32im/ilp32/libc.a(lib_a-nano-msizer.o)
 .debug_info    0x00000000000271e4      0x662 ../libtock-c/libtock/build/rv32imc/libtock.a(sys.o)
 .debug_info    0x0000000000027846      0xe42 ../libtock-c/libtock/build/rv32imc/libtock.a(screen.o)
 .debug_info    0x0000000000028688      0xff3 ../libtock-c/libtock/build/rv32imc/libtock.a(screen_syscalls.o)
 .debug_info    0x000000000002967b      0x13f ../libtock-c/libtock-sync/build/rv32imc/libtocksync.a(sys.o)
 .debug_info    0x00000000000297ba      0x349 ../libtock-c/libtock-sync/build/rv32imc/libtocksync.a(console.o)
 .debug_info    0x0000000000029b03      0x7ba ../libtock-c/lib/libtock-newlib-4.2.0.20211231/riscv/riscv64-unknown-elf/lib/rv32im/ilp32/libc.a(lib_a-errno.o)
 .debug_info    0x000000000002a2bd      0x41e ../libtock-c/libtock/build/rv32imc/libtock.a(console.o)
 .debug_info    0x000000000002a6db      0x88f ../libtock-c/libtock/build/rv32imc/libtock.a(console_syscalls.o)

.debug_abbrev   0x0000000000000000     0x7acc
 .debug_abbrev  0x0000000000000000      0x203 build/rv32imc/display.o
 .debug_abbrev  0x0000000000000203      0x14e build/rv32imc/game.o
 .debug_abbrev  0x0000000000000351       0xad build/rv32imc/input.o
 .debug_abbrev  0x00000000000003fe      0x1b4 build/rv32imc/main.o
 .debug_abbrev  0x00000000000005b2      0x309 build/rv32imc/u8g2-tock.o
 .debug_abbrev  0x00000000000008bb      0x1f4 ../libtock-c/libtock/build/rv32imc/libtock.a(crt0.o)
 .debug_abbrev  0x0000000000000aaf      0x161 ../libtock-c/libtock/build/rv32imc/libtock.a(button.o)
 .debug_abbrev  0x0000000000000c10      0x14d ../libtock-c/libtock/build/rv32imc/libtock.a(button_syscalls.o)
 .debug_abbrev  0x0000000000000d5d      0x2fb ../libtock-c/libtock/build/rv32imc/libtock.a(tock.o)
 .debug_abbrev  0x0000000000001058      0x1c4 ../libtock-c/libtock-sync/build/rv32imc/libtocksync.a(screen.o)
 .debug_abbrev  0x000000000000121c      0x113 ../libtock-c/libtock-sync/build/rv32imc/libtocksync.a(screen_syscalls.o)
 .debug_abbrev  0x000000000000132f      0x1f3 ../libtock-c/u8g2/build/rv32imc/u8g2.a(u8g2_box.o)
 .debug_abbrev  0x0000000000001522      0x2a4 ../libtock-c/u8g2/build/rv32imc/u8g2.a(u8g2_circle.o)
 .debug_abbrev  0x00000000000017c6      0x1ae ../libtock-c/u8g2/build/rv32imc/u8g2.a(u8g2_hvline.o)
 .debug_abbrev  0x0000000000001974      0x157 ../libtock-c/u8g2/build/rv32imc/u8g2.a(u8g2_intersection.o)
 .debug_abbrev  0x0000000000001acb      0x16b ../libtock-c/u8g2/build/rv32imc/u8g2.a(u8g2_line.o)
 .debug_abbrev  0x0000000000001c36      0x17c ../libtock-c/u8g2/build/rv32imc/u8g2.a(u8g2_ll_hvline.o)
 .debug_abbrev  0x0000000000001db2      0x35e ../libtock-c/u8g2/build/rv32imc/u8g2.a(u8g2_setup.o)
 .debug_abbrev  0x0000000000002110      0x2d4 ../libtock-c/u8g2/build/rv32imc/u8g2.a(u8x8_cad.o)
 .debug_abbrev  0x00000000000023e4      0x1ed ../libtock-c/u8g2/build/rv32imc/u8g2.a(u8x8_display.o)
 .debug_abbrev  0x00000000000025d1       0xfc ../libtock-c/u8g2/build/rv32imc/u8g2.a(u8x8_gpio.o)
 .debug_abbrev  0x00000000000026cd      0x1b7 ../libtock-c/u8g2/build/rv32imc/u8g2.a(u8x8_setup.o)
 .debug_abbrev  0x0000000000002884      0x495 ../libtock-c/u8g2/build/rv32imc/u8g2.a(u8g2_font.o)
 .debug_abbrev  0x0000000000002d19      0x144 ../libtock-c/u8g2/build/rv32imc/u8g2.a(u8g2_kerning.o)
 .debug_abbrev  0x0000000000002e5d      0x3c9 ../libtock-c/u8g2/build/rv32imc/u8g2.a(u8x8_8x8.o)
 .debug_abbrev  0x0000000000003226      0x2cd ../libtock-c/u8g2/build/rv32imc/u8g2.a(u8x8_byte.o)
 .debug_abbrev  0x00000000000034f3      0x1a8 ../libtock-c/lib/libtock-newlib-4.2.0.20211231/riscv/riscv64-unknown-elf/lib/rv32im/ilp32/libc.a(lib_a-calloc.o)
 .debug_abbrev  0x000000000000369b      0x1b7 ../libtock-c/lib/libtock-newlib-4.2.0.20211231/riscv/riscv64-unknown-elf/lib/rv32im/ilp32/libc.a(lib_a-exit.o)
 .debug_abbrev  0x0000000000003852      0x151 ../libtock-c/lib/libtock-newlib-4.2.0.20211231/riscv/riscv64-unknown-elf/lib/rv32im/ilp32/libc.a(lib_a-impure.o)
 .debug_abbrev  0x00000000000039a3       0x14 ../libtock-c/lib/libtock-newlib-4.2.0.20211231/riscv/riscv64-unknown-elf/lib/rv32im/ilp32/libc.a(lib_a-memcpy-asm.o)
 .debug_abbrev  0x00000000000039b7       0x14 ../libtock-c/lib/libtock-newlib-4.2.0.20211231/riscv/riscv64-unknown-elf/lib/rv32im/ilp32/libc.a(lib_a-memset.o)
 .debug_abbrev  0x00000000000039cb      0x1bf ../libtock-c/lib/libtock-newlib-4.2.0.20211231/riscv/riscv64-unknown-elf/lib/rv32im/ilp32/libc.a(lib_a-nano-callocr.o)
 .debug_abbrev  0x0000000000003b8a      0x217 ../libtock-c/lib/libtock-newlib-4.2.0.20211231/riscv/riscv64-unknown-elf/lib/rv32im/ilp32/libc.a(lib_a-nano-mallocr.o)
 .debug_abbrev  0x0000000000003da1      0x209 ../libtock-c/lib/libtock-newlib-4.2.0.20211231/riscv/riscv64-unknown-elf/lib/rv32im/ilp32/libc.a(lib_a-printf.o)
 .debug_abbrev  0x0000000000003faa      0x269 ../libtock-c/lib/libtock-newlib-4.2.0.20211231/riscv/riscv64-unknown-elf/lib/rv32im/ilp32/libc.a(lib_a-puts.o)
 .debug_abbrev  0x0000000000004213      0x1cd ../libtock-c/lib/libtock-newlib-4.2.0.20211231/riscv/riscv64-unknown-elf/lib/rv32im/ilp32/libc.a(lib_a-sbrkr.o)
 .debug_abbrev  0x00000000000043e0      0x20b ../libtock-c/lib/libtock-newlib-4.2.0.20211231/riscv/riscv64-unknown-elf/lib/rv32im/ilp32/libc.a(lib_a-wbuf.o)
 .debug_abbrev  0x00000000000045eb      0x1ce ../libtock-c/lib/libtock-newlib-4.2.0.20211231/riscv/riscv64-unknown-elf/lib/rv32im/ilp32/libc.a(lib_a-wsetup.o)
 .debug_abbrev  0x00000000000047b9      0x28a ../libtock-c/lib/libtock-newlib-4.2.0.20211231/riscv/riscv64-unknown-elf/lib/rv32im/ilp32/libc.a(lib_a-fflush.o)
 .debug_abbrev  0x0000000000004a43      0x382 ../libtock-c/lib/libtock-newlib-4.2.0.20211231/riscv/riscv64-unknown-elf/lib/rv32im/ilp32/libc.a(lib_a-findfp.o)
 .debug_abbrev  0x0000000000004dc5      0x18e ../libtock-c/lib/libtock-newlib-4.2.0.20211231/riscv/riscv64-unknown-elf/lib/rv32im/ilp32/libc.a(lib_a-fwalk.o)
 .debug_abbrev  0x0000000000004f53      0x27a ../libtock-c/lib/libtock-newlib-4.2.0.20211231/riscv/riscv64-unknown-elf/lib/rv32im/ilp32/libc.a(lib_a-makebuf.o)
 .debug_abbrev  0x00000000000051cd      0x189 ../libtock-c/lib/libtock-newlib-4.2.0.20211231/riscv/riscv64-unknown-elf/lib/rv32im/ilp32/libc.a(lib_a-mlock.o)
 .debug_abbrev  0x0000000000005356      0x223 ../libtock-c/lib/libtock-newlib-4.2.0.20211231/riscv/riscv64-unknown-elf/lib/rv32im/ilp32/libc.a(lib_a-nano-freer.o)
 .debug_abbrev  0x0000000000005579      0x2b6 ../libtock-c/lib/libtock-newlib-4.2.0.20211231/riscv/riscv64-unknown-elf/lib/rv32im/ilp32/libc.a(lib_a-nano-vfprintf.o)
 .debug_abbrev  0x000000000000582f      0x23c ../libtock-c/lib/libtock-newlib-4.2.0.20211231/riscv/riscv64-unknown-elf/lib/rv32im/ilp32/libc.a(lib_a-nano-vfprintf_i.o)
 .debug_abbrev  0x0000000000005a6b      0x221 ../libtock-c/lib/libtock-newlib-4.2.0.20211231/riscv/riscv64-unknown-elf/lib/rv32im/ilp32/libc.a(lib_a-reent.o)
 .debug_abbrev  0x0000000000005c8c      0x200 ../libtock-c/lib/libtock-newlib-4.2.0.20211231/riscv/riscv64-unknown-elf/lib/rv32im/ilp32/libc.a(lib_a-stdio.o)
 .debug_abbrev  0x0000000000005e8c      0x1aa ../libtock-c/lib/libtock-newlib-4.2.0.20211231/riscv/riscv64-unknown-elf/lib/rv32im/ilp32/libc.a(lib_a-writer.o)
 .debug_abbrev  0x0000000000006036      0x1a5 ../libtock-c/lib/libtock-newlib-4.2.0.20211231/riscv/riscv64-unknown-elf/lib/rv32im/ilp32/libc.a(lib_a-closer.o)
 .debug_abbrev  0x00000000000061db      0x1b6 ../libtock-c/lib/libtock-newlib-4.2.0.20211231/riscv/riscv64-unknown-elf/lib/rv32im/ilp32/libc.a(lib_a-fstatr.o)
 .debug_abbrev  0x0000000000006391      0x1eb ../libtock-c/lib/libtock-newlib-4.2.0.20211231/riscv/riscv64-unknown-elf/lib/rv32im/ilp32/libc.a(lib_a-fvwrite.o)
 .debug_abbrev  0x000000000000657c      0x1a5 ../libtock-c/lib/libtock-newlib-4.2.0.20211231/riscv/riscv64-unknown-elf/lib/rv32im/ilp32/libc.a(lib_a-isattyr.o)
 .debug_abbrev  0x0000000000006721      0x1b6 ../libtock-c/lib/libtock-newlib-4.2.0.20211231/riscv/riscv64-unknown-elf/lib/rv32im/ilp32/libc.a(lib_a-lseekr.o)
 .debug_abbrev  0x00000000000068d7       0xb7 ../libtock-c/lib/libtock-newlib-4.2.0.20211231/riscv/riscv64-unknown-elf/lib/rv32im/ilp32/libc.a(lib_a-memchr.o)
 .debug_abbrev  0x000000000000698e       0x14 ../libtock-c/lib/libtock-newlib-4.2.0.20211231/riscv/riscv64-unknown-elf/lib/rv32im/ilp32/libc.a(lib_a-memmove.o)
 .debug_abbrev  0x00000000000069a2      0x1eb ../libtock-c/lib/libtock-newlib-4.2.0.20211231/riscv/riscv64-unknown-elf/lib/rv32im/ilp32/libc.a(lib_a-nano-reallocr.o)
 .debug_abbrev  0x0000000000006b8d      0x1a5 ../libtock-c/lib/libtock-newlib-4.2.0.20211231/riscv/riscv64-unknown-elf/lib/rv32im/ilp32/libc.a(lib_a-readr.o)
 .debug_abbrev  0x0000000000006d32      0x188 ../libtock-c/lib/libtock-newlib-4.2.0.20211231/riscv/riscv64-unknown-elf/lib/rv32im/ilp32/libc.a(lib_a-nano-msizer.o)
 .debug_abbrev  0x0000000000006eba      0x1d8 ../libtock-c/libtock/build/rv32imc/libtock.a(sys.o)
 .debug_abbrev  0x0000000000007092      0x1fd ../libtock-c/libtock/build/rv32imc/libtock.a(screen.o)
 .debug_abbrev  0x000000000000728f      0x1a0 ../libtock-c/libtock/build/rv32imc/libtock.a(screen_syscalls.o)
 .debug_abbrev  0x000000000000742f       0xc5 ../libtock-c/libtock-sync/build/rv32imc/libtocksync.a(sys.o)
 .debug_abbrev  0x00000000000074f4      0x183 ../libtock-c/libtock-sync/build/rv32imc/libtocksync.a(console.o)