Archive member included to satisfy reference by file (symbol)

../libtock-c/libtock/build/cortex-m0/libtock.a(crt0.o)
                              (_start)
../libtock-c/libtock/build/cortex-m0/libtock.a(button.o)
                              build/cortex-m0/input.o (libtock_button_exists)
../libtock-c/libtock/build/cortex-m0/libtock.a(button_syscalls.o)
                              ../libtock-c/libtock/build/cortex-m0/libtock.a(button.o) (libtock_button_set_upcall)
../libtock-c/libtock/build/cortex-m0/libtock.a(tock.o)
                              ../libtock-c/libtock/build/cortex-m0/libtock.a(button_syscalls.o) (tock_command_return_novalue_to_returncode)
../libtock-c/libtock-sync/build/cortex-m0/libtocksync.a(screen.o)
                              build/cortex-m0/u8g2-tock.o (libtocksync_screen_exists)
../libtock-c/libtock-sync/build/cortex-m0/libtocksync.a(screen_syscalls.o)
                              ../libtock-c/libtock-sync/build/cortex-m0/libtocksync.a(screen.o) (libtocksync_screen_yield_wait_for)
../libtock-c/u8g2/build/cortex-m0/u8g2.a(u8g2_box.o)
                              build/cortex-m0/display.o (u8g2_DrawBox)
../libtock-c/u8g2/build/cortex-m0/u8g2.a(u8g2_circle.o)
                              build/cortex-m0/display.o (u8g2_DrawCircle)
../libtock-c/u8g2/build/cortex-m0/u8g2.a(u8g2_hvline.o)
                              ../libtock-c/u8g2/build/cortex-m0/u8g2.a(u8g2_box.o) (u8g2_DrawHVLine)
../libtock-c/u8g2/build/cortex-m0/u8g2.a(u8g2_intersection.o)
                              ../libtock-c/u8g2/build/cortex-m0/u8g2.a(u8g2_box.o) (u8g2_IsIntersection)
../libtock-c/u8g2/build/cortex-m0/u8g2.a(u8g2_line.o)
                              build/cortex-m0/display.o (u8g2_DrawLine)
../libtock-c/u8g2/build/cortex-m0/u8g2.a(u8g2_ll_hvline.o)
                              build/cortex-m0/u8g2-tock.o (u8g2_ll_hvline_vertical_top_lsb)
../libtock-c/u8g2/build/cortex-m0/u8g2.a(u8g2_setup.o)
                              build/cortex-m0/u8g2-tock.o (u8g2_SetupBuffer)
../libtock-c/u8g2/build/cortex-m0/u8g2.a(u8x8_cad.o)
                              ../libtock-c/u8g2/build/cortex-m0/u8g2.a(u8g2_setup.o) (u8x8_cad_vsendf)
../libtock-c/u8g2/build/cortex-m0/u8g2.a(u8x8_display.o)
                              build/cortex-m0/u8g2-tock.o (u8x8_d_helper_display_setup_memory)
../libtock-c/u8g2/build/cortex-m0/u8g2.a(u8x8_gpio.o)
                              ../libtock-c/u8g2/build/cortex-m0/u8g2.a(u8x8_cad.o) (u8x8_gpio_call)
../libtock-c/u8g2/build/cortex-m0/u8g2.a(u8x8_setup.o)
                              build/cortex-m0/u8g2-tock.o (u8x8_dummy_cb)
../libtock-c/u8g2/build/cortex-m0/u8g2.a(u8g2_font.o)
                              ../libtock-c/u8g2/build/cortex-m0/u8g2.a(u8g2_setup.o) (u8g2_SetFontPosBaseline)
../libtock-c/u8g2/build/cortex-m0/u8g2.a(u8g2_kerning.o)
                              ../libtock-c/u8g2/build/cortex-m0/u8g2.a(u8g2_font.o) (u8g2_GetKerning)
../libtock-c/u8g2/build/cortex-m0/u8g2.a(u8x8_8x8.o)
                              ../libtock-c/u8g2/build/cortex-m0/u8g2.a(u8g2_font.o) (u8x8_ascii_next)
../libtock-c/u8g2/build/cortex-m0/u8g2.a(u8x8_byte.o)
                              ../libtock-c/u8g2/build/cortex-m0/u8g2.a(u8x8_cad.o) (u8x8_byte_SetDC)
../libtock-c/lib/libtock-newlib-4.2.0.20211231/arm/arm-none-eabi/lib/thumb/v6-m/nofp/libc.a(lib_a-calloc.o)
                              build/cortex-m0/u8g2-tock.o (calloc)
../libtock-c/lib/libtock-newlib-4.2.0.20211231/arm/arm-none-eabi/lib/thumb/v6-m/nofp/libc.a(lib_a-exit.o)
                              ../libtock-c/libtock/build/cortex-m0/libtock.a(crt0.o) (exit)
../libtock-c/lib/libtock-newlib-4.2.0.20211231/arm/arm-none-eabi/lib/thumb/v6-m/nofp/libc.a(lib_a-impure.o)
                              ../libtock-c/lib/libtock-newlib-4.2.0.20211231/arm/arm-none-eabi/lib/thumb/v6-m/nofp/libc.a(lib_a-exit.o) (_global_impure_ptr)
../libtock-c/lib/libtock-newlib-4.2.0.20211231/arm/arm-none-eabi/lib/thumb/v6-m/nofp/libc.a(lib_a-memcpy-stub.o)
                              ../libtock-c/libtock/build/cortex-m0/libtock.a(crt0.o) (memcpy)
../libtock-c/lib/libtock-newlib-4.2.0.20211231/arm/arm-none-eabi/lib/thumb/v6-m/nofp/libc.a(lib_a-memset.o)
                              build/cortex-m0/u8g2-tock.o (memset)
../libtock-c/lib/libtock-newlib-4.2.0.20211231/arm/arm-none-eabi/lib/thumb/v6-m/nofp/libc.a(lib_a-nano-callocr.o)
                              ../libtock-c/lib/libtock-newlib-4.2.0.20211231/arm/arm-none-eabi/lib/thumb/v6-m/nofp/libc.a(lib_a-calloc.o) (_calloc_r)
../libtock-c/lib/libtock-newlib-4.2.0.20211231/arm/arm-none-eabi/lib/thumb/v6-m/nofp/libc.a(lib_a-nano-mallocr.o)
                              ../libtock-c/lib/libtock-newlib-4.2.0.20211231/arm/arm-none-eabi/lib/thumb/v6-m/nofp/libc.a(lib_a-nano-callocr.o) (_malloc_r)
../libtock-c/lib/libtock-newlib-4.2.0.20211231/arm/arm-none-eabi/lib/thumb/v6-m/nofp/libc.a(lib_a-printf.o)
                              ../libtock-c/libtock/build/cortex-m0/libtock.a(tock.o) (printf)
[...]
Memory Configuration

Name             Origin             Length             Attributes
FLASH            0x0000000080000000 0x0000000000070000 xr
SRAM             0x0000000000000000 0x0000000000010000 xrw
*default*        0x0000000000000000 0xffffffffffffffff

Linker script and memory map

                0x0000000000000800                STACK_SIZE = 0x800
                0x0000000000004e20                APP_HEAP_SIZE = 0x4e20
                0x0000000000000400                KERNEL_HEAP_SIZE = 0x400
START GROUP
LOAD build/cortex-m0/display.o
LOAD build/cortex-m0/game.o
LOAD build/cortex-m0/input.o
LOAD build/cortex-m0/main.o
LOAD build/cortex-m0/u8g2-tock.o
LOAD ../libtock-c/libtock/build/cortex-m0/libtock.a
LOAD ../libtock-c/libtock-sync/build/cortex-m0/libtocksync.a
LOAD ../libtock-c/u8g2/build/cortex-m0/u8g2.a
LOAD ../libtock-c/lib/libtock-newlib-4.2.0.20211231/arm/arm-none-eabi/lib/thumb/v6-m/nofp/libc.a
LOAD ../libtock-c/lib/libtock-newlib-4.2.0.20211231/arm/arm-none-eabi/lib/thumb/v6-m/nofp/libm.a
LOAD ../libtock-c/lib/libtock-libc++-10.5.0/arm/arm-none-eabi/lib/thumb/v6-m/nofp/libstdc++.a
LOAD ../libtock-c/lib/libtock-libc++-10.5.0/arm/arm-none-eabi/lib/thumb/v6-m/nofp/libsupc++.a
LOAD ../libtock-c/lib/libtock-libc++-10.5.0/arm/lib/gcc/arm-none-eabi/10.5.0/thumb/v6-m/nofp/libgcc.a
END GROUP
                0x0000000000070000                PROG_LENGTH = 0x70000
                0x0000000000010000                RAM_LENGTH = 0x10000

.crt0_header    0x0000000080000000       0x28
                0x0000000080000000        0x4 LONG 0x2168 (LOADADDR (.got) - ORIGIN (FLASH))
                0x0000000080000004        0x4 LONG 0x800 (_got - ORIGIN (SRAM))
                0x0000000080000008        0x4 LONG 0x88 SIZEOF (.got)
                0x000000008000000c        0x4 LONG 0x21f0 (LOADADDR (.data) - ORIGIN (FLASH))
                0x0000000080000010        0x4 LONG 0x888 (_data - ORIGIN (SRAM))
                0x0000000080000014        0x4 LONG 0xc8 SIZEOF (.data)
                0x0000000080000018        0x4 LONG 0x950 (_bss - ORIGIN (SRAM))
                0x000000008000001c        0x4 LONG 0x2cc SIZEOF (.bss)
                0x0000000080000020        0x4 LONG 0x22b8 (LOADADDR (.endflash) - ORIGIN (FLASH))
                0x0000000080000024        0x4 LONG 0x800 STACK_SIZE

.wfr.app_state  0x0000000080000028        0x0
 *(.app_state)
                0x0000000080000028                . = ALIGN (0x4)

.text           0x0000000080000028     0x2140
                0x0000000080000028                . = ALIGN (0x4)
                0x0000000080000028                _text = .
 *(.start)
 .start         0x0000000080000028       0x3e ../libtock-c/libtock/build/cortex-m0/libtock.a(crt0.o)
                0x0000000080000028                _start
 *(.text*)
 *fill*         0x0000000080000066        0x2 ff
 .text.display_init
                0x0000000080000068       0x18 build/cortex-m0/display.o
                0x0000000080000068                display_init
 .text.obstacle_init
                0x0000000080000080       0x24 build/cortex-m0/display.o
                0x0000000080000080                obstacle_init
 .text.platform_init
                0x00000000800000a4       0x22 build/cortex-m0/display.o
                0x00000000800000a4                platform_init
 *fill*         0x00000000800000c6        0x2 ff
 .text.coin_init
                0x00000000800000c8       0x20 build/cortex-m0/display.o
                0x00000000800000c8                coin_init
 .text.draw_player
                0x00000000800000e8       0x74 build/cortex-m0/display.o
                0x00000000800000e8                draw_player
 .text.draw_obstacle
                0x000000008000015c       0x44 build/cortex-m0/display.o
                0x000000008000015c                draw_obstacle
 .text.draw_platform
                0x00000000800001a0       0x44 build/cortex-m0/display.o
                0x00000000800001a0                draw_platform
 .text.draw_coin
                0x00000000800001e4       0x48 build/cortex-m0/display.o
                0x00000000800001e4                draw_coin
 .text.draw_frame
                0x000000008000022c       0x98 build/cortex-m0/display.o
                0x000000008000022c                draw_frame
 .text.player_init
                0x00000000800002c4       0x1a build/cortex-m0/game.o
                0x00000000800002c4                player_init
 .text.jump     0x00000000800002de       0x12 build/cortex-m0/game.o
                0x00000000800002de                jump
 .text.apply_gravity
                0x00000000800002f0       0x1a build/cortex-m0/game.o
                0x00000000800002f0                apply_gravity
 .text.collide_ground
                0x000000008000030a       0x16 build/cortex-m0/game.o
                0x000000008000030a                collide_ground
 .text.collide_platform
                0x0000000080000320       0x80 build/cortex-m0/game.o
                0x0000000080000320                collide_platform
 .text.collide_obstacle
                0x00000000800003a0       0x38 build/cortex-m0/game.o
                0x00000000800003a0                collide_obstacle
 .text.input_init
                0x00000000800003d8       0x14 build/cortex-m0/input.o
                0x00000000800003d8                input_init
 .text.jump_pressed
                0x00000000800003ec       0x18 build/cortex-m0/input.o
                0x00000000800003ec                jump_pressed
 .text.right_pressed
                0x0000000080000404       0x1a build/cortex-m0/input.o
                0x0000000080000404                right_pressed
 .text.left_pressed
                0x000000008000041e       0x1a build/cortex-m0/input.o
                0x000000008000041e                left_pressed
 .text.startup.main
                0x0000000080000438       0xe8 build/cortex-m0/main.o
                0x0000000080000438                main
 .text.u8x8_d_ssd1306_tock
                0x0000000080000520       0x48 build/cortex-m0/u8g2-tock.o
 .text.u8g2_tock_init
                0x0000000080000568       0x6c build/cortex-m0/u8g2-tock.o
                0x0000000080000568                u8g2_tock_init
 .text.u8g2_ClearBuffer
                0x00000000800005d4       0x1a build/cortex-m0/u8g2-tock.o
                0x00000000800005d4                u8g2_ClearBuffer
 .text.u8g2_SendBuffer
                0x00000000800005ee       0x2a build/cortex-m0/u8g2-tock.o
                0x00000000800005ee                u8g2_SendBuffer
 .text._c_start_pic
                0x0000000080000618       0x88 ../libtock-c/libtock/build/cortex-m0/libtock.a(crt0.o)
                0x0000000080000618                _c_start_pic
 .text.libtock_button_exists
                0x00000000800006a0        0x8 ../libtock-c/libtock/build/cortex-m0/libtock.a(button.o)
                0x00000000800006a0                libtock_button_exists
 .text.libtock_button_count
                0x00000000800006a8        0x8 ../libtock-c/libtock/build/cortex-m0/libtock.a(button.o)
                0x00000000800006a8                libtock_button_count
 .text.libtock_button_read
                0x00000000800006b0        0x8 ../libtock-c/libtock/build/cortex-m0/libtock.a(button.o)
                0x00000000800006b0                libtock_button_read
 .text.libtock_button_command_count
                0x00000000800006b8       0x2a ../libtock-c/libtock/build/cortex-m0/libtock.a(button_syscalls.o)
                0x00000000800006b8                libtock_button_command_count
 .text.libtock_button_driver_exists
                0x00000000800006e2       0x1c ../libtock-c/libtock/build/cortex-m0/libtock.a(button_syscalls.o)
                0x00000000800006e2                libtock_button_driver_exists
 .text.libtock_button_command_read
                0x00000000800006fe       0x2c ../libtock-c/libtock/build/cortex-m0/libtock.a(button_syscalls.o)
                0x00000000800006fe                libtock_button_command_read
 .text.tock_status_to_returncode
                0x000000008000072a        0x6 ../libtock-c/libtock/build/cortex-m0/libtock.a(tock.o)
                0x000000008000072a                tock_status_to_returncode
 .text.tock_command_return_novalue_to_returncode
                0x0000000080000730       0x28 ../libtock-c/libtock/build/cortex-m0/libtock.a(tock.o)
                0x0000000080000730                tock_command_return_novalue_to_returncode
 .text.tock_command_return_u32_to_returncode
                0x0000000080000758       0x28 ../libtock-c/libtock/build/cortex-m0/libtock.a(tock.o)
                0x0000000080000758                tock_command_return_u32_to_returncode
 .text.tock_command_return_u32_u32_to_returncode
                0x0000000080000780       0x34 ../libtock-c/libtock/build/cortex-m0/libtock.a(tock.o)
                0x0000000080000780                tock_command_return_u32_u32_to_returncode
 .text.tock_subscribe_return_to_returncode
                0x00000000800007b4       0x1a ../libtock-c/libtock/build/cortex-m0/libtock.a(tock.o)
                0x00000000800007b4                tock_subscribe_return_to_returncode
 .text.tock_allow_ro_return_to_returncode
                0x00000000800007ce       0x1a ../libtock-c/libtock/build/cortex-m0/libtock.a(tock.o)
                0x00000000800007ce                tock_allow_ro_return_to_returncode
 .text.yield    0x00000000800007e8        0xa ../libtock-c/libtock/build/cortex-m0/libtock.a(tock.o)
                0x00000000800007e8                yield
 .text.yield_for
                0x00000000800007f2       0x12 ../libtock-c/libtock/build/cortex-m0/libtock.a(tock.o)
                0x00000000800007f2                yield_for
 .text.yield_wait_for
                0x0000000080000804       0x10 ../libtock-c/libtock/build/cortex-m0/libtock.a(tock.o)
                0x0000000080000804                yield_wait_for
 .text.tock_exit
                0x0000000080000814        0x6 ../libtock-c/libtock/build/cortex-m0/libtock.a(tock.o)
                0x0000000080000814                tock_exit
 .text.subscribe
                0x000000008000081a       0x38 ../libtock-c/libtock/build/cortex-m0/libtock.a(tock.o)
                0x000000008000081a                subscribe
 .text.command  0x0000000080000852       0x1a ../libtock-c/libtock/build/cortex-m0/libtock.a(tock.o)
                0x0000000080000852                command
 .text.allow_readonly
                0x000000008000086c       0x38 ../libtock-c/libtock/build/cortex-m0/libtock.a(tock.o)
                0x000000008000086c                allow_readonly
 .text.memop    0x00000000800008a4       0x34 ../libtock-c/libtock/build/cortex-m0/libtock.a(tock.o)
                0x00000000800008a4                memop
 .text.driver_exists
                0x00000000800008d8       0x1c ../libtock-c/libtock/build/cortex-m0/libtock.a(tock.o)
                0x00000000800008d8                driver_exists
 .text.libtocksync_screen_exists
                0x00000000800008f4        0x8 ../libtock-c/libtock-sync/build/cortex-m0/libtocksync.a(screen.o)
                0x00000000800008f4                libtocksync_screen_exists
 .text.libtocksync_screen_get_resolution
                0x00000000800008fc        0x8 ../libtock-c/libtock-sync/build/cortex-m0/libtocksync.a(screen.o)
                0x00000000800008fc                libtocksync_screen_get_resolution
 .text.libtocksync_screen_set_frame
                0x0000000080000904       0x10 ../libtock-c/libtock-sync/build/cortex-m0/libtocksync.a(screen.o)
                0x0000000080000904                libtocksync_screen_set_frame
 .text.libtocksync_screen_write
                0x0000000080000914       0x28 ../libtock-c/libtock-sync/build/cortex-m0/libtocksync.a(screen.o)
                0x0000000080000914                libtocksync_screen_write
 .text.libtocksync_screen_yield_wait_for
                0x000000008000093c       0x20 ../libtock-c/libtock-sync/build/cortex-m0/libtocksync.a(screen_syscalls.o)
                0x000000008000093c                libtocksync_screen_yield_wait_for
 .text.u8g2_DrawBox
                0x000000008000095c       0x48 ../libtock-c/u8g2/build/cortex-m0/u8g2.a(u8g2_box.o)
                0x000000008000095c                u8g2_DrawBox
 .text.u8g2_draw_circle_section
                0x00000000800009a4       0xaa ../libtock-c/u8g2/build/cortex-m0/u8g2.a(u8g2_circle.o)
 .text.u8g2_draw_disc_section
                0x0000000080000a4e       0xc4 ../libtock-c/u8g2/build/cortex-m0/u8g2.a(u8g2_circle.o)
 .text.u8g2_DrawCircle
                0x0000000080000b12       0x96 ../libtock-c/u8g2/build/cortex-m0/u8g2.a(u8g2_circle.o)
                0x0000000080000b12                u8g2_DrawCircle
 .text.u8g2_DrawDisc
                0x0000000080000ba8       0x96 ../libtock-c/u8g2/build/cortex-m0/u8g2.a(u8g2_circle.o)
                0x0000000080000ba8                u8g2_DrawDisc
 .text.u8g2_draw_hv_line_2dir
                0x0000000080000c3e       0x16 ../libtock-c/u8g2/build/cortex-m0/u8g2.a(u8g2_hvline.o)
                0x0000000080000c3e                u8g2_draw_hv_line_2dir
 .text.u8g2_DrawHVLine
                0x0000000080000c54       0xe6 ../libtock-c/u8g2/build/cortex-m0/u8g2.a(u8g2_hvline.o)
                0x0000000080000c54                u8g2_DrawHVLine
 .text.u8g2_DrawHLine
                0x0000000080000d3a        0xe ../libtock-c/u8g2/build/cortex-m0/u8g2.a(u8g2_hvline.o)
                0x0000000080000d3a                u8g2_DrawHLine
 .text.u8g2_DrawVLine
                0x0000000080000d48        0xe ../libtock-c/u8g2/build/cortex-m0/u8g2.a(u8g2_hvline.o)
                0x0000000080000d48                u8g2_DrawVLine
 .text.u8g2_DrawPixel
                0x0000000080000d56       0x38 ../libtock-c/u8g2/build/cortex-m0/u8g2.a(u8g2_hvline.o)
                0x0000000080000d56                u8g2_DrawPixel
 .text.u8g2_is_intersection_decision_tree
                0x0000000080000d8e       0x1e ../libtock-c/u8g2/build/cortex-m0/u8g2.a(u8g2_intersection.o)
                0x0000000080000d8e                u8g2_is_intersection_decision_tree
 .text.u8g2_IsIntersection
                0x0000000080000dac       0x32 ../libtock-c/u8g2/build/cortex-m0/u8g2.a(u8g2_intersection.o)
                0x0000000080000dac                u8g2_IsIntersection
 *fill*         0x0000000080000dde        0x2 ff
 .text.u8g2_DrawLine
                0x0000000080000de0       0xd4 ../libtock-c/u8g2/build/cortex-m0/u8g2.a(u8g2_line.o)
                0x0000000080000de0                u8g2_DrawLine
 .text.u8g2_ll_hvline_vertical_top_lsb
                0x0000000080000eb4       0xa8 ../libtock-c/u8g2/build/cortex-m0/u8g2.a(u8g2_ll_hvline.o)
                0x0000000080000eb4                u8g2_ll_hvline_vertical_top_lsb
 .text.u8g2_update_dimension_common
                0x0000000080000f5c       0x48 ../libtock-c/u8g2/build/cortex-m0/u8g2.a(u8g2_setup.o)
 .text.u8g2_update_dimension_r0
                0x0000000080000fa4        0x8 ../libtock-c/u8g2/build/cortex-m0/u8g2.a(u8g2_setup.o)
                0x0000000080000fa4                u8g2_update_dimension_r0
 .text.u8g2_update_dimension_r1
                0x0000000080000fac       0x1a ../libtock-c/u8g2/build/cortex-m0/u8g2.a(u8g2_setup.o)
                0x0000000080000fac                u8g2_update_dimension_r1
 .text.u8g2_draw_l90_r0
                0x0000000080000fc6       0x10 ../libtock-c/u8g2/build/cortex-m0/u8g2.a(u8g2_setup.o)
                0x0000000080000fc6                u8g2_draw_l90_r0
 .text.u8g2_draw_l90_mirrorr_r0
                0x0000000080000fd6       0x24 ../libtock-c/u8g2/build/cortex-m0/u8g2.a(u8g2_setup.o)
                0x0000000080000fd6                u8g2_draw_l90_mirrorr_r0
 .text.u8g2_draw_mirror_vertical_r0
                0x0000000080000ffa       0x26 ../libtock-c/u8g2/build/cortex-m0/u8g2.a(u8g2_setup.o)
                0x0000000080000ffa                u8g2_draw_mirror_vertical_r0
 .text.u8g2_draw_l90_r1
                0x0000000080001020       0x30 ../libtock-c/u8g2/build/cortex-m0/u8g2.a(u8g2_setup.o)
                0x0000000080001020                u8g2_draw_l90_r1
 .text.u8g2_draw_l90_r2
                0x0000000080001050       0x3c ../libtock-c/u8g2/build/cortex-m0/u8g2.a(u8g2_setup.o)
                0x0000000080001050                u8g2_draw_l90_r2
 .text.u8g2_draw_l90_r3
                0x000000008000108c       0x2e ../libtock-c/u8g2/build/cortex-m0/u8g2.a(u8g2_setup.o)
                0x000000008000108c                u8g2_draw_l90_r3
 .text.u8g2_apply_clip_window
                0x00000000800010ba       0x72 ../libtock-c/u8g2/build/cortex-m0/u8g2.a(u8g2_setup.o)
 .text.u8g2_update_page_win_r0
                0x000000008000112c       0x1a ../libtock-c/u8g2/build/cortex-m0/u8g2.a(u8g2_setup.o)
                0x000000008000112c                u8g2_update_page_win_r0
 .text.u8g2_update_page_win_r1
                0x0000000080001146       0x1c ../libtock-c/u8g2/build/cortex-m0/u8g2.a(u8g2_setup.o)
                0x0000000080001146                u8g2_update_page_win_r1
 .text.u8g2_update_page_win_r2
                0x0000000080001162       0x38 ../libtock-c/u8g2/build/cortex-m0/u8g2.a(u8g2_setup.o)
                0x0000000080001162                u8g2_update_page_win_r2
 .text.u8g2_update_page_win_r3
                0x000000008000119a       0x3c ../libtock-c/u8g2/build/cortex-m0/u8g2.a(u8g2_setup.o)
                0x000000008000119a                u8g2_update_page_win_r3
 .text.u8g2_update_dimension_r3
                0x00000000800011d6        0x8 ../libtock-c/u8g2/build/cortex-m0/u8g2.a(u8g2_setup.o)
                0x00000000800011d6                u8g2_update_dimension_r3
 .text.u8g2_update_dimension_r2
                0x00000000800011de        0x8 ../libtock-c/u8g2/build/cortex-m0/u8g2.a(u8g2_setup.o)
                0x00000000800011de                u8g2_update_dimension_r2
 *fill*         0x00000000800011e6        0x2 ff
 .text.u8g2_SetMaxClipWindow
                0x00000000800011e8       0x14 ../libtock-c/u8g2/build/cortex-m0/u8g2.a(u8g2_setup.o)
                0x00000000800011e8                u8g2_SetMaxClipWindow
 .text.u8g2_SetupBuffer
                0x00000000800011fc       0x42 ../libtock-c/u8g2/build/cortex-m0/u8g2.a(u8g2_setup.o)
                0x00000000800011fc                u8g2_SetupBuffer
 .text.u8x8_d_helper_display_setup_memory
                0x000000008000123e        0xa ../libtock-c/u8g2/build/cortex-m0/u8g2.a(u8x8_display.o)
                0x000000008000123e                u8x8_d_helper_display_setup_memory
 .text.u8x8_SetupMemory
                0x0000000080001248        0xe ../libtock-c/u8g2/build/cortex-m0/u8g2.a(u8x8_display.o)
                0x0000000080001248                u8x8_SetupMemory
 .text.u8x8_dummy_cb
                0x0000000080001256        0x4 ../libtock-c/u8g2/build/cortex-m0/u8g2.a(u8x8_setup.o)
                0x0000000080001256                u8x8_dummy_cb
 *fill*         0x000000008000125a        0x2 ff
 .text.u8x8_SetupDefaults
                0x000000008000125c       0x34 ../libtock-c/u8g2/build/cortex-m0/u8g2.a(u8x8_setup.o)
                0x000000008000125c                u8x8_SetupDefaults
 .text.u8x8_Setup
                0x0000000080001290       0x20 ../libtock-c/u8g2/build/cortex-m0/u8g2.a(u8x8_setup.o)
                0x0000000080001290                u8x8_Setup
 .text.u8g2_font_calc_vref_font
                0x00000000800012b0        0x4 ../libtock-c/u8g2/build/cortex-m0/u8g2.a(u8g2_font.o)
                0x00000000800012b0                u8g2_font_calc_vref_font
 .text.u8g2_SetFontPosBaseline
                0x00000000800012b4       0x18 ../libtock-c/u8g2/build/cortex-m0/u8g2.a(u8g2_font.o)
                0x00000000800012b4                u8g2_SetFontPosBaseline
 .text.calloc   0x00000000800012cc       0x20 ../libtock-c/lib/libtock-newlib-4.2.0.20211231/arm/arm-none-eabi/lib/thumb/v6-m/nofp/libc.a(lib_a-calloc.o)
                0x00000000800012cc                calloc
 .text.exit     0x00000000800012ec       0x34 ../libtock-c/lib/libtock-newlib-4.2.0.20211231/arm/arm-none-eabi/lib/thumb/v6-m/nofp/libc.a(lib_a-exit.o)
                0x00000000800012ec                exit
 .text.memcpy   0x0000000080001320       0x12 ../libtock-c/lib/libtock-newlib-4.2.0.20211231/arm/arm-none-eabi/lib/thumb/v6-m/nofp/libc.a(lib_a-memcpy-stub.o)
                0x0000000080001320                memcpy
 .text.memset   0x0000000080001332       0x10 ../libtock-c/lib/libtock-newlib-4.2.0.20211231/arm/arm-none-eabi/lib/thumb/v6-m/nofp/libc.a(lib_a-memset.o)
                0x0000000080001332                memset
 .text._calloc_r
                0x0000000080001342       0x58 ../libtock-c/lib/libtock-newlib-4.2.0.20211231/arm/arm-none-eabi/lib/thumb/v6-m/nofp/libc.a(lib_a-nano-callocr.o)
                0x0000000080001342                _calloc_r
 *fill*         0x000000008000139a        0x2 ff
 .text.sbrk_aligned
                0x000000008000139c       0x50 ../libtock-c/lib/libtock-newlib-4.2.0.20211231/arm/arm-none-eabi/lib/thumb/v6-m/nofp/libc.a(lib_a-nano-mallocr.o)
 .text._malloc_r
                0x00000000800013ec       0xfc ../libtock-c/lib/libtock-newlib-4.2.0.20211231/arm/arm-none-eabi/lib/thumb/v6-m/nofp/libc.a(lib_a-nano-mallocr.o)
                0x00000000800013ec                _malloc_r
 .text._puts_r  0x00000000800014e8       0xd0 ../libtock-c/lib/libtock-newlib-4.2.0.20211231/arm/arm-none-eabi/lib/thumb/v6-m/nofp/libc.a(lib_a-puts.o)
                0x00000000800014e8                _puts_r
 .text.puts     0x00000000800015b8       0x1c ../libtock-c/lib/libtock-newlib-4.2.0.20211231/arm/arm-none-eabi/lib/thumb/v6-m/nofp/libc.a(lib_a-puts.o)
                0x00000000800015b8                puts
 .text._sbrk_r  0x00000000800015d4       0x30 ../libtock-c/lib/libtock-newlib-4.2.0.20211231/arm/arm-none-eabi/lib/thumb/v6-m/nofp/libc.a(lib_a-sbrkr.o)
                0x00000000800015d4                _sbrk_r
 .text.__swbuf_r
                0x0000000080001604       0xbc ../libtock-c/lib/libtock-newlib-4.2.0.20211231/arm/arm-none-eabi/lib/thumb/v6-m/nofp/libc.a(lib_a-wbuf.o)
                0x0000000080001604                __swbuf_r
 .text.__swsetup_r
                0x00000000800016c0      0x104 ../libtock-c/lib/libtock-newlib-4.2.0.20211231/arm/arm-none-eabi/lib/thumb/v6-m/nofp/libc.a(lib_a-wsetup.o)
                0x00000000800016c0                __swsetup_r
 .text.__sflush_r
                0x00000000800017c4      0x120 ../libtock-c/lib/libtock-newlib-4.2.0.20211231/arm/arm-none-eabi/lib/thumb/v6-m/nofp/libc.a(lib_a-fflush.o)
                0x00000000800017c4                __sflush_r
 .text._fflush_r
                0x00000000800018e4       0x68 ../libtock-c/lib/libtock-newlib-4.2.0.20211231/arm/arm-none-eabi/lib/thumb/v6-m/nofp/libc.a(lib_a-fflush.o)
                0x00000000800018e4                _fflush_r
 .text.std      0x000000008000194c       0x58 ../libtock-c/lib/libtock-newlib-4.2.0.20211231/arm/arm-none-eabi/lib/thumb/v6-m/nofp/libc.a(lib_a-findfp.o)
 .text._cleanup_r
                0x00000000800019a4       0x18 ../libtock-c/lib/libtock-newlib-4.2.0.20211231/arm/arm-none-eabi/lib/thumb/v6-m/nofp/libc.a(lib_a-findfp.o)
                0x00000000800019a4                _cleanup_r
 .text.__sfmoreglue
                0x00000000800019bc       0x2c ../libtock-c/lib/libtock-newlib-4.2.0.20211231/arm/arm-none-eabi/lib/thumb/v6-m/nofp/libc.a(lib_a-findfp.o)
                0x00000000800019bc                __sfmoreglue
 .text.__sfp_lock_acquire
                0x00000000800019e8        0x2 ../libtock-c/lib/libtock-newlib-4.2.0.20211231/arm/arm-none-eabi/lib/thumb/v6-m/nofp/libc.a(lib_a-findfp.o)
                0x00000000800019e8                __sfp_lock_acquire
 .text.__sfp_lock_release
                0x00000000800019ea        0x2 ../libtock-c/lib/libtock-newlib-4.2.0.20211231/arm/arm-none-eabi/lib/thumb/v6-m/nofp/libc.a(lib_a-findfp.o)
                0x00000000800019ea                __sfp_lock_release
 .text.__sinit_lock_acquire
                0x00000000800019ec        0x2 ../libtock-c/lib/libtock-newlib-4.2.0.20211231/arm/arm-none-eabi/lib/thumb/v6-m/nofp/libc.a(lib_a-findfp.o)
                0x00000000800019ec                __sinit_lock_acquire
 .text.__sinit_lock_release
                0x00000000800019ee        0x2 ../libtock-c/lib/libtock-newlib-4.2.0.20211231/arm/arm-none-eabi/lib/thumb/v6-m/nofp/libc.a(lib_a-findfp.o)
                0x00000000800019ee                __sinit_lock_release
 .text.__sinit  0x00000000800019f0       0x7c ../libtock-c/lib/libtock-newlib-4.2.0.20211231/arm/arm-none-eabi/lib/thumb/v6-m/nofp/libc.a(lib_a-findfp.o)
                0x00000000800019f0                __sinit
 .text.__sfp    0x0000000080001a6c       0x94 ../libtock-c/lib/libtock-newlib-4.2.0.20211231/arm/arm-none-eabi/lib/thumb/v6-m/nofp/libc.a(lib_a-findfp.o)
                0x0000000080001a6c                __sfp
 .text._fwalk_reent
                0x0000000080001b00       0x42 ../libtock-c/lib/libtock-newlib-4.2.0.20211231/arm/arm-none-eabi/lib/thumb/v6-m/nofp/libc.a(lib_a-fwalk.o)
                0x0000000080001b00                _fwalk_reent
 *fill*         0x0000000080001b42        0x2 ff
 .text.__swhatbuf_r
                0x0000000080001b44       0x54 ../libtock-c/lib/libtock-newlib-4.2.0.20211231/arm/arm-none-eabi/lib/thumb/v6-m/nofp/libc.a(lib_a-makebuf.o)
                0x0000000080001b44                __swhatbuf_r
 .text.__smakebuf_r
                0x0000000080001b98       0x98 ../libtock-c/lib/libtock-newlib-4.2.0.20211231/arm/arm-none-eabi/lib/thumb/v6-m/nofp/libc.a(lib_a-makebuf.o)
                0x0000000080001b98                __smakebuf_r
 .text.__malloc_lock
                0x0000000080001c30        0x2 ../libtock-c/lib/libtock-newlib-4.2.0.20211231/arm/arm-none-eabi/lib/thumb/v6-m/nofp/libc.a(lib_a-mlock.o)
                0x0000000080001c30                __malloc_lock
 .text.__malloc_unlock
                0x0000000080001c32        0x2 ../libtock-c/lib/libtock-newlib-4.2.0.20211231/arm/arm-none-eabi/lib/thumb/v6-m/nofp/libc.a(lib_a-mlock.o)
                0x0000000080001c32                __malloc_unlock
 .text._free_r  0x0000000080001c34       0xa0 ../libtock-c/lib/libtock-newlib-4.2.0.20211231/arm/arm-none-eabi/lib/thumb/v6-m/nofp/libc.a(lib_a-nano-freer.o)
                0x0000000080001c34                _free_r
 .text.__sread  0x0000000080001cd4       0x28 ../libtock-c/lib/libtock-newlib-4.2.0.20211231/arm/arm-none-eabi/lib/thumb/v6-m/nofp/libc.a(lib_a-stdio.o)
                0x0000000080001cd4                __sread
 .text.__swrite
                0x0000000080001cfc       0x38 ../libtock-c/lib/libtock-newlib-4.2.0.20211231/arm/arm-none-eabi/lib/thumb/v6-m/nofp/libc.a(lib_a-stdio.o)
                0x0000000080001cfc                __swrite
 .text.__sseek  0x0000000080001d34       0x2c ../libtock-c/lib/libtock-newlib-4.2.0.20211231/arm/arm-none-eabi/lib/thumb/v6-m/nofp/libc.a(lib_a-stdio.o)
                0x0000000080001d34                __sseek
 .text.__sclose
                0x0000000080001d60        0xc ../libtock-c/lib/libtock-newlib-4.2.0.20211231/arm/arm-none-eabi/lib/thumb/v6-m/nofp/libc.a(lib_a-stdio.o)
                0x0000000080001d60                __sclose
 .text._write_r
                0x0000000080001d6c       0x34 ../libtock-c/lib/libtock-newlib-4.2.0.20211231/arm/arm-none-eabi/lib/thumb/v6-m/nofp/libc.a(lib_a-writer.o)
                0x0000000080001d6c                _write_r
 .text._close_r
                0x0000000080001da0       0x30 ../libtock-c/lib/libtock-newlib-4.2.0.20211231/arm/arm-none-eabi/lib/thumb/v6-m/nofp/libc.a(lib_a-closer.o)
                0x0000000080001da0                _close_r
 .text._fstat_r
                0x0000000080001dd0       0x30 ../libtock-c/lib/libtock-newlib-4.2.0.20211231/arm/arm-none-eabi/lib/thumb/v6-m/nofp/libc.a(lib_a-fstatr.o)
                0x0000000080001dd0                _fstat_r
 .text._isatty_r
                0x0000000080001e00       0x30 ../libtock-c/lib/libtock-newlib-4.2.0.20211231/arm/arm-none-eabi/lib/thumb/v6-m/nofp/libc.a(lib_a-isattyr.o)
                0x0000000080001e00                _isatty_r
 .text._lseek_r
                0x0000000080001e30       0x34 ../libtock-c/lib/libtock-newlib-4.2.0.20211231/arm/arm-none-eabi/lib/thumb/v6-m/nofp/libc.a(lib_a-lseekr.o)
                0x0000000080001e30                _lseek_r
 .text._read_r  0x0000000080001e64       0x34 ../libtock-c/lib/libtock-newlib-4.2.0.20211231/arm/arm-none-eabi/lib/thumb/v6-m/nofp/libc.a(lib_a-readr.o)
                0x0000000080001e64                _read_r
 .text._isatty  0x0000000080001e98        0x6 ../libtock-c/libtock/build/cortex-m0/libtock.a(sys.o)
                0x0000000080001e98                _isatty
 .text._close   0x0000000080001e9e        0x6 ../libtock-c/libtock/build/cortex-m0/libtock.a(sys.o)
                0x0000000080001e9e                _close
 .text._fstat   0x0000000080001ea4        0xa ../libtock-c/libtock/build/cortex-m0/libtock.a(sys.o)
                0x0000000080001ea4                _fstat
 .text._lseek   0x0000000080001eae        0x4 ../libtock-c/libtock/build/cortex-m0/libtock.a(sys.o)
                0x0000000080001eae                _lseek
 .text._read    0x0000000080001eb2        0x4 ../libtock-c/libtock/build/cortex-m0/libtock.a(sys.o)
                0x0000000080001eb2                _read
 .text._exit    0x0000000080001eb6        0x6 ../libtock-c/libtock/build/cortex-m0/libtock.a(sys.o)
                0x0000000080001eb6                _exit
 .text._sbrk    0x0000000080001ebc       0x28 ../libtock-c/libtock/build/cortex-m0/libtock.a(sys.o)
                0x0000000080001ebc                _sbrk
 .text.libtock_screen_driver_exists
                0x0000000080001ee4       0x10 ../libtock-c/libtock/build/cortex-m0/libtock.a(screen_syscalls.o)
                0x0000000080001ee4                libtock_screen_driver_exists
 .text.libtock_screen_set_readonly_allow
                0x0000000080001ef4       0x2c ../libtock-c/libtock/build/cortex-m0/libtock.a(screen_syscalls.o)
                0x0000000080001ef4                libtock_screen_set_readonly_allow
 .text.libtock_screen_command_get_resolution
                0x0000000080001f20       0x34 ../libtock-c/libtock/build/cortex-m0/libtock.a(screen_syscalls.o)
                0x0000000080001f20                libtock_screen_command_get_resolution
 .text.libtock_screen_command_set_frame
                0x0000000080001f54       0x34 ../libtock-c/libtock/build/cortex-m0/libtock.a(screen_syscalls.o)
                0x0000000080001f54                libtock_screen_command_set_frame
 .text.libtock_screen_command_write
                0x0000000080001f88       0x2c ../libtock-c/libtock/build/cortex-m0/libtock.a(screen_syscalls.o)
                0x0000000080001f88                libtock_screen_command_write
 .text._write   0x0000000080001fb4       0x12 ../libtock-c/libtock-sync/build/cortex-m0/libtocksync.a(sys.o)
                0x0000000080001fb4                _write
 *fill*         0x0000000080001fc6        0x2 ff
 .text.generic_cb
                0x0000000080001fc8       0x1c ../libtock-c/libtock-sync/build/cortex-m0/libtocksync.a(console.o)
 .text.libtocksync_console_write
                0x0000000080001fe4       0x40 ../libtock-c/libtock-sync/build/cortex-m0/libtocksync.a(console.o)
                0x0000000080001fe4                libtocksync_console_write
 .text.__errno  0x0000000080002024       0x18 ../libtock-c/lib/libtock-newlib-4.2.0.20211231/arm/arm-none-eabi/lib/thumb/v6-m/nofp/libc.a(lib_a-errno.o)
                0x0000000080002024                __errno
 .text.generic_upcall
                0x000000008000203c       0x12 ../libtock-c/libtock/build/cortex-m0/libtock.a(console.o)
 *fill*         0x000000008000204e        0x2 ff
 .text.libtock_console_write
                0x0000000080002050       0x38 ../libtock-c/libtock/build/cortex-m0/libtock.a(console.o)
                0x0000000080002050                libtock_console_write
 .text.libtock_console_write_done_set_upcall
                0x0000000080002088       0x26 ../libtock-c/libtock/build/cortex-m0/libtock.a(console_syscalls.o)
                0x0000000080002088                libtock_console_write_done_set_upcall
 .text.libtock_console_set_read_allow
                0x00000000800020ae       0x26 ../libtock-c/libtock/build/cortex-m0/libtock.a(console_syscalls.o)
                0x00000000800020ae                libtock_console_set_read_allow
 .text.libtock_console_command_write
                0x00000000800020d4       0x28 ../libtock-c/libtock/build/cortex-m0/libtock.a(console_syscalls.o)
                0x00000000800020d4                libtock_console_command_write
 *(.rodata*)
 .rodata.main.str1.1
                0x00000000800020fc        0xa build/cortex-m0/main.o
 .rodata.u8g2_DrawLine.cst2
                0x0000000080002106        0x2 ../libtock-c/u8g2/build/cortex-m0/u8g2.a(u8g2_line.o)
 .rodata.__sf_fake_stderr
                0x0000000080002108       0x20 ../libtock-c/lib/libtock-newlib-4.2.0.20211231/arm/arm-none-eabi/lib/thumb/v6-m/nofp/libc.a(lib_a-findfp.o)
                0x0000000080002108                __sf_fake_stderr
 .rodata.__sf_fake_stdin
                0x0000000080002128       0x20 ../libtock-c/lib/libtock-newlib-4.2.0.20211231/arm/arm-none-eabi/lib/thumb/v6-m/nofp/libc.a(lib_a-findfp.o)
                0x0000000080002128                __sf_fake_stdin
 .rodata.__sf_fake_stdout
                0x0000000080002148       0x20 ../libtock-c/lib/libtock-newlib-4.2.0.20211231/arm/arm-none-eabi/lib/thumb/v6-m/nofp/libc.a(lib_a-findfp.o)
                0x0000000080002148                __sf_fake_stdout
 *(.srodata*)
 *(.syscalls)
                0x0000000080002168                _etext = .
 *(.ARM.extab*)
                0x0000000080002168                . = ALIGN (0x4)

.glue_7         0x0000000080002168        0x0
 .glue_7        0x0000000080002168        0x0 linker stubs

.glue_7t        0x0000000080002168        0x0
 .glue_7t       0x0000000080002168        0x0 linker stubs

.vfp11_veneer   0x0000000080002168        0x0
 .vfp11_veneer  0x0000000080002168        0x0 linker stubs

.v4_bx          0x0000000080002168        0x0
 .v4_bx         0x0000000080002168        0x0 linker stubs

.iplt           0x0000000080002168        0x0
 .iplt          0x0000000080002168        0x0 build/cortex-m0/display.o

.rel.dyn        0x0000000080002168        0x0
 .rel.iplt      0x0000000080002168        0x0 build/cortex-m0/display.o
 .rel.got       0x0000000080002168        0x0 build/cortex-m0/display.o

.stack          0x0000000000000000      0x800
                0x0000000000000000                _sram_origin = .
                0x0000000000000000                . = ALIGN (0x10)
                0x0000000000000000                _stack = .
                0x0000000000000800                . = (_stack + STACK_SIZE)
 *fill*         0x0000000000000000      0x800 
                0x0000000000000800                . = ALIGN (0x10)

.got            0x0000000000000800       0x88 load address 0x0000000080002168
                0x0000000000000800                . = ALIGN (0x4)
                0x0000000000000800                _got = .
 *(.got*)
 .got           0x0000000000000800       0x7c build/cortex-m0/display.o
 .got.plt       0x000000000000087c        0xc build/cortex-m0/display.o
                0x000000000000087c                _GLOBAL_OFFSET_TABLE_
 *(.got.plt*)
                0x0000000000000888                . = ALIGN (0x4)

.data           0x0000000000000888       0xc8 load address 0x00000000800021f0
                0x0000000000000888                . = ALIGN (0x4)
                0x0000000000000888                _data = .
 *(.data*)
 .data          0x0000000000000888        0x0 build/cortex-m0/display.o
 .data          0x0000000000000888        0x0 build/cortex-m0/game.o
 .data          0x0000000000000888        0x0 build/cortex-m0/input.o
 .data          0x0000000000000888        0x0 build/cortex-m0/main.o
 .data          0x0000000000000888        0x0 build/cortex-m0/u8g2-tock.o
 .data.u8x8_ssd1306_tock
                0x0000000000000888       0x18 build/cortex-m0/u8g2-tock.o
 .data          0x00000000000008a0        0x0 ../libtock-c/libtock/build/cortex-m0/libtock.a(crt0.o)
 .data          0x00000000000008a0        0x0 ../libtock-c/libtock/build/cortex-m0/libtock.a(button.o)
 .data          0x00000000000008a0        0x0 ../libtock-c/libtock/build/cortex-m0/libtock.a(button_syscalls.o)
 .data          0x00000000000008a0        0x0 ../libtock-c/libtock/build/cortex-m0/libtock.a(tock.o)
 .data          0x00000000000008a0        0x0 ../libtock-c/libtock-sync/build/cortex-m0/libtocksync.a(screen.o)
 .data          0x00000000000008a0        0x0 ../libtock-c/libtock-sync/build/cortex-m0/libtocksync.a(screen_syscalls.o)
 .data          0x00000000000008a0        0x0 ../libtock-c/u8g2/build/cortex-m0/u8g2.a(u8g2_box.o)
 .data          0x00000000000008a0        0x0 ../libtock-c/u8g2/build/cortex-m0/u8g2.a(u8g2_circle.o)
 .data          0x00000000000008a0        0x0 ../libtock-c/u8g2/build/cortex-m0/u8g2.a(u8g2_hvline.o)
 .data          0x00000000000008a0        0x0 ../libtock-c/u8g2/build/cortex-m0/u8g2.a(u8g2_intersection.o)
 .data          0x00000000000008a0        0x0 ../libtock-c/u8g2/build/cortex-m0/u8g2.a(u8g2_line.o)
 .data          0x00000000000008a0        0x0 ../libtock-c/u8g2/build/cortex-m0/u8g2.a(u8g2_ll_hvline.o)
 .data          0x00000000000008a0        0x0 ../libtock-c/u8g2/build/cortex-m0/u8g2.a(u8g2_setup.o)
 .data.rel.ro.u8g2_cb_mirror
                0x00000000000008a0        0xc ../libtock-c/u8g2/build/cortex-m0/u8g2.a(u8g2_setup.o)
                0x00000000000008a0                u8g2_cb_mirror
 .data.rel.ro.u8g2_cb_mirror_vertical
                0x00000000000008ac        0xc ../libtock-c/u8g2/build/cortex-m0/u8g2.a(u8g2_setup.o)
                0x00000000000008ac                u8g2_cb_mirror_vertical
 .data.rel.ro.u8g2_cb_r0
                0x00000000000008b8        0xc ../libtock-c/u8g2/build/cortex-m0/u8g2.a(u8g2_setup.o)
                0x00000000000008b8                u8g2_cb_r0
 .data.rel.ro.u8g2_cb_r1
                0x00000000000008c4        0xc ../libtock-c/u8g2/build/cortex-m0/u8g2.a(u8g2_setup.o)
                0x00000000000008c4                u8g2_cb_r1
 .data.rel.ro.u8g2_cb_r2
                0x00000000000008d0        0xc ../libtock-c/u8g2/build/cortex-m0/u8g2.a(u8g2_setup.o)
                0x00000000000008d0                u8g2_cb_r2
 .data.rel.ro.u8g2_cb_r3
                0x00000000000008dc        0xc ../libtock-c/u8g2/build/cortex-m0/u8g2.a(u8g2_setup.o)
                0x00000000000008dc                u8g2_cb_r3
 .data          0x00000000000008e8        0x0 ../libtock-c/u8g2/build/cortex-m0/u8g2.a(u8x8_cad.o)
 .data          0x00000000000008e8        0x0 ../libtock-c/u8g2/build/cortex-m0/u8g2.a(u8x8_display.o)
 .data          0x00000000000008e8        0x0 ../libtock-c/u8g2/build/cortex-m0/u8g2.a(u8x8_gpio.o)
 .data          0x00000000000008e8        0x0 ../libtock-c/u8g2/build/cortex-m0/u8g2.a(u8x8_setup.o)
 .data          0x00000000000008e8        0x0 ../libtock-c/u8g2/build/cortex-m0/u8g2.a(u8g2_font.o)
 .data          0x00000000000008e8        0x0 ../libtock-c/u8g2/build/cortex-m0/u8g2.a(u8g2_kerning.o)
 .data          0x00000000000008e8        0x0 ../libtock-c/u8g2/build/cortex-m0/u8g2.a(u8x8_8x8.o)
 .data          0x00000000000008e8        0x0 ../libtock-c/u8g2/build/cortex-m0/u8g2.a(u8x8_byte.o)
 .data          0x00000000000008e8        0x0 ../libtock-c/lib/libtock-newlib-4.2.0.20211231/arm/arm-none-eabi/lib/thumb/v6-m/nofp/libc.a(lib_a-calloc.o)
 .data          0x00000000000008e8        0x0 ../libtock-c/lib/libtock-newlib-4.2.0.20211231/arm/arm-none-eabi/lib/thumb/v6-m/nofp/libc.a(lib_a-exit.o)
 .data          0x00000000000008e8        0x0 ../libtock-c/lib/libtock-newlib-4.2.0.20211231/arm/arm-none-eabi/lib/thumb/v6-m/nofp/libc.a(lib_a-impure.o)
 .data.rel.impure_data
                0x00000000000008e8       0x60 ../libtock-c/lib/libtock-newlib-4.2.0.20211231/arm/arm-none-eabi/lib/thumb/v6-m/nofp/libc.a(lib_a-impure.o)
 .data.rel.local._impure_ptr
                0x0000000000000948        0x4 ../libtock-c/lib/libtock-newlib-4.2.0.20211231/arm/arm-none-eabi/lib/thumb/v6-m/nofp/libc.a(lib_a-impure.o)
                0x0000000000000948                _impure_ptr
 .data.rel.ro.local._global_impure_ptr
                0x000000000000094c        0x4 ../libtock-c/lib/libtock-newlib-4.2.0.20211231/arm/arm-none-eabi/lib/thumb/v6-m/nofp/libc.a(lib_a-impure.o)
                0x000000000000094c                _global_impure_ptr
 .data          0x0000000000000950        0x0 ../libtock-c/lib/libtock-newlib-4.2.0.20211231/arm/arm-none-eabi/lib/thumb/v6-m/nofp/libc.a(lib_a-memcpy-stub.o)
 .data          0x0000000000000950        0x0 ../libtock-c/lib/libtock-newlib-4.2.0.20211231/arm/arm-none-eabi/lib/thumb/v6-m/nofp/libc.a(lib_a-memset.o)
 .data          0x0000000000000950        0x0 ../libtock-c/lib/libtock-newlib-4.2.0.20211231/arm/arm-none-eabi/lib/thumb/v6-m/nofp/libc.a(lib_a-nano-callocr.o)
 .data          0x0000000000000950        0x0 ../libtock-c/lib/libtock-newlib-4.2.0.20211231/arm/arm-none-eabi/lib/thumb/v6-m/nofp/libc.a(lib_a-nano-mallocr.o)
 .data          0x0000000000000950        0x0 ../libtock-c/lib/libtock-newlib-4.2.0.20211231/arm/arm-none-eabi/lib/thumb/v6-m/nofp/libc.a(lib_a-printf.o)
 .data          0x0000000000000950        0x0 ../libtock-c/lib/libtock-newlib-4.2.0.20211231/arm/arm-none-eabi/lib/thumb/v6-m/nofp/libc.a(lib_a-puts.o)
 .data          0x0000000000000950        0x0 ../libtock-c/lib/libtock-newlib-4.2.0.20211231/arm/arm-none-eabi/lib/thumb/v6-m/nofp/libc.a(lib_a-sbrkr.o)
 .data          0x0000000000000950        0x0 ../libtock-c/lib/libtock-newlib-4.2.0.20211231/arm/arm-none-eabi/lib/thumb/v6-m/nofp/libc.a(lib_a-wbuf.o)
 .data          0x0000000000000950        0x0 ../libtock-c/lib/libtock-newlib-4.2.0.20211231/arm/arm-none-eabi/lib/thumb/v6-m/nofp/libc.a(lib_a-wsetup.o)
 .data          0x0000000000000950        0x0 ../libtock-c/lib/libtock-newlib-4.2.0.20211231/arm/arm-none-eabi/lib/thumb/v6-m/nofp/libc.a(lib_a-fflush.o)
 .data          0x0000000000000950        0x0 ../libtock-c/lib/libtock-newlib-4.2.0.20211231/arm/arm-none-eabi/lib/thumb/v6-m/nofp/libc.a(lib_a-findfp.o)
 .data          0x0000000000000950        0x0 ../libtock-c/lib/libtock-newlib-4.2.0.20211231/arm/arm-none-eabi/lib/thumb/v6-m/nofp/libc.a(lib_a-fwalk.o)
 .data          0x0000000000000950        0x0 ../libtock-c/lib/libtock-newlib-4.2.0.20211231/arm/arm-none-eabi/lib/thumb/v6-m/nofp/libc.a(lib_a-makebuf.o)
 .data          0x0000000000000950        0x0 ../libtock-c/lib/libtock-newlib-4.2.0.20211231/arm/arm-none-eabi/lib/thumb/v6-m/nofp/libc.a(lib_a-mlock.o)
 .data          0x0000000000000950        0x0 ../libtock-c/lib/libtock-newlib-4.2.0.20211231/arm/arm-none-eabi/lib/thumb/v6-m/nofp/libc.a(lib_a-nano-freer.o)
 .data          0x0000000000000950        0x0 ../libtock-c/lib/libtock-newlib-4.2.0.20211231/arm/arm-none-eabi/lib/thumb/v6-m/nofp/libc.a(lib_a-nano-vfprintf.o)
 .data          0x0000000000000950        0x0 ../libtock-c/lib/libtock-newlib-4.2.0.20211231/arm/arm-none-eabi/lib/thumb/v6-m/nofp/libc.a(lib_a-nano-vfprintf_i.o)
 .data          0x0000000000000950        0x0 ../libtock-c/lib/libtock-newlib-4.2.0.20211231/arm/arm-none-eabi/lib/thumb/v6-m/nofp/libc.a(lib_a-reent.o)
 .data          0x0000000000000950        0x0 ../libtock-c/lib/libtock-newlib-4.2.0.20211231/arm/arm-none-eabi/lib/thumb/v6-m/nofp/libc.a(lib_a-stdio.o)
 .data          0x0000000000000950        0x0 ../libtock-c/lib/libtock-newlib-4.2.0.20211231/arm/arm-none-eabi/lib/thumb/v6-m/nofp/libc.a(lib_a-writer.o)
 .data          0x0000000000000950        0x0 ../libtock-c/lib/libtock-newlib-4.2.0.20211231/arm/arm-none-eabi/lib/thumb/v6-m/nofp/libc.a(lib_a-closer.o)
 .data          0x0000000000000950        0x0 ../libtock-c/lib/libtock-newlib-4.2.0.20211231/arm/arm-none-eabi/lib/thumb/v6-m/nofp/libc.a(lib_a-fstatr.o)
 .data          0x0000000000000950        0x0 ../libtock-c/lib/libtock-newlib-4.2.0.20211231/arm/arm-none-eabi/lib/thumb/v6-m/nofp/libc.a(lib_a-fvwrite.o)
 .data          0x0000000000000950        0x0 ../libtock-c/lib/libtock-newlib-4.2.0.20211231/arm/arm-none-eabi/lib/thumb/v6-m/nofp/libc.a(lib_a-isattyr.o)
 .data          0x0000000000000950        0x0 ../libtock-c/lib/libtock-newlib-4.2.0.20211231/arm/arm-none-eabi/lib/thumb/v6-m/nofp/libc.a(lib_a-lseekr.o)
 .data          0x0000000000000950        0x0 ../libtock-c/lib/libtock-newlib-4.2.0.20211231/arm/arm-none-eabi/lib/thumb/v6-m/nofp/libc.a(lib_a-memchr-stub.o)
 .data          0x0000000000000950        0x0 ../libtock-c/lib/libtock-newlib-4.2.0.20211231/arm/arm-none-eabi/lib/thumb/v6-m/nofp/libc.a(lib_a-memmove.o)
 .data          0x0000000000000950        0x0 ../libtock-c/lib/libtock-newlib-4.2.0.20211231/arm/arm-none-eabi/lib/thumb/v6-m/nofp/libc.a(lib_a-nano-reallocr.o)
 .data          0x0000000000000950        0x0 ../libtock-c/lib/libtock-newlib-4.2.0.20211231/arm/arm-none-eabi/lib/thumb/v6-m/nofp/libc.a(lib_a-readr.o)
 .data          0x0000000000000950        0x0 ../libtock-c/lib/libtock-newlib-4.2.0.20211231/arm/arm-none-eabi/lib/thumb/v6-m/nofp/libc.a(lib_a-nano-msizer.o)
 .data          0x0000000000000950        0x0 ../libtock-c/lib/libtock-libc++-10.5.0/arm/lib/gcc/arm-none-eabi/10.5.0/thumb/v6-m/nofp/libgcc.a(_thumb1_case_uqi.o)
 .data          0x0000000000000950        0x0 ../libtock-c/lib/libtock-libc++-10.5.0/arm/lib/gcc/arm-none-eabi/10.5.0/thumb/v6-m/nofp/libgcc.a(_thumb1_case_shi.o)
 .data          0x0000000000000950        0x0 ../libtock-c/lib/libtock-libc++-10.5.0/arm/lib/gcc/arm-none-eabi/10.5.0/thumb/v6-m/nofp/libgcc.a(_udivsi3.o)
 .data          0x0000000000000950        0x0 ../libtock-c/lib/libtock-libc++-10.5.0/arm/lib/gcc/arm-none-eabi/10.5.0/thumb/v6-m/nofp/libgcc.a(_divsi3.o)
 .data          0x0000000000000950        0x0 ../libtock-c/lib/libtock-libc++-10.5.0/arm/lib/gcc/arm-none-eabi/10.5.0/thumb/v6-m/nofp/libgcc.a(_dvmd_tls.o)
 .data          0x0000000000000950        0x0 ../libtock-c/libtock/build/cortex-m0/libtock.a(sys.o)
 .data          0x0000000000000950        0x0 ../libtock-c/libtock/build/cortex-m0/libtock.a(screen.o)
 .data          0x0000000000000950        0x0 ../libtock-c/libtock/build/cortex-m0/libtock.a(screen_syscalls.o)
 .data          0x0000000000000950        0x0 ../libtock-c/libtock-sync/build/cortex-m0/libtocksync.a(sys.o)
 .data          0x0000000000000950        0x0 ../libtock-c/libtock-sync/build/cortex-m0/libtocksync.a(console.o)
 .data          0x0000000000000950        0x0 ../libtock-c/lib/libtock-newlib-4.2.0.20211231/arm/arm-none-eabi/lib/thumb/v6-m/nofp/libc.a(lib_a-errno.o)
 .data          0x0000000000000950        0x0 ../libtock-c/libtock/build/cortex-m0/libtock.a(console.o)
 .data          0x0000000000000950        0x0 ../libtock-c/libtock/build/cortex-m0/libtock.a(console_syscalls.o)
 *(.sdata*)
                0x0000000000000950                . = ALIGN (0x4)

.igot.plt       0x0000000000000950        0x0 load address 0x00000000800022b8
 .igot.plt      0x0000000000000950        0x0 build/cortex-m0/display.o

.bss            0x0000000000000950      0x2cc load address 0x00000000800022b8
                0x0000000000000950                . = ALIGN (0x4)
                0x0000000000000950                _bss = .
 *(.bss*)
 .bss           0x0000000000000950        0x0 build/cortex-m0/display.o
 .bss           0x0000000000000950        0x0 build/cortex-m0/game.o
 .bss           0x0000000000000950        0x0 build/cortex-m0/input.o
 .bss           0x0000000000000950        0x0 build/cortex-m0/main.o
 .bss.coins     0x0000000000000950       0xa0 build/cortex-m0/main.o
                0x0000000000000950                coins
 .bss.obstacles
                0x00000000000009f0       0xa0 build/cortex-m0/main.o
                0x00000000000009f0                obstacles
 .bss.platforms
                0x0000000000000a90       0xa0 build/cortex-m0/main.o
                0x0000000000000a90                platforms
 .bss.player    0x0000000000000b30       0x1c build/cortex-m0/main.o
                0x0000000000000b30                player
 .bss.u8g2      0x0000000000000b4c       0x94 build/cortex-m0/main.o
                0x0000000000000b4c                u8g2
 .bss           0x0000000000000be0        0x0 build/cortex-m0/u8g2-tock.o
 .bss           0x0000000000000be0        0x0 ../libtock-c/libtock/build/cortex-m0/libtock.a(crt0.o)
 .bss           0x0000000000000be0        0x0 ../libtock-c/libtock/build/cortex-m0/libtock.a(button.o)
 .bss           0x0000000000000be0        0x0 ../libtock-c/libtock/build/cortex-m0/libtock.a(button_syscalls.o)
 .bss           0x0000000000000be0        0x0 ../libtock-c/libtock/build/cortex-m0/libtock.a(tock.o)
 .bss           0x0000000000000be0        0x0 ../libtock-c/libtock-sync/build/cortex-m0/libtocksync.a(screen.o)
 .bss           0x0000000000000be0        0x0 ../libtock-c/libtock-sync/build/cortex-m0/libtocksync.a(screen_syscalls.o)
 .bss           0x0000000000000be0        0x0 ../libtock-c/u8g2/build/cortex-m0/u8g2.a(u8g2_box.o)
 .bss           0x0000000000000be0        0x0 ../libtock-c/u8g2/build/cortex-m0/u8g2.a(u8g2_circle.o)
 .bss           0x0000000000000be0        0x0 ../libtock-c/u8g2/build/cortex-m0/u8g2.a(u8g2_hvline.o)
 .bss           0x0000000000000be0        0x0 ../libtock-c/u8g2/build/cortex-m0/u8g2.a(u8g2_intersection.o)
 .bss           0x0000000000000be0        0x0 ../libtock-c/u8g2/build/cortex-m0/u8g2.a(u8g2_line.o)
 .bss           0x0000000000000be0        0x0 ../libtock-c/u8g2/build/cortex-m0/u8g2.a(u8g2_ll_hvline.o)
 .bss           0x0000000000000be0        0x0 ../libtock-c/u8g2/build/cortex-m0/u8g2.a(u8g2_setup.o)
 .bss.buf.0     0x0000000000000be0        0x8 ../libtock-c/u8g2/build/cortex-m0/u8g2.a(u8g2_setup.o)
 .bss           0x0000000000000be8        0x0 ../libtock-c/u8g2/build/cortex-m0/u8g2.a(u8x8_cad.o)
 .bss.buf.6     0x0000000000000be8       0x10 ../libtock-c/u8g2/build/cortex-m0/u8g2.a(u8x8_cad.o)
 .bss.in_transfer.1
                0x0000000000000bf8        0x1 ../libtock-c/u8g2/build/cortex-m0/u8g2.a(u8x8_cad.o)
 .bss.in_transfer.3
                0x0000000000000bf9        0x1 ../libtock-c/u8g2/build/cortex-m0/u8g2.a(u8x8_cad.o)
 .bss.in_transfer.4
                0x0000000000000bfa        0x1 ../libtock-c/u8g2/build/cortex-m0/u8g2.a(u8x8_cad.o)
 .bss.in_transfer.5
                0x0000000000000bfb        0x1 ../libtock-c/u8g2/build/cortex-m0/u8g2.a(u8x8_cad.o)
 .bss.is_data.0
                0x0000000000000bfc        0x1 ../libtock-c/u8g2/build/cortex-m0/u8g2.a(u8x8_cad.o)
 .bss           0x0000000000000bfd        0x0 ../libtock-c/u8g2/build/cortex-m0/u8g2.a(u8x8_display.o)
 .bss           0x0000000000000bfd        0x0 ../libtock-c/u8g2/build/cortex-m0/u8g2.a(u8x8_gpio.o)
 .bss           0x0000000000000bfd        0x0 ../libtock-c/u8g2/build/cortex-m0/u8g2.a(u8x8_setup.o)
 .bss           0x0000000000000bfd        0x0 ../libtock-c/u8g2/build/cortex-m0/u8g2.a(u8g2_font.o)
 .bss           0x0000000000000bfd        0x0 ../libtock-c/u8g2/build/cortex-m0/u8g2.a(u8g2_kerning.o)
 .bss           0x0000000000000bfd        0x0 ../libtock-c/u8g2/build/cortex-m0/u8g2.a(u8x8_8x8.o)
 .bss           0x0000000000000bfd        0x0 ../libtock-c/u8g2/build/cortex-m0/u8g2.a(u8x8_byte.o)
 .bss.enable_pin.0
                0x0000000000000bfd        0x1 ../libtock-c/u8g2/build/cortex-m0/u8g2.a(u8x8_byte.o)
 .bss.last_dc.1
                0x0000000000000bfe        0x1 ../libtock-c/u8g2/build/cortex-m0/u8g2.a(u8x8_byte.o)
 .bss           0x0000000000000bff        0x0 ../libtock-c/lib/libtock-newlib-4.2.0.20211231/arm/arm-none-eabi/lib/thumb/v6-m/nofp/libc.a(lib_a-calloc.o)
 .bss           0x0000000000000bff        0x0 ../libtock-c/lib/libtock-newlib-4.2.0.20211231/arm/arm-none-eabi/lib/thumb/v6-m/nofp/libc.a(lib_a-exit.o)
 .bss           0x0000000000000bff        0x0 ../libtock-c/lib/libtock-newlib-4.2.0.20211231/arm/arm-none-eabi/lib/thumb/v6-m/nofp/libc.a(lib_a-impure.o)
 .bss           0x0000000000000bff        0x0 ../libtock-c/lib/libtock-newlib-4.2.0.20211231/arm/arm-none-eabi/lib/thumb/v6-m/nofp/libc.a(lib_a-memcpy-stub.o)
 .bss           0x0000000000000bff        0x0 ../libtock-c/lib/libtock-newlib-4.2.0.20211231/arm/arm-none-eabi/lib/thumb/v6-m/nofp/libc.a(lib_a-memset.o)
 .bss           0x0000000000000bff        0x0 ../libtock-c/lib/libtock-newlib-4.2.0.20211231/arm/arm-none-eabi/lib/thumb/v6-m/nofp/libc.a(lib_a-nano-callocr.o)
 .bss           0x0000000000000bff        0x0 ../libtock-c/lib/libtock-newlib-4.2.0.20211231/arm/arm-none-eabi/lib/thumb/v6-m/nofp/libc.a(lib_a-nano-mallocr.o)
 *fill*         0x0000000000000bff        0x1 
 .bss.__malloc_free_list
                0x0000000000000c00        0x4 ../libtock-c/lib/libtock-newlib-4.2.0.20211231/arm/arm-none-eabi/lib/thumb/v6-m/nofp/libc.a(lib_a-nano-mallocr.o)
                0x0000000000000c00                __malloc_free_list
 .bss.__malloc_sbrk_start
                0x0000000000000c04        0x4 ../libtock-c/lib/libtock-newlib-4.2.0.20211231/arm/arm-none-eabi/lib/thumb/v6-m/nofp/libc.a(lib_a-nano-mallocr.o)
                0x0000000000000c04                __malloc_sbrk_start
 .bss           0x0000000000000c08        0x0 ../libtock-c/lib/libtock-newlib-4.2.0.20211231/arm/arm-none-eabi/lib/thumb/v6-m/nofp/libc.a(lib_a-printf.o)
 .bss           0x0000000000000c08        0x0 ../libtock-c/lib/libtock-newlib-4.2.0.20211231/arm/arm-none-eabi/lib/thumb/v6-m/nofp/libc.a(lib_a-puts.o)
 .bss           0x0000000000000c08        0x0 ../libtock-c/lib/libtock-newlib-4.2.0.20211231/arm/arm-none-eabi/lib/thumb/v6-m/nofp/libc.a(lib_a-sbrkr.o)
 .bss           0x0000000000000c08        0x0 ../libtock-c/lib/libtock-newlib-4.2.0.20211231/arm/arm-none-eabi/lib/thumb/v6-m/nofp/libc.a(lib_a-wbuf.o)
 .bss           0x0000000000000c08        0x0 ../libtock-c/lib/libtock-newlib-4.2.0.20211231/arm/arm-none-eabi/lib/thumb/v6-m/nofp/libc.a(lib_a-wsetup.o)
 .bss           0x0000000000000c08        0x0 ../libtock-c/lib/libtock-newlib-4.2.0.20211231/arm/arm-none-eabi/lib/thumb/v6-m/nofp/libc.a(lib_a-fflush.o)
 .bss           0x0000000000000c08        0x0 ../libtock-c/lib/libtock-newlib-4.2.0.20211231/arm/arm-none-eabi/lib/thumb/v6-m/nofp/libc.a(lib_a-findfp.o)
 .bss           0x0000000000000c08        0x0 ../libtock-c/lib/libtock-newlib-4.2.0.20211231/arm/arm-none-eabi/lib/thumb/v6-m/nofp/libc.a(lib_a-fwalk.o)
 .bss           0x0000000000000c08        0x0 ../libtock-c/lib/libtock-newlib-4.2.0.20211231/arm/arm-none-eabi/lib/thumb/v6-m/nofp/libc.a(lib_a-makebuf.o)
 .bss           0x0000000000000c08        0x0 ../libtock-c/lib/libtock-newlib-4.2.0.20211231/arm/arm-none-eabi/lib/thumb/v6-m/nofp/libc.a(lib_a-mlock.o)
 .bss           0x0000000000000c08        0x0 ../libtock-c/lib/libtock-newlib-4.2.0.20211231/arm/arm-none-eabi/lib/thumb/v6-m/nofp/libc.a(lib_a-nano-freer.o)
 .bss           0x0000000000000c08        0x0 ../libtock-c/lib/libtock-newlib-4.2.0.20211231/arm/arm-none-eabi/lib/thumb/v6-m/nofp/libc.a(lib_a-nano-vfprintf.o)
 .bss           0x0000000000000c08        0x0 ../libtock-c/lib/libtock-newlib-4.2.0.20211231/arm/arm-none-eabi/lib/thumb/v6-m/nofp/libc.a(lib_a-nano-vfprintf_i.o)
 .bss           0x0000000000000c08        0x0 ../libtock-c/lib/libtock-newlib-4.2.0.20211231/arm/arm-none-eabi/lib/thumb/v6-m/nofp/libc.a(lib_a-reent.o)
 .bss.errno     0x0000000000000c08        0x4 ../libtock-c/lib/libtock-newlib-4.2.0.20211231/arm/arm-none-eabi/lib/thumb/v6-m/nofp/libc.a(lib_a-reent.o)
                0x0000000000000c08                errno
 .bss           0x0000000000000c0c        0x0 ../libtock-c/lib/libtock-newlib-4.2.0.20211231/arm/arm-none-eabi/lib/thumb/v6-m/nofp/libc.a(lib_a-stdio.o)
 .bss           0x0000000000000c0c        0x0 ../libtock-c/lib/libtock-newlib-4.2.0.20211231/arm/arm-none-eabi/lib/thumb/v6-m/nofp/libc.a(lib_a-writer.o)
 .bss           0x0000000000000c0c        0x0 ../libtock-c/lib/libtock-newlib-4.2.0.20211231/arm/arm-none-eabi/lib/thumb/v6-m/nofp/libc.a(lib_a-closer.o)
 .bss           0x0000000000000c0c        0x0 ../libtock-c/lib/libtock-newlib-4.2.0.20211231/arm/arm-none-eabi/lib/thumb/v6-m/nofp/libc.a(lib_a-fstatr.o)
 .bss           0x0000000000000c0c        0x0 ../libtock-c/lib/libtock-newlib-4.2.0.20211231/arm/arm-none-eabi/lib/thumb/v6-m/nofp/libc.a(lib_a-fvwrite.o)
 .bss           0x0000000000000c0c        0x0 ../libtock-c/lib/libtock-newlib-4.2.0.20211231/arm/arm-none-eabi/lib/thumb/v6-m/nofp/libc.a(lib_a-isattyr.o)
 .bss           0x0000000000000c0c        0x0 ../libtock-c/lib/libtock-newlib-4.2.0.20211231/arm/arm-none-eabi/lib/thumb/v6-m/nofp/libc.a(lib_a-lseekr.o)
 .bss           0x0000000000000c0c        0x0 ../libtock-c/lib/libtock-newlib-4.2.0.20211231/arm/arm-none-eabi/lib/thumb/v6-m/nofp/libc.a(lib_a-memchr-stub.o)
 .bss           0x0000000000000c0c        0x0 ../libtock-c/lib/libtock-newlib-4.2.0.20211231/arm/arm-none-eabi/lib/thumb/v6-m/nofp/libc.a(lib_a-memmove.o)
 .bss           0x0000000000000c0c        0x0 ../libtock-c/lib/libtock-newlib-4.2.0.20211231/arm/arm-none-eabi/lib/thumb/v6-m/nofp/libc.a(lib_a-nano-reallocr.o)
 .bss           0x0000000000000c0c        0x0 ../libtock-c/lib/libtock-newlib-4.2.0.20211231/arm/arm-none-eabi/lib/thumb/v6-m/nofp/libc.a(lib_a-readr.o)
 .bss           0x0000000000000c0c        0x0 ../libtock-c/lib/libtock-newlib-4.2.0.20211231/arm/arm-none-eabi/lib/thumb/v6-m/nofp/libc.a(lib_a-nano-msizer.o)
 .bss           0x0000000000000c0c        0x0 ../libtock-c/lib/libtock-libc++-10.5.0/arm/lib/gcc/arm-none-eabi/10.5.0/thumb/v6-m/nofp/libgcc.a(_thumb1_case_uqi.o)
 .bss           0x0000000000000c0c        0x0 ../libtock-c/lib/libtock-libc++-10.5.0/arm/lib/gcc/arm-none-eabi/10.5.0/thumb/v6-m/nofp/libgcc.a(_thumb1_case_shi.o)
 .bss           0x0000000000000c0c        0x0 ../libtock-c/lib/libtock-libc++-10.5.0/arm/lib/gcc/arm-none-eabi/10.5.0/thumb/v6-m/nofp/libgcc.a(_udivsi3.o)
 .bss           0x0000000000000c0c        0x0 ../libtock-c/lib/libtock-libc++-10.5.0/arm/lib/gcc/arm-none-eabi/10.5.0/thumb/v6-m/nofp/libgcc.a(_divsi3.o)
 .bss           0x0000000000000c0c        0x0 ../libtock-c/lib/libtock-libc++-10.5.0/arm/lib/gcc/arm-none-eabi/10.5.0/thumb/v6-m/nofp/libgcc.a(_dvmd_tls.o)
 .bss           0x0000000000000c0c        0x0 ../libtock-c/libtock/build/cortex-m0/libtock.a(sys.o)
 .bss.__dso_handle
                0x0000000000000c0c        0x4 ../libtock-c/libtock/build/cortex-m0/libtock.a(sys.o)
                0x0000000000000c0c                __dso_handle
 .bss           0x0000000000000c10        0x0 ../libtock-c/libtock/build/cortex-m0/libtock.a(screen.o)
 .bss           0x0000000000000c10        0x0 ../libtock-c/libtock/build/cortex-m0/libtock.a(screen_syscalls.o)
 .bss           0x0000000000000c10        0x0 ../libtock-c/libtock-sync/build/cortex-m0/libtocksync.a(sys.o)
 .bss           0x0000000000000c10        0x0 ../libtock-c/libtock-sync/build/cortex-m0/libtocksync.a(console.o)
 .bss.result    0x0000000000000c10        0xc ../libtock-c/libtock-sync/build/cortex-m0/libtocksync.a(console.o)
 .bss           0x0000000000000c1c        0x0 ../libtock-c/lib/libtock-newlib-4.2.0.20211231/arm/arm-none-eabi/lib/thumb/v6-m/nofp/libc.a(lib_a-errno.o)
 .bss           0x0000000000000c1c        0x0 ../libtock-c/libtock/build/cortex-m0/libtock.a(console.o)
 .bss           0x0000000000000c1c        0x0 ../libtock-c/libtock/build/cortex-m0/libtock.a(console_syscalls.o)
 *(.sbss*)
 *(COMMON)
                0x0000000000000c1c                . = ALIGN (0x4)

.endflash       0x00000000800022b8        0x0
                [!provide]                        PROVIDE (__exidx_start = .)

.ARM.exidx
 *(.ARM.exidx* .gnu.linkonce.armexidx.*)
                [!provide]                        PROVIDE (__exidx_end = .)
                0x0000000000000001                ASSERT ((_got <= _bss), 
The GOT section must be before the BSS section for crt0 setup to be correct.)
                0x0000000000000001                ASSERT ((_data <= _bss), 
The data section must be before the BSS section for crt0 setup to be correct.)
OUTPUT(build/cortex-m0/cortex-m0.elf elf32-littlearm)
LOAD linker stubs

.GCC.command.line
                0x0000000000000000     0x29fc
 .GCC.command.line
                0x0000000000000000      0x4a9 build/cortex-m0/display.o
                                        0x4b3 (size before relaxing)
 .GCC.command.line
                0x00000000000004a9       0x2d build/cortex-m0/game.o
                                        0x4ad (size before relaxing)
 .GCC.command.line
                0x00000000000004d6       0x2f build/cortex-m0/input.o
                                        0x4af (size before relaxing)
 .GCC.command.line
                0x0000000000000505       0x2d build/cortex-m0/main.o
                                        0x4ad (size before relaxing)
 .GCC.command.line
                0x0000000000000532       0x37 build/cortex-m0/u8g2-tock.o
                                        0x4b7 (size before relaxing)
 .GCC.command.line
                0x0000000000000569      0x9bd ../libtock-c/libtock/build/cortex-m0/libtock.a(crt0.o)
                                        0xe3d (size before relaxing)
 .GCC.command.line
                0x0000000000000f26       0x7f ../libtock-c/libtock/build/cortex-m0/libtock.a(button.o)
                                        0xe55 (size before relaxing)
 .GCC.command.line
                0x0000000000000fa5       0xa3 ../libtock-c/libtock/build/cortex-m0/libtock.a(button_syscalls.o)
                                        0xe79 (size before relaxing)
 .GCC.command.line
                0x0000000000001048       0x67 ../libtock-c/libtock/build/cortex-m0/libtock.a(tock.o)
                                        0xe3d (size before relaxing)
 .GCC.command.line
                0x00000000000010af      0x8bc ../libtock-c/libtock-sync/build/cortex-m0/libtocksync.a(screen.o)
                                        0xd3c (size before relaxing)
 .GCC.command.line
                0x000000000000196b       0xb2 ../libtock-c/libtock-sync/build/cortex-m0/libtocksync.a(screen_syscalls.o)
                                        0xd60 (size before relaxing)
 .GCC.command.line
                0x0000000000001a1d      0x1fe ../libtock-c/u8g2/build/cortex-m0/u8g2.a(u8g2_box.o)
                                        0x50d (size before relaxing)
 .GCC.command.line
                0x0000000000001c1b       0xbb ../libtock-c/u8g2/build/cortex-m0/u8g2.a(u8g2_circle.o)
                                        0x513 (size before relaxing)
 .GCC.command.line
                0x0000000000001cd6       0xbb ../libtock-c/u8g2/build/cortex-m0/u8g2.a(u8g2_hvline.o)
                                        0x513 (size before relaxing)
 .GCC.command.line
                0x0000000000001d91       0xc7 ../libtock-c/u8g2/build/cortex-m0/u8g2.a(u8g2_intersection.o)
                                        0x51f (size before relaxing)
 .GCC.command.line
                0x0000000000001e58       0xb7 ../libtock-c/u8g2/build/cortex-m0/u8g2.a(u8g2_line.o)
                                        0x50f (size before relaxing)
 .GCC.command.line
                0x0000000000001f0f       0xc1 ../libtock-c/u8g2/build/cortex-m0/u8g2.a(u8g2_ll_hvline.o)
                                        0x519 (size before relaxing)
 .GCC.command.line
                0x0000000000001fd0       0xb9 ../libtock-c/u8g2/build/cortex-m0/u8g2.a(u8g2_setup.o)
                                        0x511 (size before relaxing)
 .GCC.command.line
                0x0000000000002089       0xb5 ../libtock-c/u8g2/build/cortex-m0/u8g2.a(u8x8_cad.o)
                                        0x50d (size before relaxing)
 .GCC.command.line
                0x000000000000213e       0xbd ../libtock-c/u8g2/build/cortex-m0/u8g2.a(u8x8_display.o)
                                        0x515 (size before relaxing)
 .GCC.command.line
                0x00000000000021fb       0xb7 ../libtock-c/u8g2/build/cortex-m0/u8g2.a(u8x8_gpio.o)
                                        0x50f (size before relaxing)
 .GCC.command.line
                0x00000000000022b2       0xb9 ../libtock-c/u8g2/build/cortex-m0/u8g2.a(u8x8_setup.o)
                                        0x511 (size before relaxing)
 .GCC.command.line
                0x000000000000236b       0xb7 ../libtock-c/u8g2/build/cortex-m0/u8g2.a(u8g2_font.o)
                                        0x50f (size before relaxing)
 .GCC.command.line
                0x0000000000002422       0xbd ../libtock-c/u8g2/build/cortex-m0/u8g2.a(u8g2_kerning.o)
                                        0x515 (size before relaxing)
 .GCC.command.line
                0x00000000000024df       0xb5 ../libtock-c/u8g2/build/cortex-m0/u8g2.a(u8x8_8x8.o)
                                        0x50d (size before relaxing)
 .GCC.command.line
                0x0000000000002594       0xb7 ../libtock-c/u8g2/build/cortex-m0/u8g2.a(u8x8_byte.o)
                                        0x50f (size before relaxing)
 .GCC.command.line
                0x000000000000264b       0x65 ../libtock-c/libtock/build/cortex-m0/libtock.a(sys.o)
                                        0xe3b (size before relaxing)
 .GCC.command.line
                0x00000000000026b0       0x7b ../libtock-c/libtock/build/cortex-m0/libtock.a(screen.o)
                                        0xe51 (size before relaxing)
 .GCC.command.line
                0x000000000000272b       0x9f ../libtock-c/libtock/build/cortex-m0/libtock.a(screen_syscalls.o)
                                        0xe75 (size before relaxing)
 .GCC.command.line
                0x00000000000027ca       0x78 ../libtock-c/libtock-sync/build/cortex-m0/libtocksync.a(sys.o)
                                        0xd26 (size before relaxing)
 .GCC.command.line
                0x0000000000002842       0x94 ../libtock-c/libtock-sync/build/cortex-m0/libtocksync.a(console.o)
                                        0xd42 (size before relaxing)
 .GCC.command.line
                0x00000000000028d6       0x81 ../libtock-c/libtock/build/cortex-m0/libtock.a(console.o)
                                        0xe57 (size before relaxing)
 .GCC.command.line
                0x0000000000002957       0xa5 ../libtock-c/libtock/build/cortex-m0/libtock.a(console_syscalls.o)
                                        0xe7b (size before relaxing)

.comment        0x0000000000000000       0x33
 .comment       0x0000000000000000       0x33 build/cortex-m0/display.o
                                         0x34 (size before relaxing)
 .comment       0x0000000000000033       0x34 build/cortex-m0/game.o
 .comment       0x0000000000000033       0x34 build/cortex-m0/input.o
 .comment       0x0000000000000033       0x34 build/cortex-m0/main.o
 .comment       0x0000000000000033       0x34 build/cortex-m0/u8g2-tock.o
 .comment       0x0000000000000033       0x34 ../libtock-c/libtock/build/cortex-m0/libtock.a(crt0.o)
 .comment       0x0000000000000033       0x34 ../libtock-c/libtock/build/cortex-m0/libtock.a(button.o)
 .comment       0x0000000000000033       0x34 ../libtock-c/libtock/build/cortex-m0/libtock.a(button_syscalls.o)
 .comment       0x0000000000000033       0x34 ../libtock-c/libtock/build/cortex-m0/libtock.a(tock.o)
 .comment       0x0000000000000033       0x34 ../libtock-c/libtock-sync/build/cortex-m0/libtocksync.a(screen.o)
 .comment       0x0000000000000033       0x34 ../libtock-c/libtock-sync/build/cortex-m0/libtocksync.a(screen_syscalls.o)
 .comment       0x0000000000000033       0x34 ../libtock-c/u8g2/build/cortex-m0/u8g2.a(u8g2_box.o)
 .comment       0x0000000000000033       0x34 ../libtock-c/u8g2/build/cortex-m0/u8g2.a(u8g2_circle.o)
 .comment       0x0000000000000033       0x34 ../libtock-c/u8g2/build/cortex-m0/u8g2.a(u8g2_hvline.o)
 .comment       0x0000000000000033       0x34 ../libtock-c/u8g2/build/cortex-m0/u8g2.a(u8g2_intersection.o)
 .comment       0x0000000000000033       0x34 ../libtock-c/u8g2/build/cortex-m0/u8g2.a(u8g2_line.o)
 .comment       0x0000000000000033       0x34 ../libtock-c/u8g2/build/cortex-m0/u8g2.a(u8g2_ll_hvline.o)
 .comment       0x0000000000000033       0x34 ../libtock-c/u8g2/build/cortex-m0/u8g2.a(u8g2_setup.o)
 .comment       0x0000000000000033       0x34 ../libtock-c/u8g2/build/cortex-m0/u8g2.a(u8x8_cad.o)
 .comment       0x0000000000000033       0x34 ../libtock-c/u8g2/build/cortex-m0/u8g2.a(u8x8_display.o)
 .comment       0x0000000000000033       0x34 ../libtock-c/u8g2/build/cortex-m0/u8g2.a(u8x8_gpio.o)
 .comment       0x0000000000000033       0x34 ../libtock-c/u8g2/build/cortex-m0/u8g2.a(u8x8_setup.o)
 .comment       0x0000000000000033       0x34 ../libtock-c/u8g2/build/cortex-m0/u8g2.a(u8g2_font.o)
 .comment       0x0000000000000033       0x34 ../libtock-c/u8g2/build/cortex-m0/u8g2.a(u8g2_kerning.o)
 .comment       0x0000000000000033       0x34 ../libtock-c/u8g2/build/cortex-m0/u8g2.a(u8x8_8x8.o)
 .comment       0x0000000000000033       0x34 ../libtock-c/u8g2/build/cortex-m0/u8g2.a(u8x8_byte.o)
 .comment       0x0000000000000033       0x34 ../libtock-c/lib/libtock-newlib-4.2.0.20211231/arm/arm-none-eabi/lib/thumb/v6-m/nofp/libc.a(lib_a-calloc.o)
 .comment       0x0000000000000033       0x34 ../libtock-c/lib/libtock-newlib-4.2.0.20211231/arm/arm-none-eabi/lib/thumb/v6-m/nofp/libc.a(lib_a-exit.o)
 .comment       0x0000000000000033       0x34 ../libtock-c/lib/libtock-newlib-4.2.0.20211231/arm/arm-none-eabi/lib/thumb/v6-m/nofp/libc.a(lib_a-impure.o)
 .comment       0x0000000000000033       0x34 ../libtock-c/lib/libtock-newlib-4.2.0.20211231/arm/arm-none-eabi/lib/thumb/v6-m/nofp/libc.a(lib_a-memcpy-stub.o)
 .comment       0x0000000000000033       0x34 ../libtock-c/lib/libtock-newlib-4.2.0.20211231/arm/arm-none-eabi/lib/thumb/v6-m/nofp/libc.a(lib_a-memset.o)
 .comment       0x0000000000000033       0x34 ../libtock-c/lib/libtock-newlib-4.2.0.20211231/arm/arm-none-eabi/lib/thumb/v6-m/nofp/libc.a(lib_a-nano-callocr.o)
 .comment       0x0000000000000033       0x34 ../libtock-c/lib/libtock-newlib-4.2.0.20211231/arm/arm-none-eabi/lib/thumb/v6-m/nofp/libc.a(lib_a-nano-mallocr.o)
 .comment       0x0000000000000033       0x34 ../libtock-c/lib/libtock-newlib-4.2.0.20211231/arm/arm-none-eabi/lib/thumb/v6-m/nofp/libc.a(lib_a-printf.o)
 .comment       0x0000000000000033       0x34 ../libtock-c/lib/libtock-newlib-4.2.0.20211231/arm/arm-none-eabi/lib/thumb/v6-m/nofp/libc.a(lib_a-puts.o)
 .comment       0x0000000000000033       0x34 ../libtock-c/lib/libtock-newlib-4.2.0.20211231/arm/arm-none-eabi/lib/thumb/v6-m/nofp/libc.a(lib_a-sbrkr.o)
 .comment       0x0000000000000033       0x34 ../libtock-c/lib/libtock-newlib-4.2.0.20211231/arm/arm-none-eabi/lib/thumb/v6-m/nofp/libc.a(lib_a-wbuf.o)
 .comment       0x0000000000000033       0x34 ../libtock-c/lib/libtock-newlib-4.2.0.20211231/arm/arm-none-eabi/lib/thumb/v6-m/nofp/libc.a(lib_a-wsetup.o)
 .comment       0x0000000000000033       0x34 ../libtock-c/lib/libtock-newlib-4.2.0.20211231/arm/arm-none-eabi/lib/thumb/v6-m/nofp/libc.a(lib_a-fflush.o)
 .comment       0x0000000000000033       0x34 ../libtock-c/lib/libtock-newlib-4.2.0.20211231/arm/arm-none-eabi/lib/thumb/v6-m/nofp/libc.a(lib_a-findfp.o)
 .comment       0x0000000000000033       0x34 ../libtock-c/lib/libtock-newlib-4.2.0.20211231/arm/arm-none-eabi/lib/thumb/v6-m/nofp/libc.a(lib_a-fwalk.o)
 .comment       0x0000000000000033       0x34 ../libtock-c/lib/libtock-newlib-4.2.0.20211231/arm/arm-none-eabi/lib/thumb/v6-m/nofp/libc.a(lib_a-makebuf.o)
 .comment       0x0000000000000033       0x34 ../libtock-c/lib/libtock-newlib-4.2.0.20211231/arm/arm-none-eabi/lib/thumb/v6-m/nofp/libc.a(lib_a-mlock.o)
 .comment       0x0000000000000033       0x34 ../libtock-c/lib/libtock-newlib-4.2.0.20211231/arm/arm-none-eabi/lib/thumb/v6-m/nofp/libc.a(lib_a-nano-freer.o)
 .comment       0x0000000000000033       0x34 ../libtock-c/lib/libtock-newlib-4.2.0.20211231/arm/arm-none-eabi/lib/thumb/v6-m/nofp/libc.a(lib_a-nano-vfprintf.o)
 .comment       0x0000000000000033       0x34 ../libtock-c/lib/libtock-newlib-4.2.0.20211231/arm/arm-none-eabi/lib/thumb/v6-m/nofp/libc.a(lib_a-nano-vfprintf_i.o)
 .comment       0x0000000000000033       0x34 ../libtock-c/lib/libtock-newlib-4.2.0.20211231/arm/arm-none-eabi/lib/thumb/v6-m/nofp/libc.a(lib_a-reent.o)
 .comment       0x0000000000000033       0x34 ../libtock-c/lib/libtock-newlib-4.2.0.20211231/arm/arm-none-eabi/lib/thumb/v6-m/nofp/libc.a(lib_a-stdio.o)
 .comment       0x0000000000000033       0x34 ../libtock-c/lib/libtock-newlib-4.2.0.20211231/arm/arm-none-eabi/lib/thumb/v6-m/nofp/libc.a(lib_a-writer.o)
 .comment       0x0000000000000033       0x34 ../libtock-c/lib/libtock-newlib-4.2.0.20211231/arm/arm-none-eabi/lib/thumb/v6-m/nofp/libc.a(lib_a-closer.o)
 .comment       0x0000000000000033       0x34 ../libtock-c/lib/libtock-newlib-4.2.0.20211231/arm/arm-none-eabi/lib/thumb/v6-m/nofp/libc.a(lib_a-fstatr.o)
 .comment       0x0000000000000033       0x34 ../libtock-c/lib/libtock-newlib-4.2.0.20211231/arm/arm-none-eabi/lib/thumb/v6-m/nofp/libc.a(lib_a-fvwrite.o)
 .comment       0x0000000000000033       0x34 ../libtock-c/lib/libtock-newlib-4.2.0.20211231/arm/arm-none-eabi/lib/thumb/v6-m/nofp/libc.a(lib_a-isattyr.o)
 .comment       0x0000000000000033       0x34 ../libtock-c/lib/libtock-newlib-4.2.0.20211231/arm/arm-none-eabi/lib/thumb/v6-m/nofp/libc.a(lib_a-lseekr.o)
 .comment       0x0000000000000033       0x34 ../libtock-c/lib/libtock-newlib-4.2.0.20211231/arm/arm-none-eabi/lib/thumb/v6-m/nofp/libc.a(lib_a-memchr-stub.o)
 .comment       0x0000000000000033       0x34 ../libtock-c/lib/libtock-newlib-4.2.0.20211231/arm/arm-none-eabi/lib/thumb/v6-m/nofp/libc.a(lib_a-memmove.o)
 .comment       0x0000000000000033       0x34 ../libtock-c/lib/libtock-newlib-4.2.0.20211231/arm/arm-none-eabi/lib/thumb/v6-m/nofp/libc.a(lib_a-nano-reallocr.o)
 .comment       0x0000000000000033       0x34 ../libtock-c/lib/libtock-newlib-4.2.0.20211231/arm/arm-none-eabi/lib/thumb/v6-m/nofp/libc.a(lib_a-readr.o)
 .comment       0x0000000000000033       0x34 ../libtock-c/lib/libtock-newlib-4.2.0.20211231/arm/arm-none-eabi/lib/thumb/v6-m/nofp/libc.a(lib_a-nano-msizer.o)
 .comment       0x0000000000000033       0x34 ../libtock-c/libtock/build/cortex-m0/libtock.a(sys.o)
 .comment       0x0000000000000033       0x34 ../libtock-c/libtock/build/cortex-m0/libtock.a(screen.o)
 .comment       0x0000000000000033       0x34 ../libtock-c/libtock/build/cortex-m0/libtock.a(screen_syscalls.o)
 .comment       0x0000000000000033       0x34 ../libtock-c/libtock-sync/build/cortex-m0/libtocksync.a(sys.o)
 .comment       0x0000000000000033       0x34 ../libtock-c/libtock-sync/build/cortex-m0/libtocksync.a(console.o)
 .comment       0x0000000000000033       0x34 ../libtock-c/lib/libtock-newlib-4.2.0.20211231/arm/arm-none-eabi/lib/thumb/v6-m/nofp/libc.a(lib_a-errno.o)
 .comment       0x0000000000000033       0x34 ../libtock-c/libtock/build/cortex-m0/libtock.a(console.o)
 .comment       0x0000000000000033       0x34 ../libtock-c/libtock/build/cortex-m0/libtock.a(console_syscalls.o)

.ARM.attributes
                0x0000000000000000       0x2c
 .ARM.attributes
                0x0000000000000000       0x2c build/cortex-m0/display.o
 .ARM.attributes
                0x000000000000002c       0x2c build/cortex-m0/game.o
 .ARM.attributes
                0x0000000000000058       0x2c build/cortex-m0/input.o
 .ARM.attributes
                0x0000000000000084       0x2c build/cortex-m0/main.o
 .ARM.attributes
                0x00000000000000b0       0x2c build/cortex-m0/u8g2-tock.o
 .ARM.attributes
                0x00000000000000dc       0x2c ../libtock-c/libtock/build/cortex-m0/libtock.a(crt0.o)
 .ARM.attributes
                0x0000000000000108       0x2c ../libtock-c/libtock/build/cortex-m0/libtock.a(button.o)
 .ARM.attributes
                0x0000000000000134       0x2c ../libtock-c/libtock/build/cortex-m0/libtock.a(button_syscalls.o)
 .ARM.attributes
                0x0000000000000160       0x2c ../libtock-c/libtock/build/cortex-m0/libtock.a(tock.o)
 .ARM.attributes
                0x000000000000018c       0x2c ../libtock-c/libtock-sync/build/cortex-m0/libtocksync.a(screen.o)
 .ARM.attributes
                0x00000000000001b8       0x2c ../libtock-c/libtock-sync/build/cortex-m0/libtocksync.a(screen_syscalls.o)
 .ARM.attributes
                0x00000000000001e4       0x2c ../libtock-c/u8g2/build/cortex-m0/u8g2.a(u8g2_box.o)
 .ARM.attributes
                0x0000000000000210       0x2c ../libtock-c/u8g2/build/cortex-m0/u8g2.a(u8g2_circle.o)
 .ARM.attributes
                0x000000000000023c       0x2c ../libtock-c/u8g2/build/cortex-m0/u8g2.a(u8g2_hvline.o)
 .ARM.attributes
                0x0000000000000268       0x2c ../libtock-c/u8g2/build/cortex-m0/u8g2.a(u8g2_intersection.o)
 .ARM.attributes
                0x0000000000000294       0x2c ../libtock-c/u8g2/build/cortex-m0/u8g2.a(u8g2_line.o)
 .ARM.attributes
                0x00000000000002c0       0x2c ../libtock-c/u8g2/build/cortex-m0/u8g2.a(u8g2_ll_hvline.o)
 .ARM.attributes
                0x00000000000002ec       0x2c ../libtock-c/u8g2/build/cortex-m0/u8g2.a(u8g2_setup.o)
 .ARM.attributes
                0x0000000000000318       0x2c ../libtock-c/u8g2/build/cortex-m0/u8g2.a(u8x8_cad.o)
 .ARM.attributes
                0x0000000000000344       0x2c ../libtock-c/u8g2/build/cortex-m0/u8g2.a(u8x8_display.o)
 .ARM.attributes
                0x0000000000000370       0x2c ../libtock-c/u8g2/build/cortex-m0/u8g2.a(u8x8_gpio.o)
 .ARM.attributes
                0x000000000000039c       0x2c ../libtock-c/u8g2/build/cortex-m0/u8g2.a(u8x8_setup.o)
 .ARM.attributes
                0x00000000000003c8       0x2c ../libtock-c/u8g2/build/cortex-m0/u8g2.a(u8g2_font.o)
 .ARM.attributes
                0x00000000000003f4       0x2c ../libtock-c/u8g2/build/cortex-m0/u8g2.a(u8g2_kerning.o)
 .ARM.attributes
                0x0000000000000420       0x2c ../libtock-c/u8g2/build/cortex-m0/u8g2.a(u8x8_8x8.o)
 .ARM.attributes
                0x000000000000044c       0x2c ../libtock-c/u8g2/build/cortex-m0/u8g2.a(u8x8_byte.o)
 .ARM.attributes
                0x0000000000000478       0x2c ../libtock-c/lib/libtock-newlib-4.2.0.20211231/arm/arm-none-eabi/lib/thumb/v6-m/nofp/libc.a(lib_a-calloc.o)
 .ARM.attributes
                0x00000000000004a4       0x2c ../libtock-c/lib/libtock-newlib-4.2.0.20211231/arm/arm-none-eabi/lib/thumb/v6-m/nofp/libc.a(lib_a-exit.o)
 .ARM.attributes
                0x00000000000004d0       0x2c ../libtock-c/lib/libtock-newlib-4.2.0.20211231/arm/arm-none-eabi/lib/thumb/v6-m/nofp/libc.a(lib_a-impure.o)
 .ARM.attributes
                0x00000000000004fc       0x2c ../libtock-c/lib/libtock-newlib-4.2.0.20211231/arm/arm-none-eabi/lib/thumb/v6-m/nofp/libc.a(lib_a-memcpy-stub.o)
 .ARM.attributes
                0x0000000000000528       0x2c ../libtock-c/lib/libtock-newlib-4.2.0.20211231/arm/arm-none-eabi/lib/thumb/v6-m/nofp/libc.a(lib_a-memset.o)
 .ARM.attributes
                0x0000000000000554       0x2c ../libtock-c/lib/libtock-newlib-4.2.0.20211231/arm/arm-none-eabi/lib/thumb/v6-m/nofp/libc.a(lib_a-nano-callocr.o)
 .ARM.attributes
                0x0000000000000580       0x2c ../libtock-c/lib/libtock-newlib-4.2.0.20211231/arm/arm-none-eabi/lib/thumb/v6-m/nofp/libc.a(lib_a-nano-mallocr.o)
 .ARM.attributes
                0x00000000000005ac       0x2c ../libtock-c/lib/libtock-newlib-4.2.0.20211231/arm/arm-none-eabi/lib/thumb/v6-m/nofp/libc.a(lib_a-printf.o)
 .ARM.attributes
                0x00000000000005d8       0x2c ../libtock-c/lib/libtock-newlib-4.2.0.20211231/arm/arm-none-eabi/lib/thumb/v6-m/nofp/libc.a(lib_a-puts.o)
 .ARM.attributes
                0x0000000000000604       0x2c ../libtock-c/lib/libtock-newlib-4.2.0.20211231/arm/arm-none-eabi/lib/thumb/v6-m/nofp/libc.a(lib_a-sbrkr.o)
 .ARM.attributes
                0x0000000000000630       0x2c ../libtock-c/lib/libtock-newlib-4.2.0.20211231/arm/arm-none-eabi/lib/thumb/v6-m/nofp/libc.a(lib_a-wbuf.o)
 .ARM.attributes
                0x000000000000065c       0x2c ../libtock-c/lib/libtock-newlib-4.2.0.20211231/arm/arm-none-eabi/lib/thumb/v6-m/nofp/libc.a(lib_a-wsetup.o)
 .ARM.attributes
                0x0000000000000688       0x2c ../libtock-c/lib/libtock-newlib-4.2.0.20211231/arm/arm-none-eabi/lib/thumb/v6-m/nofp/libc.a(lib_a-fflush.o)
 .ARM.attributes
                0x00000000000006b4       0x2c ../libtock-c/lib/libtock-newlib-4.2.0.20211231/arm/arm-none-eabi/lib/thumb/v6-m/nofp/libc.a(lib_a-findfp.o)
 .ARM.attributes
                0x00000000000006e0       0x2c ../libtock-c/lib/libtock-newlib-4.2.0.20211231/arm/arm-none-eabi/lib/thumb/v6-m/nofp/libc.a(lib_a-fwalk.o)
 .ARM.attributes
                0x000000000000070c       0x2c ../libtock-c/lib/libtock-newlib-4.2.0.20211231/arm/arm-none-eabi/lib/thumb/v6-m/nofp/libc.a(lib_a-makebuf.o)
 .ARM.attributes
                0x0000000000000738       0x2c ../libtock-c/lib/libtock-newlib-4.2.0.20211231/arm/arm-none-eabi/lib/thumb/v6-m/nofp/libc.a(lib_a-mlock.o)
 .ARM.attributes
                0x0000000000000764       0x2c ../libtock-c/lib/libtock-newlib-4.2.0.20211231/arm/arm-none-eabi/lib/thumb/v6-m/nofp/libc.a(lib_a-nano-freer.o)
 .ARM.attributes
                0x0000000000000790       0x2c ../libtock-c/lib/libtock-newlib-4.2.0.20211231/arm/arm-none-eabi/lib/thumb/v6-m/nofp/libc.a(lib_a-nano-vfprintf.o)
 .ARM.attributes
                0x00000000000007bc       0x2c ../libtock-c/lib/libtock-newlib-4.2.0.20211231/arm/arm-none-eabi/lib/thumb/v6-m/nofp/libc.a(lib_a-nano-vfprintf_i.o)
 .ARM.attributes
                0x00000000000007e8       0x2c ../libtock-c/lib/libtock-newlib-4.2.0.20211231/arm/arm-none-eabi/lib/thumb/v6-m/nofp/libc.a(lib_a-reent.o)
 .ARM.attributes
                0x0000000000000814       0x2c ../libtock-c/lib/libtock-newlib-4.2.0.20211231/arm/arm-none-eabi/lib/thumb/v6-m/nofp/libc.a(lib_a-stdio.o)
 .ARM.attributes
                0x0000000000000840       0x2c ../libtock-c/lib/libtock-newlib-4.2.0.20211231/arm/arm-none-eabi/lib/thumb/v6-m/nofp/libc.a(lib_a-writer.o)
 .ARM.attributes
                0x000000000000086c       0x2c ../libtock-c/lib/libtock-newlib-4.2.0.20211231/arm/arm-none-eabi/lib/thumb/v6-m/nofp/libc.a(lib_a-closer.o)
 .ARM.attributes
                0x0000000000000898       0x2c ../libtock-c/lib/libtock-newlib-4.2.0.20211231/arm/arm-none-eabi/lib/thumb/v6-m/nofp/libc.a(lib_a-fstatr.o)
 .ARM.attributes
                0x00000000000008c4       0x2c ../libtock-c/lib/libtock-newlib-4.2.0.20211231/arm/arm-none-eabi/lib/thumb/v6-m/nofp/libc.a(lib_a-fvwrite.o)
 .ARM.attributes
                0x00000000000008f0       0x2c ../libtock-c/lib/libtock-newlib-4.2.0.20211231/arm/arm-none-eabi/lib/thumb/v6-m/nofp/libc.a(lib_a-isattyr.o)
 .ARM.attributes
                0x000000000000091c       0x2c ../libtock-c/lib/libtock-newlib-4.2.0.20211231/arm/arm-none-eabi/lib/thumb/v6-m/nofp/libc.a(lib_a-lseekr.o)
 .ARM.attributes
                0x0000000000000948       0x2c ../libtock-c/lib/libtock-newlib-4.2.0.20211231/arm/arm-none-eabi/lib/thumb/v6-m/nofp/libc.a(lib_a-memchr-stub.o)
 .ARM.attributes
                0x0000000000000974       0x2c ../libtock-c/lib/libtock-newlib-4.2.0.20211231/arm/arm-none-eabi/lib/thumb/v6-m/nofp/libc.a(lib_a-memmove.o)
 .ARM.attributes
                0x00000000000009a0       0x2c ../libtock-c/lib/libtock-newlib-4.2.0.20211231/arm/arm-none-eabi/lib/thumb/v6-m/nofp/libc.a(lib_a-nano-reallocr.o)
 .ARM.attributes
                0x00000000000009cc       0x2c ../libtock-c/lib/libtock-newlib-4.2.0.20211231/arm/arm-none-eabi/lib/thumb/v6-m/nofp/libc.a(lib_a-readr.o)
 .ARM.attributes
                0x00000000000009f8       0x2c ../libtock-c/lib/libtock-newlib-4.2.0.20211231/arm/arm-none-eabi/lib/thumb/v6-m/nofp/libc.a(lib_a-nano-msizer.o)
 .ARM.attributes
                0x0000000000000a24       0x1e ../libtock-c/lib/libtock-libc++-10.5.0/arm/lib/gcc/arm-none-eabi/10.5.0/thumb/v6-m/nofp/libgcc.a(_thumb1_case_uqi.o)
 .ARM.attributes
                0x0000000000000a42       0x1e ../libtock-c/lib/libtock-libc++-10.5.0/arm/lib/gcc/arm-none-eabi/10.5.0/thumb/v6-m/nofp/libgcc.a(_thumb1_case_shi.o)
 .ARM.attributes
                0x0000000000000a60       0x1e ../libtock-c/lib/libtock-libc++-10.5.0/arm/lib/gcc/arm-none-eabi/10.5.0/thumb/v6-m/nofp/libgcc.a(_udivsi3.o)
 .ARM.attributes
                0x0000000000000a7e       0x1e ../libtock-c/lib/libtock-libc++-10.5.0/arm/lib/gcc/arm-none-eabi/10.5.0/thumb/v6-m/nofp/libgcc.a(_divsi3.o)
 .ARM.attributes
                0x0000000000000a9c       0x1e ../libtock-c/lib/libtock-libc++-10.5.0/arm/lib/gcc/arm-none-eabi/10.5.0/thumb/v6-m/nofp/libgcc.a(_dvmd_tls.o)
 .ARM.attributes
                0x0000000000000aba       0x2c ../libtock-c/libtock/build/cortex-m0/libtock.a(sys.o)
 .ARM.attributes
                0x0000000000000ae6       0x2c ../libtock-c/libtock/build/cortex-m0/libtock.a(screen.o)
 .ARM.attributes
                0x0000000000000b12       0x2c ../libtock-c/libtock/build/cortex-m0/libtock.a(screen_syscalls.o)
 .ARM.attributes
                0x0000000000000b3e       0x2c ../libtock-c/libtock-sync/build/cortex-m0/libtocksync.a(sys.o)
 .ARM.attributes
                0x0000000000000b6a       0x2c ../libtock-c/libtock-sync/build/cortex-m0/libtocksync.a(console.o)
 .ARM.attributes
                0x0000000000000b96       0x2c ../libtock-c/lib/libtock-newlib-4.2.0.20211231/arm/arm-none-eabi/lib/thumb/v6-m/nofp/libc.a(lib_a-errno.o)
 .ARM.attributes
                0x0000000000000bc2       0x2c ../libtock-c/libtock/build/cortex-m0/libtock.a(console.o)
 .ARM.attributes
                0x0000000000000bee       0x2c ../libtock-c/libtock/build/cortex-m0/libtock.a(console_syscalls.o)

.debug_info     0x0000000000000000    0x2c5ec
 .debug_info    0x0000000000000000     0x10d4 build/cortex-m0/display.o
 .debug_info    0x00000000000010d4      0x5b6 build/cortex-m0/game.o
 .debug_info    0x000000000000168a      0x1bf build/cortex-m0/input.o
 .debug_info    0x0000000000001849      0xd98 build/cortex-m0/main.o
 .debug_info    0x00000000000025e1      0xee8 build/cortex-m0/u8g2-tock.o
 .debug_info    0x00000000000034c9      0x649 ../libtock-c/libtock/build/cortex-m0/libtock.a(crt0.o)
 .debug_info    0x0000000000003b12      0x355 ../libtock-c/libtock/build/cortex-m0/libtock.a(button.o)
 .debug_info    0x0000000000003e67      0x5c1 ../libtock-c/libtock/build/cortex-m0/libtock.a(button_syscalls.o)
 .debug_info    0x0000000000004428     0x1400 ../libtock-c/libtock/build/cortex-m0/libtock.a(tock.o)
 .debug_info    0x0000000000005828      0xb27 ../libtock-c/libtock-sync/build/cortex-m0/libtocksync.a(screen.o)
 .debug_info    0x000000000000634f      0x3df ../libtock-c/libtock-sync/build/cortex-m0/libtocksync.a(screen_syscalls.o)
 .debug_info    0x000000000000672e     0x1141 ../libtock-c/u8g2/build/cortex-m0/u8g2.a(u8g2_box.o)
 .debug_info    0x000000000000786f     0x19fd ../libtock-c/u8g2/build/cortex-m0/u8g2.a(u8g2_circle.o)
 .debug_info    0x000000000000926c      0xd2a ../libtock-c/u8g2/build/cortex-m0/u8g2.a(u8g2_hvline.o)
 .debug_info    0x0000000000009f96      0xa31 ../libtock-c/u8g2/build/cortex-m0/u8g2.a(u8g2_intersection.o)
 .debug_info    0x000000000000a9c7      0xa7b ../libtock-c/u8g2/build/cortex-m0/u8g2.a(u8g2_line.o)
 .debug_info    0x000000000000b442      0xaf3 ../libtock-c/u8g2/build/cortex-m0/u8g2.a(u8g2_ll_hvline.o)
 .debug_info    0x000000000000bf35     0x1440 ../libtock-c/u8g2/build/cortex-m0/u8g2.a(u8g2_setup.o)
 .debug_info    0x000000000000d375     0x1b0b ../libtock-c/u8g2/build/cortex-m0/u8g2.a(u8x8_cad.o)
 .debug_info    0x000000000000ee80      0xab6 ../libtock-c/u8g2/build/cortex-m0/u8g2.a(u8x8_display.o)
 .debug_info    0x000000000000f936      0x42c ../libtock-c/u8g2/build/cortex-m0/u8g2.a(u8x8_gpio.o)
 .debug_info    0x000000000000fd62      0x5b0 ../libtock-c/u8g2/build/cortex-m0/u8g2.a(u8x8_setup.o)
 .debug_info    0x0000000000010312     0x2f46 ../libtock-c/u8g2/build/cortex-m0/u8g2.a(u8g2_font.o)
 .debug_info    0x0000000000013258      0xad9 ../libtock-c/u8g2/build/cortex-m0/u8g2.a(u8g2_kerning.o)
 .debug_info    0x0000000000013d31     0x13bf ../libtock-c/u8g2/build/cortex-m0/u8g2.a(u8x8_8x8.o)
 .debug_info    0x00000000000150f0     0x193b ../libtock-c/u8g2/build/cortex-m0/u8g2.a(u8x8_byte.o)
 .debug_info    0x0000000000016a2b      0x804 ../libtock-c/lib/libtock-newlib-4.2.0.20211231/arm/arm-none-eabi/lib/thumb/v6-m/nofp/libc.a(lib_a-calloc.o)
 .debug_info    0x000000000001722f      0x81a ../libtock-c/lib/libtock-newlib-4.2.0.20211231/arm/arm-none-eabi/lib/thumb/v6-m/nofp/libc.a(lib_a-exit.o)
 .debug_info    0x0000000000017a49      0x863 ../libtock-c/lib/libtock-newlib-4.2.0.20211231/arm/arm-none-eabi/lib/thumb/v6-m/nofp/libc.a(lib_a-impure.o)
 .debug_info    0x00000000000182ac      0x122 ../libtock-c/lib/libtock-newlib-4.2.0.20211231/arm/arm-none-eabi/lib/thumb/v6-m/nofp/libc.a(lib_a-memcpy-stub.o)
 .debug_info    0x00000000000183ce       0xe1 ../libtock-c/lib/libtock-newlib-4.2.0.20211231/arm/arm-none-eabi/lib/thumb/v6-m/nofp/libc.a(lib_a-memset.o)
 .debug_info    0x00000000000184af      0x85e ../libtock-c/lib/libtock-newlib-4.2.0.20211231/arm/arm-none-eabi/lib/thumb/v6-m/nofp/libc.a(lib_a-nano-callocr.o)
 .debug_info    0x0000000000018d0d      0xa62 ../libtock-c/lib/libtock-newlib-4.2.0.20211231/arm/arm-none-eabi/lib/thumb/v6-m/nofp/libc.a(lib_a-nano-mallocr.o)
 .debug_info    0x000000000001976f      0x904 ../libtock-c/lib/libtock-newlib-4.2.0.20211231/arm/arm-none-eabi/lib/thumb/v6-m/nofp/libc.a(lib_a-printf.o)
 .debug_info    0x000000000001a073      0xa63 ../libtock-c/lib/libtock-newlib-4.2.0.20211231/arm/arm-none-eabi/lib/thumb/v6-m/nofp/libc.a(lib_a-puts.o)
 .debug_info    0x000000000001aad6      0x828 ../libtock-c/lib/libtock-newlib-4.2.0.20211231/arm/arm-none-eabi/lib/thumb/v6-m/nofp/libc.a(lib_a-sbrkr.o)
 .debug_info    0x000000000001b2fe      0x99f ../libtock-c/lib/libtock-newlib-4.2.0.20211231/arm/arm-none-eabi/lib/thumb/v6-m/nofp/libc.a(lib_a-wbuf.o)
 .debug_info    0x000000000001bc9d      0x902 ../libtock-c/lib/libtock-newlib-4.2.0.20211231/arm/arm-none-eabi/lib/thumb/v6-m/nofp/libc.a(lib_a-wsetup.o)
 .debug_info    0x000000000001c59f      0xa8c ../libtock-c/lib/libtock-newlib-4.2.0.20211231/arm/arm-none-eabi/lib/thumb/v6-m/nofp/libc.a(lib_a-fflush.o)
 .debug_info    0x000000000001d02b      0xe45 ../libtock-c/lib/libtock-newlib-4.2.0.20211231/arm/arm-none-eabi/lib/thumb/v6-m/nofp/libc.a(lib_a-findfp.o)
 .debug_info    0x000000000001de70      0x908 ../libtock-c/lib/libtock-newlib-4.2.0.20211231/arm/arm-none-eabi/lib/thumb/v6-m/nofp/libc.a(lib_a-fwalk.o)
 .debug_info    0x000000000001e778      0xba7 ../libtock-c/lib/libtock-newlib-4.2.0.20211231/arm/arm-none-eabi/lib/thumb/v6-m/nofp/libc.a(lib_a-makebuf.o)
 .debug_info    0x000000000001f31f      0x7dc ../libtock-c/lib/libtock-newlib-4.2.0.20211231/arm/arm-none-eabi/lib/thumb/v6-m/nofp/libc.a(lib_a-mlock.o)
 .debug_info    0x000000000001fafb      0x8fe ../libtock-c/lib/libtock-newlib-4.2.0.20211231/arm/arm-none-eabi/lib/thumb/v6-m/nofp/libc.a(lib_a-nano-freer.o)
 .debug_info    0x00000000000203f9     0x10ff ../libtock-c/lib/libtock-newlib-4.2.0.20211231/arm/arm-none-eabi/lib/thumb/v6-m/nofp/libc.a(lib_a-nano-vfprintf.o)
 .debug_info    0x00000000000214f8      0xecc ../libtock-c/lib/libtock-newlib-4.2.0.20211231/arm/arm-none-eabi/lib/thumb/v6-m/nofp/libc.a(lib_a-nano-vfprintf_i.o)
 .debug_info    0x00000000000223c4      0x980 ../libtock-c/lib/libtock-newlib-4.2.0.20211231/arm/arm-none-eabi/lib/thumb/v6-m/nofp/libc.a(lib_a-reent.o)
 .debug_info    0x0000000000022d44      0xac7 ../libtock-c/lib/libtock-newlib-4.2.0.20211231/arm/arm-none-eabi/lib/thumb/v6-m/nofp/libc.a(lib_a-stdio.o)
 .debug_info    0x000000000002380b      0x85a ../libtock-c/lib/libtock-newlib-4.2.0.20211231/arm/arm-none-eabi/lib/thumb/v6-m/nofp/libc.a(lib_a-writer.o)
 .debug_info    0x0000000000024065      0x805 ../libtock-c/lib/libtock-newlib-4.2.0.20211231/arm/arm-none-eabi/lib/thumb/v6-m/nofp/libc.a(lib_a-closer.o)
 .debug_info    0x000000000002486a      0xa1d ../libtock-c/lib/libtock-newlib-4.2.0.20211231/arm/arm-none-eabi/lib/thumb/v6-m/nofp/libc.a(lib_a-fstatr.o)
 .debug_info    0x0000000000025287      0xb6a ../libtock-c/lib/libtock-newlib-4.2.0.20211231/arm/arm-none-eabi/lib/thumb/v6-m/nofp/libc.a(lib_a-fvwrite.o)
 .debug_info    0x0000000000025df1      0x805 ../libtock-c/lib/libtock-newlib-4.2.0.20211231/arm/arm-none-eabi/lib/thumb/v6-m/nofp/libc.a(lib_a-isattyr.o)
 .debug_info    0x00000000000265f6      0x83b ../libtock-c/lib/libtock-newlib-4.2.0.20211231/arm/arm-none-eabi/lib/thumb/v6-m/nofp/libc.a(lib_a-lseekr.o)
 .debug_info    0x0000000000026e31      0x115 ../libtock-c/lib/libtock-newlib-4.2.0.20211231/arm/arm-none-eabi/lib/thumb/v6-m/nofp/libc.a(lib_a-memchr-stub.o)
 .debug_info    0x0000000000026f46      0x10f ../libtock-c/lib/libtock-newlib-4.2.0.20211231/arm/arm-none-eabi/lib/thumb/v6-m/nofp/libc.a(lib_a-memmove.o)
 .debug_info    0x0000000000027055      0x914 ../libtock-c/lib/libtock-newlib-4.2.0.20211231/arm/arm-none-eabi/lib/thumb/v6-m/nofp/libc.a(lib_a-nano-reallocr.o)
 .debug_info    0x0000000000027969      0x853 ../libtock-c/lib/libtock-newlib-4.2.0.20211231/arm/arm-none-eabi/lib/thumb/v6-m/nofp/libc.a(lib_a-readr.o)
 .debug_info    0x00000000000281bc      0x840 ../libtock-c/lib/libtock-newlib-4.2.0.20211231/arm/arm-none-eabi/lib/thumb/v6-m/nofp/libc.a(lib_a-nano-msizer.o)
 .debug_info    0x00000000000289fc       0x26 ../libtock-c/lib/libtock-libc++-10.5.0/arm/lib/gcc/arm-none-eabi/10.5.0/thumb/v6-m/nofp/libgcc.a(_thumb1_case_uqi.o)
 .debug_info    0x0000000000028a22       0x26 ../libtock-c/lib/libtock-libc++-10.5.0/arm/lib/gcc/arm-none-eabi/10.5.0/thumb/v6-m/nofp/libgcc.a(_thumb1_case_shi.o)
 .debug_info    0x0000000000028a48       0x26 ../libtock-c/lib/libtock-libc++-10.5.0/arm/lib/gcc/arm-none-eabi/10.5.0/thumb/v6-m/nofp/libgcc.a(_udivsi3.o)
 .debug_info    0x0000000000028a6e       0x26 ../libtock-c/lib/libtock-libc++-10.5.0/arm/lib/gcc/arm-none-eabi/10.5.0/thumb/v6-m/nofp/libgcc.a(_divsi3.o)
 .debug_info    0x0000000000028a94       0x26 ../libtock-c/lib/libtock-libc++-10.5.0/arm/lib/gcc/arm-none-eabi/10.5.0/thumb/v6-m/nofp/libgcc.a(_dvmd_tls.o)
 .debug_info    0x0000000000028aba      0x691 ../libtock-c/libtock/build/cortex-m0/libtock.a(sys.o)
 .debug_info    0x000000000002914b      0xed4 ../libtock-c/libtock/build/cortex-m0/libtock.a(screen.o)
 .debug_info    0x000000000002a01f      0xd9c ../libtock-c/libtock/build/cortex-m0/libtock.a(screen_syscalls.o)
 .debug_info    0x000000000002adbb      0x14b ../libtock-c/libtock-sync/build/cortex-m0/libtocksync.a(sys.o)
 .debug_info    0x000000000002af06      0x358 ../libtock-c/libtock-sync/build/cortex-m0/libtocksync.a(console.o)