Archive member included to satisfy reference by file (symbol)

../libtock-c/libtock/build/cortex-m7/libtock.a(crt0.o)
                              (_start)
../libtock-c/libtock/build/cortex-m7/libtock.a(button.o)
                              build/cortex-m7/input.o (libtock_button_exists)
../libtock-c/libtock/build/cortex-m7/libtock.a(button_syscalls.o)
                              ../libtock-c/libtock/build/cortex-m7/libtock.a(button.o) (libtock_button_set_upcall)
../libtock-c/libtock/build/cortex-m7/libtock.a(tock.o)
                              ../libtock-c/libtock/build/cortex-m7/libtock.a(button_syscalls.o) (tock_command_return_novalue_to_returncode)
../libtock-c/libtock-sync/build/cortex-m7/libtocksync.a(screen.o)
                              build/cortex-m7/u8g2-tock.o (libtocksync_screen_exists)
../libtock-c/libtock-sync/build/cortex-m7/libtocksync.a(screen_syscalls.o)
                              ../libtock-c/libtock-sync/build/cortex-m7/libtocksync.a(screen.o) (libtocksync_screen_yield_wait_for)
../libtock-c/u8g2/build/cortex-m7/u8g2.a(u8g2_box.o)
                              build/cortex-m7/display.o (u8g2_DrawBox)
../libtock-c/u8g2/build/cortex-m7/u8g2.a(u8g2_circle.o)
                              build/cortex-m7/display.o (u8g2_DrawCircle)
../libtock-c/u8g2/build/cortex-m7/u8g2.a(u8g2_hvline.o)
                              ../libtock-c/u8g2/build/cortex-m7/u8g2.a(u8g2_box.o) (u8g2_DrawHVLine)
../libtock-c/u8g2/build/cortex-m7/u8g2.a(u8g2_intersection.o)
                              ../libtock-c/u8g2/build/cortex-m7/u8g2.a(u8g2_box.o) (u8g2_IsIntersection)
../libtock-c/u8g2/build/cortex-m7/u8g2.a(u8g2_line.o)
                              build/cortex-m7/display.o (u8g2_DrawLine)
../libtock-c/u8g2/build/cortex-m7/u8g2.a(u8g2_ll_hvline.o)
                              build/cortex-m7/u8g2-tock.o (u8g2_ll_hvline_vertical_top_lsb)
../libtock-c/u8g2/build/cortex-m7/u8g2.a(u8g2_setup.o)
                              build/cortex-m7/u8g2-tock.o (u8g2_SetupBuffer)
../libtock-c/u8g2/build/cortex-m7/u8g2.a(u8x8_cad.o)
                              ../libtock-c/u8g2/build/cortex-m7/u8g2.a(u8g2_setup.o) (u8x8_cad_vsendf)
../libtock-c/u8g2/build/cortex-m7/u8g2.a(u8x8_display.o)
                              build/cortex-m7/u8g2-tock.o (u8x8_d_helper_display_setup_memory)
../libtock-c/u8g2/build/cortex-m7/u8g2.a(u8x8_gpio.o)
                              ../libtock-c/u8g2/build/cortex-m7/u8g2.a(u8x8_cad.o) (u8x8_gpio_call)
../libtock-c/u8g2/build/cortex-m7/u8g2.a(u8x8_setup.o)
                              build/cortex-m7/u8g2-tock.o (u8x8_dummy_cb)
../libtock-c/u8g2/build/cortex-m7/u8g2.a(u8g2_font.o)
                              ../libtock-c/u8g2/build/cortex-m7/u8g2.a(u8g2_setup.o) (u8g2_SetFontPosBaseline)
../libtock-c/u8g2/build/cortex-m7/u8g2.a(u8g2_kerning.o)
                              ../libtock-c/u8g2/build/cortex-m7/u8g2.a(u8g2_font.o) (u8g2_GetKerning)
../libtock-c/u8g2/build/cortex-m7/u8g2.a(u8x8_8x8.o)
                              ../libtock-c/u8g2/build/cortex-m7/u8g2.a(u8g2_font.o) (u8x8_ascii_next)
../libtock-c/u8g2/build/cortex-m7/u8g2.a(u8x8_byte.o)
                              ../libtock-c/u8g2/build/cortex-m7/u8g2.a(u8x8_cad.o) (u8x8_byte_SetDC)
../libtock-c/lib/libtock-newlib-4.2.0.20211231/arm/arm-none-eabi/lib/thumb/v7e-m/nofp/libc.a(lib_a-calloc.o)
                              build/cortex-m7/u8g2-tock.o (calloc)
../libtock-c/lib/libtock-newlib-4.2.0.20211231/arm/arm-none-eabi/lib/thumb/v7e-m/nofp/libc.a(lib_a-exit.o)
                              ../libtock-c/libtock/build/cortex-m7/libtock.a(crt0.o) (exit)
../libtock-c/lib/libtock-newlib-4.2.0.20211231/arm/arm-none-eabi/lib/thumb/v7e-m/nofp/libc.a(lib_a-impure.o)
                              ../libtock-c/lib/libtock-newlib-4.2.0.20211231/arm/arm-none-eabi/lib/thumb/v7e-m/nofp/libc.a(lib_a-exit.o) (_global_impure_ptr)
../libtock-c/lib/libtock-newlib-4.2.0.20211231/arm/arm-none-eabi/lib/thumb/v7e-m/nofp/libc.a(lib_a-memcpy-stub.o)
                              ../libtock-c/libtock/build/cortex-m7/libtock.a(crt0.o) (memcpy)
../libtock-c/lib/libtock-newlib-4.2.0.20211231/arm/arm-none-eabi/lib/thumb/v7e-m/nofp/libc.a(lib_a-memset.o)
                              build/cortex-m7/u8g2-tock.o (memset)
../libtock-c/lib/libtock-newlib-4.2.0.20211231/arm/arm-none-eabi/lib/thumb/v7e-m/nofp/libc.a(lib_a-nano-callocr.o)
                              ../libtock-c/lib/libtock-newlib-4.2.0.20211231/arm/arm-none-eabi/lib/thumb/v7e-m/nofp/libc.a(lib_a-calloc.o) (_calloc_r)
../libtock-c/lib/libtock-newlib-4.2.0.20211231/arm/arm-none-eabi/lib/thumb/v7e-m/nofp/libc.a(lib_a-nano-mallocr.o)
                              ../libtock-c/lib/libtock-newlib-4.2.0.20211231/arm/arm-none-eabi/lib/thumb/v7e-m/nofp/libc.a(lib_a-nano-callocr.o) (_malloc_r)
../libtock-c/lib/libtock-newlib-4.2.0.20211231/arm/arm-none-eabi/lib/thumb/v7e-m/nofp/libc.a(lib_a-printf.o)
[...]
Memory Configuration

Name             Origin             Length             Attributes
FLASH            0x0000000080000000 0x0000000000070000 xr
SRAM             0x0000000000000000 0x0000000000010000 xrw
*default*        0x0000000000000000 0xffffffffffffffff

Linker script and memory map

                0x0000000000000800                STACK_SIZE = 0x800
                0x0000000000004e20                APP_HEAP_SIZE = 0x4e20
                0x0000000000000400                KERNEL_HEAP_SIZE = 0x400
START GROUP
LOAD build/cortex-m7/display.o
LOAD build/cortex-m7/game.o
LOAD build/cortex-m7/input.o
LOAD build/cortex-m7/main.o
LOAD build/cortex-m7/u8g2-tock.o
LOAD ../libtock-c/libtock/build/cortex-m7/libtock.a
LOAD ../libtock-c/libtock-sync/build/cortex-m7/libtocksync.a
LOAD ../libtock-c/u8g2/build/cortex-m7/u8g2.a
LOAD ../libtock-c/lib/libtock-newlib-4.2.0.20211231/arm/arm-none-eabi/lib/thumb/v7e-m/nofp/libc.a
LOAD ../libtock-c/lib/libtock-newlib-4.2.0.20211231/arm/arm-none-eabi/lib/thumb/v7e-m/nofp/libm.a
LOAD ../libtock-c/lib/libtock-libc++-10.5.0/arm/arm-none-eabi/lib/thumb/v7e-m/nofp/libstdc++.a
LOAD ../libtock-c/lib/libtock-libc++-10.5.0/arm/arm-none-eabi/lib/thumb/v7e-m/nofp/libsupc++.a
LOAD ../libtock-c/lib/libtock-libc++-10.5.0/arm/lib/gcc/arm-none-eabi/10.5.0/thumb/v7e-m/nofp/libgcc.a
END GROUP
                0x0000000000070000                PROG_LENGTH = 0x70000
                0x0000000000010000                RAM_LENGTH = 0x10000

.crt0_header    0x0000000080000000       0x28
                0x0000000080000000        0x4 LONG 0x1ec8 (LOADADDR (.got) - ORIGIN (FLASH))
                0x0000000080000004        0x4 LONG 0x800 (_got - ORIGIN (SRAM))
                0x0000000080000008        0x4 LONG 0x84 SIZEOF (.got)
                0x000000008000000c        0x4 LONG 0x1f4c (LOADADDR (.data) - ORIGIN (FLASH))
                0x0000000080000010        0x4 LONG 0x884 (_data - ORIGIN (SRAM))
                0x0000000080000014        0x4 LONG 0xc8 SIZEOF (.data)
                0x0000000080000018        0x4 LONG 0x94c (_bss - ORIGIN (SRAM))
                0x000000008000001c        0x4 LONG 0x2cc SIZEOF (.bss)
                0x0000000080000020        0x4 LONG 0x2014 (LOADADDR (.endflash) - ORIGIN (FLASH))
                0x0000000080000024        0x4 LONG 0x800 STACK_SIZE

.wfr.app_state  0x0000000080000028        0x0
 *(.app_state)
                0x0000000080000028                . = ALIGN (0x4)

.text           0x0000000080000028     0x1ea0
                0x0000000080000028                . = ALIGN (0x4)
                0x0000000080000028                _text = .
 *(.start)
 .start         0x0000000080000028       0x42 ../libtock-c/libtock/build/cortex-m7/libtock.a(crt0.o)
                0x0000000080000028                _start
 *(.text*)
 *fill*         0x000000008000006a        0x2 ff
 .text.display_init
                0x000000008000006c       0x10 build/cortex-m7/display.o
                0x000000008000006c                display_init
 .text.obstacle_init
                0x000000008000007c       0x22 build/cortex-m7/display.o
                0x000000008000007c                obstacle_init
 .text.platform_init
                0x000000008000009e       0x22 build/cortex-m7/display.o
                0x000000008000009e                platform_init
 .text.coin_init
                0x00000000800000c0       0x1e build/cortex-m7/display.o
                0x00000000800000c0                coin_init
 *fill*         0x00000000800000de        0x2 ff
 .text.draw_player
                0x00000000800000e0       0x68 build/cortex-m7/display.o
                0x00000000800000e0                draw_player
 .text.draw_obstacle
                0x0000000080000148       0x3c build/cortex-m7/display.o
                0x0000000080000148                draw_obstacle
 .text.draw_platform
                0x0000000080000184       0x3c build/cortex-m7/display.o
                0x0000000080000184                draw_platform
 .text.draw_coin
                0x00000000800001c0       0x3c build/cortex-m7/display.o
                0x00000000800001c0                draw_coin
 .text.draw_frame
                0x00000000800001fc       0x84 build/cortex-m7/display.o
                0x00000000800001fc                draw_frame
 .text.player_init
                0x0000000080000280       0x1a build/cortex-m7/game.o
                0x0000000080000280                player_init
 .text.jump     0x000000008000029a       0x10 build/cortex-m7/game.o
                0x000000008000029a                jump
 .text.apply_gravity
                0x00000000800002aa       0x18 build/cortex-m7/game.o
                0x00000000800002aa                apply_gravity
 .text.collide_ground
                0x00000000800002c2       0x18 build/cortex-m7/game.o
                0x00000000800002c2                collide_ground
 .text.collide_platform
                0x00000000800002da       0x70 build/cortex-m7/game.o
                0x00000000800002da                collide_platform
 .text.collide_obstacle
                0x000000008000034a       0x36 build/cortex-m7/game.o
                0x000000008000034a                collide_obstacle
 .text.input_init
                0x0000000080000380       0x14 build/cortex-m7/input.o
                0x0000000080000380                input_init
 .text.jump_pressed
                0x0000000080000394       0x1a build/cortex-m7/input.o
                0x0000000080000394                jump_pressed
 .text.right_pressed
                0x00000000800003ae       0x1c build/cortex-m7/input.o
                0x00000000800003ae                right_pressed
 .text.left_pressed
                0x00000000800003ca       0x1c build/cortex-m7/input.o
                0x00000000800003ca                left_pressed
 *fill*         0x00000000800003e6        0x2 ff
 .text.startup.main
                0x00000000800003e8       0xe4 build/cortex-m7/main.o
                0x00000000800003e8                main
 .text.u8x8_d_ssd1306_tock
                0x00000000800004cc       0x40 build/cortex-m7/u8g2-tock.o
 .text.u8g2_tock_init
                0x000000008000050c       0x68 build/cortex-m7/u8g2-tock.o
                0x000000008000050c                u8g2_tock_init
 .text.u8g2_ClearBuffer
                0x0000000080000574       0x16 build/cortex-m7/u8g2-tock.o
                0x0000000080000574                u8g2_ClearBuffer
 .text.u8g2_SendBuffer
                0x000000008000058a       0x2c build/cortex-m7/u8g2-tock.o
                0x000000008000058a                u8g2_SendBuffer
 .text._c_start_pic
                0x00000000800005b6       0x7e ../libtock-c/libtock/build/cortex-m7/libtock.a(crt0.o)
                0x00000000800005b6                _c_start_pic
 .text.libtock_button_exists
                0x0000000080000634        0x4 ../libtock-c/libtock/build/cortex-m7/libtock.a(button.o)
                0x0000000080000634                libtock_button_exists
 .text.libtock_button_count
                0x0000000080000638        0x4 ../libtock-c/libtock/build/cortex-m7/libtock.a(button.o)
                0x0000000080000638                libtock_button_count
 .text.libtock_button_read
                0x000000008000063c        0x4 ../libtock-c/libtock/build/cortex-m7/libtock.a(button.o)
                0x000000008000063c                libtock_button_read
 .text.libtock_button_command_count
                0x0000000080000640       0x26 ../libtock-c/libtock/build/cortex-m7/libtock.a(button_syscalls.o)
                0x0000000080000640                libtock_button_command_count
 .text.libtock_button_driver_exists
                0x0000000080000666       0x1e ../libtock-c/libtock/build/cortex-m7/libtock.a(button_syscalls.o)
                0x0000000080000666                libtock_button_driver_exists
 .text.libtock_button_command_read
                0x0000000080000684       0x28 ../libtock-c/libtock/build/cortex-m7/libtock.a(button_syscalls.o)
                0x0000000080000684                libtock_button_command_read
 .text.tock_status_to_returncode
                0x00000000800006ac        0x4 ../libtock-c/libtock/build/cortex-m7/libtock.a(tock.o)
                0x00000000800006ac                tock_status_to_returncode
 .text.tock_command_return_novalue_to_returncode
                0x00000000800006b0       0x30 ../libtock-c/libtock/build/cortex-m7/libtock.a(tock.o)
                0x00000000800006b0                tock_command_return_novalue_to_returncode
 .text.tock_command_return_u32_to_returncode
                0x00000000800006e0       0x30 ../libtock-c/libtock/build/cortex-m7/libtock.a(tock.o)
                0x00000000800006e0                tock_command_return_u32_to_returncode
 .text.tock_command_return_u32_u32_to_returncode
                0x0000000080000710       0x34 ../libtock-c/libtock/build/cortex-m7/libtock.a(tock.o)
                0x0000000080000710                tock_command_return_u32_u32_to_returncode
 .text.tock_subscribe_return_to_returncode
                0x0000000080000744       0x22 ../libtock-c/libtock/build/cortex-m7/libtock.a(tock.o)
                0x0000000080000744                tock_subscribe_return_to_returncode
 .text.tock_allow_ro_return_to_returncode
                0x0000000080000766       0x22 ../libtock-c/libtock/build/cortex-m7/libtock.a(tock.o)
                0x0000000080000766                tock_allow_ro_return_to_returncode
 .text.yield    0x0000000080000788        0xc ../libtock-c/libtock/build/cortex-m7/libtock.a(tock.o)
                0x0000000080000788                yield
 .text.yield_for
                0x0000000080000794       0x10 ../libtock-c/libtock/build/cortex-m7/libtock.a(tock.o)
                0x0000000080000794                yield_for
 .text.yield_wait_for
                0x00000000800007a4       0x10 ../libtock-c/libtock/build/cortex-m7/libtock.a(tock.o)
                0x00000000800007a4                yield_wait_for
 .text.tock_exit
                0x00000000800007b4        0x6 ../libtock-c/libtock/build/cortex-m7/libtock.a(tock.o)
                0x00000000800007b4                tock_exit
 .text.subscribe
                0x00000000800007ba       0x38 ../libtock-c/libtock/build/cortex-m7/libtock.a(tock.o)
                0x00000000800007ba                subscribe
 .text.command  0x00000000800007f2       0x1a ../libtock-c/libtock/build/cortex-m7/libtock.a(tock.o)
                0x00000000800007f2                command
 .text.allow_readonly
                0x000000008000080c       0x38 ../libtock-c/libtock/build/cortex-m7/libtock.a(tock.o)
                0x000000008000080c                allow_readonly
 .text.memop    0x0000000080000844       0x32 ../libtock-c/libtock/build/cortex-m7/libtock.a(tock.o)
                0x0000000080000844                memop
 .text.driver_exists
                0x0000000080000876       0x1c ../libtock-c/libtock/build/cortex-m7/libtock.a(tock.o)
                0x0000000080000876                driver_exists
 .text.libtocksync_screen_exists
                0x0000000080000892        0x4 ../libtock-c/libtock-sync/build/cortex-m7/libtocksync.a(screen.o)
                0x0000000080000892                libtocksync_screen_exists
 .text.libtocksync_screen_get_resolution
                0x0000000080000896        0x4 ../libtock-c/libtock-sync/build/cortex-m7/libtocksync.a(screen.o)
                0x0000000080000896                libtocksync_screen_get_resolution
 .text.libtocksync_screen_set_frame
                0x000000008000089a       0x12 ../libtock-c/libtock-sync/build/cortex-m7/libtocksync.a(screen.o)
                0x000000008000089a                libtocksync_screen_set_frame
 .text.libtocksync_screen_write
                0x00000000800008ac       0x28 ../libtock-c/libtock-sync/build/cortex-m7/libtocksync.a(screen.o)
                0x00000000800008ac                libtocksync_screen_write
 .text.libtocksync_screen_yield_wait_for
                0x00000000800008d4       0x20 ../libtock-c/libtock-sync/build/cortex-m7/libtocksync.a(screen_syscalls.o)
                0x00000000800008d4                libtocksync_screen_yield_wait_for
 .text.u8g2_DrawBox
                0x00000000800008f4       0x44 ../libtock-c/u8g2/build/cortex-m7/u8g2.a(u8g2_box.o)
                0x00000000800008f4                u8g2_DrawBox
 .text.u8g2_draw_circle_section
                0x0000000080000938       0xb0 ../libtock-c/u8g2/build/cortex-m7/u8g2.a(u8g2_circle.o)
 .text.u8g2_draw_disc_section
                0x00000000800009e8       0xc2 ../libtock-c/u8g2/build/cortex-m7/u8g2.a(u8g2_circle.o)
 .text.u8g2_DrawCircle
                0x0000000080000aaa       0x8a ../libtock-c/u8g2/build/cortex-m7/u8g2.a(u8g2_circle.o)
                0x0000000080000aaa                u8g2_DrawCircle
 .text.u8g2_DrawDisc
                0x0000000080000b34       0x8a ../libtock-c/u8g2/build/cortex-m7/u8g2.a(u8g2_circle.o)
                0x0000000080000b34                u8g2_DrawDisc
 .text.u8g2_draw_hv_line_2dir
                0x0000000080000bbe       0x16 ../libtock-c/u8g2/build/cortex-m7/u8g2.a(u8g2_hvline.o)
                0x0000000080000bbe                u8g2_draw_hv_line_2dir
 .text.u8g2_DrawHVLine
                0x0000000080000bd4       0xd0 ../libtock-c/u8g2/build/cortex-m7/u8g2.a(u8g2_hvline.o)
                0x0000000080000bd4                u8g2_DrawHVLine
 .text.u8g2_DrawHLine
                0x0000000080000ca4        0xe ../libtock-c/u8g2/build/cortex-m7/u8g2.a(u8g2_hvline.o)
                0x0000000080000ca4                u8g2_DrawHLine
 .text.u8g2_DrawVLine
                0x0000000080000cb2        0xe ../libtock-c/u8g2/build/cortex-m7/u8g2.a(u8g2_hvline.o)
                0x0000000080000cb2                u8g2_DrawVLine
 .text.u8g2_DrawPixel
                0x0000000080000cc0       0x30 ../libtock-c/u8g2/build/cortex-m7/u8g2.a(u8g2_hvline.o)
                0x0000000080000cc0                u8g2_DrawPixel
 .text.u8g2_is_intersection_decision_tree
                0x0000000080000cf0       0x1e ../libtock-c/u8g2/build/cortex-m7/u8g2.a(u8g2_intersection.o)
                0x0000000080000cf0                u8g2_is_intersection_decision_tree
 .text.u8g2_IsIntersection
                0x0000000080000d0e       0x30 ../libtock-c/u8g2/build/cortex-m7/u8g2.a(u8g2_intersection.o)
                0x0000000080000d0e                u8g2_IsIntersection
 .text.u8g2_DrawLine
                0x0000000080000d3e       0xd0 ../libtock-c/u8g2/build/cortex-m7/u8g2.a(u8g2_line.o)
                0x0000000080000d3e                u8g2_DrawLine
 .text.u8g2_ll_hvline_vertical_top_lsb
                0x0000000080000e0e       0x94 ../libtock-c/u8g2/build/cortex-m7/u8g2.a(u8g2_ll_hvline.o)
                0x0000000080000e0e                u8g2_ll_hvline_vertical_top_lsb
 .text.u8g2_update_dimension_common
                0x0000000080000ea2       0x42 ../libtock-c/u8g2/build/cortex-m7/u8g2.a(u8g2_setup.o)
 .text.u8g2_update_dimension_r0
                0x0000000080000ee4        0x4 ../libtock-c/u8g2/build/cortex-m7/u8g2.a(u8g2_setup.o)
                0x0000000080000ee4                u8g2_update_dimension_r0
 .text.u8g2_update_dimension_r1
                0x0000000080000ee8       0x16 ../libtock-c/u8g2/build/cortex-m7/u8g2.a(u8g2_setup.o)
                0x0000000080000ee8                u8g2_update_dimension_r1
 .text.u8g2_draw_l90_r0
                0x0000000080000efe        0xe ../libtock-c/u8g2/build/cortex-m7/u8g2.a(u8g2_setup.o)
                0x0000000080000efe                u8g2_draw_l90_r0
 .text.u8g2_draw_l90_mirrorr_r0
                0x0000000080000f0c       0x22 ../libtock-c/u8g2/build/cortex-m7/u8g2.a(u8g2_setup.o)
                0x0000000080000f0c                u8g2_draw_l90_mirrorr_r0
 .text.u8g2_draw_mirror_vertical_r0
                0x0000000080000f2e       0x22 ../libtock-c/u8g2/build/cortex-m7/u8g2.a(u8g2_setup.o)
                0x0000000080000f2e                u8g2_draw_mirror_vertical_r0
 .text.u8g2_draw_l90_r1
                0x0000000080000f50       0x30 ../libtock-c/u8g2/build/cortex-m7/u8g2.a(u8g2_setup.o)
                0x0000000080000f50                u8g2_draw_l90_r1
 .text.u8g2_draw_l90_r2
                0x0000000080000f80       0x38 ../libtock-c/u8g2/build/cortex-m7/u8g2.a(u8g2_setup.o)
                0x0000000080000f80                u8g2_draw_l90_r2
 .text.u8g2_draw_l90_r3
                0x0000000080000fb8       0x2a ../libtock-c/u8g2/build/cortex-m7/u8g2.a(u8g2_setup.o)
                0x0000000080000fb8                u8g2_draw_l90_r3
 .text.u8g2_apply_clip_window
                0x0000000080000fe2       0x6c ../libtock-c/u8g2/build/cortex-m7/u8g2.a(u8g2_setup.o)
 .text.u8g2_update_page_win_r0
                0x000000008000104e       0x16 ../libtock-c/u8g2/build/cortex-m7/u8g2.a(u8g2_setup.o)
                0x000000008000104e                u8g2_update_page_win_r0
 .text.u8g2_update_page_win_r1
                0x0000000080001064       0x16 ../libtock-c/u8g2/build/cortex-m7/u8g2.a(u8g2_setup.o)
                0x0000000080001064                u8g2_update_page_win_r1
 .text.u8g2_update_page_win_r2
                0x000000008000107a       0x32 ../libtock-c/u8g2/build/cortex-m7/u8g2.a(u8g2_setup.o)
                0x000000008000107a                u8g2_update_page_win_r2
 .text.u8g2_update_page_win_r3
                0x00000000800010ac       0x34 ../libtock-c/u8g2/build/cortex-m7/u8g2.a(u8g2_setup.o)
                0x00000000800010ac                u8g2_update_page_win_r3
 .text.u8g2_update_dimension_r3
                0x00000000800010e0        0x4 ../libtock-c/u8g2/build/cortex-m7/u8g2.a(u8g2_setup.o)
                0x00000000800010e0                u8g2_update_dimension_r3
 .text.u8g2_update_dimension_r2
                0x00000000800010e4        0x4 ../libtock-c/u8g2/build/cortex-m7/u8g2.a(u8g2_setup.o)
                0x00000000800010e4                u8g2_update_dimension_r2
 .text.u8g2_SetMaxClipWindow
                0x00000000800010e8       0x10 ../libtock-c/u8g2/build/cortex-m7/u8g2.a(u8g2_setup.o)
                0x00000000800010e8                u8g2_SetMaxClipWindow
 .text.u8g2_SetupBuffer
                0x00000000800010f8       0x42 ../libtock-c/u8g2/build/cortex-m7/u8g2.a(u8g2_setup.o)
                0x00000000800010f8                u8g2_SetupBuffer
 .text.u8x8_d_helper_display_setup_memory
                0x000000008000113a        0xa ../libtock-c/u8g2/build/cortex-m7/u8g2.a(u8x8_display.o)
                0x000000008000113a                u8x8_d_helper_display_setup_memory
 .text.u8x8_SetupMemory
                0x0000000080001144       0x10 ../libtock-c/u8g2/build/cortex-m7/u8g2.a(u8x8_display.o)
                0x0000000080001144                u8x8_SetupMemory
 .text.u8x8_dummy_cb
                0x0000000080001154        0x4 ../libtock-c/u8g2/build/cortex-m7/u8g2.a(u8x8_setup.o)
                0x0000000080001154                u8x8_dummy_cb
 .text.u8x8_SetupDefaults
                0x0000000080001158       0x2c ../libtock-c/u8g2/build/cortex-m7/u8g2.a(u8x8_setup.o)
                0x0000000080001158                u8x8_SetupDefaults
 .text.u8x8_Setup
                0x0000000080001184       0x26 ../libtock-c/u8g2/build/cortex-m7/u8g2.a(u8x8_setup.o)
                0x0000000080001184                u8x8_Setup
 .text.u8g2_font_calc_vref_font
                0x00000000800011aa        0x4 ../libtock-c/u8g2/build/cortex-m7/u8g2.a(u8g2_font.o)
                0x00000000800011aa                u8g2_font_calc_vref_font
 *fill*         0x00000000800011ae        0x2 ff
 .text.u8g2_SetFontPosBaseline
                0x00000000800011b0       0x10 ../libtock-c/u8g2/build/cortex-m7/u8g2.a(u8g2_font.o)
                0x00000000800011b0                u8g2_SetFontPosBaseline
 .text.calloc   0x00000000800011c0       0x14 ../libtock-c/lib/libtock-newlib-4.2.0.20211231/arm/arm-none-eabi/lib/thumb/v7e-m/nofp/libc.a(lib_a-calloc.o)
                0x00000000800011c0                calloc
 .text.exit     0x00000000800011d4       0x30 ../libtock-c/lib/libtock-newlib-4.2.0.20211231/arm/arm-none-eabi/lib/thumb/v7e-m/nofp/libc.a(lib_a-exit.o)
                0x00000000800011d4                exit
 .text.memcpy   0x0000000080001204       0x1c ../libtock-c/lib/libtock-newlib-4.2.0.20211231/arm/arm-none-eabi/lib/thumb/v7e-m/nofp/libc.a(lib_a-memcpy-stub.o)
                0x0000000080001204                memcpy
 .text.memset   0x0000000080001220       0x10 ../libtock-c/lib/libtock-newlib-4.2.0.20211231/arm/arm-none-eabi/lib/thumb/v7e-m/nofp/libc.a(lib_a-memset.o)
                0x0000000080001220                memset
 .text._calloc_r
                0x0000000080001230       0x28 ../libtock-c/lib/libtock-newlib-4.2.0.20211231/arm/arm-none-eabi/lib/thumb/v7e-m/nofp/libc.a(lib_a-nano-callocr.o)
                0x0000000080001230                _calloc_r
 .text.sbrk_aligned
                0x0000000080001258       0x44 ../libtock-c/lib/libtock-newlib-4.2.0.20211231/arm/arm-none-eabi/lib/thumb/v7e-m/nofp/libc.a(lib_a-nano-mallocr.o)
 .text._malloc_r
                0x000000008000129c       0xec ../libtock-c/lib/libtock-newlib-4.2.0.20211231/arm/arm-none-eabi/lib/thumb/v7e-m/nofp/libc.a(lib_a-nano-mallocr.o)
                0x000000008000129c                _malloc_r
 .text._puts_r  0x0000000080001388       0xc4 ../libtock-c/lib/libtock-newlib-4.2.0.20211231/arm/arm-none-eabi/lib/thumb/v7e-m/nofp/libc.a(lib_a-puts.o)
                0x0000000080001388                _puts_r
 .text.puts     0x000000008000144c       0x14 ../libtock-c/lib/libtock-newlib-4.2.0.20211231/arm/arm-none-eabi/lib/thumb/v7e-m/nofp/libc.a(lib_a-puts.o)
                0x000000008000144c                puts
 .text._sbrk_r  0x0000000080001460       0x24 ../libtock-c/lib/libtock-newlib-4.2.0.20211231/arm/arm-none-eabi/lib/thumb/v7e-m/nofp/libc.a(lib_a-sbrkr.o)
                0x0000000080001460                _sbrk_r
 .text.__swbuf_r
                0x0000000080001484       0xb0 ../libtock-c/lib/libtock-newlib-4.2.0.20211231/arm/arm-none-eabi/lib/thumb/v7e-m/nofp/libc.a(lib_a-wbuf.o)
                0x0000000080001484                __swbuf_r
 .text.__swsetup_r
                0x0000000080001534       0xec ../libtock-c/lib/libtock-newlib-4.2.0.20211231/arm/arm-none-eabi/lib/thumb/v7e-m/nofp/libc.a(lib_a-wsetup.o)
                0x0000000080001534                __swsetup_r
 .text.__sflush_r
                0x0000000080001620      0x104 ../libtock-c/lib/libtock-newlib-4.2.0.20211231/arm/arm-none-eabi/lib/thumb/v7e-m/nofp/libc.a(lib_a-fflush.o)
                0x0000000080001620                __sflush_r
 .text._fflush_r
                0x0000000080001724       0x60 ../libtock-c/lib/libtock-newlib-4.2.0.20211231/arm/arm-none-eabi/lib/thumb/v7e-m/nofp/libc.a(lib_a-fflush.o)
                0x0000000080001724                _fflush_r
 .text.std      0x0000000080001784       0x58 ../libtock-c/lib/libtock-newlib-4.2.0.20211231/arm/arm-none-eabi/lib/thumb/v7e-m/nofp/libc.a(lib_a-findfp.o)
 .text._cleanup_r
                0x00000000800017dc       0x10 ../libtock-c/lib/libtock-newlib-4.2.0.20211231/arm/arm-none-eabi/lib/thumb/v7e-m/nofp/libc.a(lib_a-findfp.o)
                0x00000000800017dc                _cleanup_r
 .text.__sfmoreglue
                0x00000000800017ec       0x2c ../libtock-c/lib/libtock-newlib-4.2.0.20211231/arm/arm-none-eabi/lib/thumb/v7e-m/nofp/libc.a(lib_a-findfp.o)
                0x00000000800017ec                __sfmoreglue
 .text.__sfp_lock_acquire
                0x0000000080001818        0x2 ../libtock-c/lib/libtock-newlib-4.2.0.20211231/arm/arm-none-eabi/lib/thumb/v7e-m/nofp/libc.a(lib_a-findfp.o)
                0x0000000080001818                __sfp_lock_acquire
 .text.__sfp_lock_release
                0x000000008000181a        0x2 ../libtock-c/lib/libtock-newlib-4.2.0.20211231/arm/arm-none-eabi/lib/thumb/v7e-m/nofp/libc.a(lib_a-findfp.o)
                0x000000008000181a                __sfp_lock_release
 .text.__sinit_lock_acquire
                0x000000008000181c        0x2 ../libtock-c/lib/libtock-newlib-4.2.0.20211231/arm/arm-none-eabi/lib/thumb/v7e-m/nofp/libc.a(lib_a-findfp.o)
                0x000000008000181c                __sinit_lock_acquire
 .text.__sinit_lock_release
                0x000000008000181e        0x2 ../libtock-c/lib/libtock-newlib-4.2.0.20211231/arm/arm-none-eabi/lib/thumb/v7e-m/nofp/libc.a(lib_a-findfp.o)
                0x000000008000181e                __sinit_lock_release
 .text.__sinit  0x0000000080001820       0x78 ../libtock-c/lib/libtock-newlib-4.2.0.20211231/arm/arm-none-eabi/lib/thumb/v7e-m/nofp/libc.a(lib_a-findfp.o)
                0x0000000080001820                __sinit
 .text.__sfp    0x0000000080001898       0x88 ../libtock-c/lib/libtock-newlib-4.2.0.20211231/arm/arm-none-eabi/lib/thumb/v7e-m/nofp/libc.a(lib_a-findfp.o)
                0x0000000080001898                __sfp
 .text._fwalk_reent
                0x0000000080001920       0x3e ../libtock-c/lib/libtock-newlib-4.2.0.20211231/arm/arm-none-eabi/lib/thumb/v7e-m/nofp/libc.a(lib_a-fwalk.o)
                0x0000000080001920                _fwalk_reent
 .text.__swhatbuf_r
                0x000000008000195e       0x4a ../libtock-c/lib/libtock-newlib-4.2.0.20211231/arm/arm-none-eabi/lib/thumb/v7e-m/nofp/libc.a(lib_a-makebuf.o)
                0x000000008000195e                __swhatbuf_r
 .text.__smakebuf_r
                0x00000000800019a8       0x84 ../libtock-c/lib/libtock-newlib-4.2.0.20211231/arm/arm-none-eabi/lib/thumb/v7e-m/nofp/libc.a(lib_a-makebuf.o)
                0x00000000800019a8                __smakebuf_r
 .text.__malloc_lock
                0x0000000080001a2c        0x2 ../libtock-c/lib/libtock-newlib-4.2.0.20211231/arm/arm-none-eabi/lib/thumb/v7e-m/nofp/libc.a(lib_a-mlock.o)
                0x0000000080001a2c                __malloc_lock
 .text.__malloc_unlock
                0x0000000080001a2e        0x2 ../libtock-c/lib/libtock-newlib-4.2.0.20211231/arm/arm-none-eabi/lib/thumb/v7e-m/nofp/libc.a(lib_a-mlock.o)
                0x0000000080001a2e                __malloc_unlock
 .text._free_r  0x0000000080001a30       0x98 ../libtock-c/lib/libtock-newlib-4.2.0.20211231/arm/arm-none-eabi/lib/thumb/v7e-m/nofp/libc.a(lib_a-nano-freer.o)
                0x0000000080001a30                _free_r
 .text.__sread  0x0000000080001ac8       0x22 ../libtock-c/lib/libtock-newlib-4.2.0.20211231/arm/arm-none-eabi/lib/thumb/v7e-m/nofp/libc.a(lib_a-stdio.o)
                0x0000000080001ac8                __sread
 .text.__swrite
                0x0000000080001aea       0x38 ../libtock-c/lib/libtock-newlib-4.2.0.20211231/arm/arm-none-eabi/lib/thumb/v7e-m/nofp/libc.a(lib_a-stdio.o)
                0x0000000080001aea                __swrite
 .text.__sseek  0x0000000080001b22       0x24 ../libtock-c/lib/libtock-newlib-4.2.0.20211231/arm/arm-none-eabi/lib/thumb/v7e-m/nofp/libc.a(lib_a-stdio.o)
                0x0000000080001b22                __sseek
 .text.__sclose
                0x0000000080001b46        0x8 ../libtock-c/lib/libtock-newlib-4.2.0.20211231/arm/arm-none-eabi/lib/thumb/v7e-m/nofp/libc.a(lib_a-stdio.o)
                0x0000000080001b46                __sclose
 *fill*         0x0000000080001b4e        0x2 ff
 .text._write_r
                0x0000000080001b50       0x28 ../libtock-c/lib/libtock-newlib-4.2.0.20211231/arm/arm-none-eabi/lib/thumb/v7e-m/nofp/libc.a(lib_a-writer.o)
                0x0000000080001b50                _write_r
 .text._close_r
                0x0000000080001b78       0x24 ../libtock-c/lib/libtock-newlib-4.2.0.20211231/arm/arm-none-eabi/lib/thumb/v7e-m/nofp/libc.a(lib_a-closer.o)
                0x0000000080001b78                _close_r
 .text._fstat_r
                0x0000000080001b9c       0x28 ../libtock-c/lib/libtock-newlib-4.2.0.20211231/arm/arm-none-eabi/lib/thumb/v7e-m/nofp/libc.a(lib_a-fstatr.o)
                0x0000000080001b9c                _fstat_r
 .text._isatty_r
                0x0000000080001bc4       0x24 ../libtock-c/lib/libtock-newlib-4.2.0.20211231/arm/arm-none-eabi/lib/thumb/v7e-m/nofp/libc.a(lib_a-isattyr.o)
                0x0000000080001bc4                _isatty_r
 .text._lseek_r
                0x0000000080001be8       0x28 ../libtock-c/lib/libtock-newlib-4.2.0.20211231/arm/arm-none-eabi/lib/thumb/v7e-m/nofp/libc.a(lib_a-lseekr.o)
                0x0000000080001be8                _lseek_r
 .text._read_r  0x0000000080001c10       0x28 ../libtock-c/lib/libtock-newlib-4.2.0.20211231/arm/arm-none-eabi/lib/thumb/v7e-m/nofp/libc.a(lib_a-readr.o)
                0x0000000080001c10                _read_r
 .text._isatty  0x0000000080001c38        0x8 ../libtock-c/libtock/build/cortex-m7/libtock.a(sys.o)
                0x0000000080001c38                _isatty
 .text._close   0x0000000080001c40        0x6 ../libtock-c/libtock/build/cortex-m7/libtock.a(sys.o)
                0x0000000080001c40                _close
 .text._fstat   0x0000000080001c46        0xa ../libtock-c/libtock/build/cortex-m7/libtock.a(sys.o)
                0x0000000080001c46                _fstat
 .text._lseek   0x0000000080001c50        0x4 ../libtock-c/libtock/build/cortex-m7/libtock.a(sys.o)
                0x0000000080001c50                _lseek
 .text._read    0x0000000080001c54        0x4 ../libtock-c/libtock/build/cortex-m7/libtock.a(sys.o)
                0x0000000080001c54                _read
 .text._exit    0x0000000080001c58        0x6 ../libtock-c/libtock/build/cortex-m7/libtock.a(sys.o)
                0x0000000080001c58                _exit
 .text._sbrk    0x0000000080001c5e       0x28 ../libtock-c/libtock/build/cortex-m7/libtock.a(sys.o)
                0x0000000080001c5e                _sbrk
 *fill*         0x0000000080001c86        0x2 ff
 .text.libtock_screen_driver_exists
                0x0000000080001c88        0xc ../libtock-c/libtock/build/cortex-m7/libtock.a(screen_syscalls.o)
                0x0000000080001c88                libtock_screen_driver_exists
 .text.libtock_screen_set_readonly_allow
                0x0000000080001c94       0x28 ../libtock-c/libtock/build/cortex-m7/libtock.a(screen_syscalls.o)
                0x0000000080001c94                libtock_screen_set_readonly_allow
 .text.libtock_screen_command_get_resolution
                0x0000000080001cbc       0x30 ../libtock-c/libtock/build/cortex-m7/libtock.a(screen_syscalls.o)
                0x0000000080001cbc                libtock_screen_command_get_resolution
 .text.libtock_screen_command_set_frame
                0x0000000080001cec       0x2c ../libtock-c/libtock/build/cortex-m7/libtock.a(screen_syscalls.o)
                0x0000000080001cec                libtock_screen_command_set_frame
 .text.libtock_screen_command_write
                0x0000000080001d18       0x28 ../libtock-c/libtock/build/cortex-m7/libtock.a(screen_syscalls.o)
                0x0000000080001d18                libtock_screen_command_write
 .text._write   0x0000000080001d40       0x14 ../libtock-c/libtock-sync/build/cortex-m7/libtocksync.a(sys.o)
                0x0000000080001d40                _write
 .text.generic_cb
                0x0000000080001d54       0x14 ../libtock-c/libtock-sync/build/cortex-m7/libtocksync.a(console.o)
 .text.libtocksync_console_write
                0x0000000080001d68       0x34 ../libtock-c/libtock-sync/build/cortex-m7/libtocksync.a(console.o)
                0x0000000080001d68                libtocksync_console_write
 .text.__errno  0x0000000080001d9c       0x10 ../libtock-c/lib/libtock-newlib-4.2.0.20211231/arm/arm-none-eabi/lib/thumb/v7e-m/nofp/libc.a(lib_a-errno.o)
                0x0000000080001d9c                __errno
 .text.generic_upcall
                0x0000000080001dac       0x16 ../libtock-c/libtock/build/cortex-m7/libtock.a(console.o)
 *fill*         0x0000000080001dc2        0x2 ff
 .text.libtock_console_write
                0x0000000080001dc4       0x30 ../libtock-c/libtock/build/cortex-m7/libtock.a(console.o)
                0x0000000080001dc4                libtock_console_write
 .text.libtock_console_write_done_set_upcall
                0x0000000080001df4       0x22 ../libtock-c/libtock/build/cortex-m7/libtock.a(console_syscalls.o)
                0x0000000080001df4                libtock_console_write_done_set_upcall
 .text.libtock_console_set_read_allow
                0x0000000080001e16       0x22 ../libtock-c/libtock/build/cortex-m7/libtock.a(console_syscalls.o)
                0x0000000080001e16                libtock_console_set_read_allow
 .text.libtock_console_command_write
                0x0000000080001e38       0x24 ../libtock-c/libtock/build/cortex-m7/libtock.a(console_syscalls.o)
                0x0000000080001e38                libtock_console_command_write
 *(.rodata*)
 .rodata.main.str1.1
                0x0000000080001e5c        0xa build/cortex-m7/main.o
 *fill*         0x0000000080001e66        0x2 ff
 .rodata.__sf_fake_stderr
                0x0000000080001e68       0x20 ../libtock-c/lib/libtock-newlib-4.2.0.20211231/arm/arm-none-eabi/lib/thumb/v7e-m/nofp/libc.a(lib_a-findfp.o)
                0x0000000080001e68                __sf_fake_stderr
 .rodata.__sf_fake_stdin
                0x0000000080001e88       0x20 ../libtock-c/lib/libtock-newlib-4.2.0.20211231/arm/arm-none-eabi/lib/thumb/v7e-m/nofp/libc.a(lib_a-findfp.o)
                0x0000000080001e88                __sf_fake_stdin
 .rodata.__sf_fake_stdout
                0x0000000080001ea8       0x20 ../libtock-c/lib/libtock-newlib-4.2.0.20211231/arm/arm-none-eabi/lib/thumb/v7e-m/nofp/libc.a(lib_a-findfp.o)
                0x0000000080001ea8                __sf_fake_stdout
 *(.srodata*)
 *(.syscalls)
                0x0000000080001ec8                _etext = .
 *(.ARM.extab*)
                0x0000000080001ec8                . = ALIGN (0x4)

.glue_7         0x0000000080001ec8        0x0
 .glue_7        0x0000000080001ec8        0x0 linker stubs

.glue_7t        0x0000000080001ec8        0x0
 .glue_7t       0x0000000080001ec8        0x0 linker stubs

.vfp11_veneer   0x0000000080001ec8        0x0
 .vfp11_veneer  0x0000000080001ec8        0x0 linker stubs

.v4_bx          0x0000000080001ec8        0x0
 .v4_bx         0x0000000080001ec8        0x0 linker stubs

.iplt           0x0000000080001ec8        0x0
 .iplt          0x0000000080001ec8        0x0 build/cortex-m7/display.o

.rel.dyn        0x0000000080001ec8        0x0
 .rel.iplt      0x0000000080001ec8        0x0 build/cortex-m7/display.o
 .rel.got       0x0000000080001ec8        0x0 build/cortex-m7/display.o

.stack          0x0000000000000000      0x800
                0x0000000000000000                _sram_origin = .
                0x0000000000000000                . = ALIGN (0x10)
                0x0000000000000000                _stack = .
                0x0000000000000800                . = (_stack + STACK_SIZE)
 *fill*         0x0000000000000000      0x800 
                0x0000000000000800                . = ALIGN (0x10)

.got            0x0000000000000800       0x84 load address 0x0000000080001ec8
                0x0000000000000800                . = ALIGN (0x4)
                0x0000000000000800                _got = .
 *(.got*)
 .got           0x0000000000000800       0x78 build/cortex-m7/display.o
 .got.plt       0x0000000000000878        0xc build/cortex-m7/display.o
                0x0000000000000878                _GLOBAL_OFFSET_TABLE_
 *(.got.plt*)
                0x0000000000000884                . = ALIGN (0x4)

.data           0x0000000000000884       0xc8 load address 0x0000000080001f4c
                0x0000000000000884                . = ALIGN (0x4)
                0x0000000000000884                _data = .
 *(.data*)
 .data          0x0000000000000884        0x0 build/cortex-m7/display.o
 .data          0x0000000000000884        0x0 build/cortex-m7/game.o
 .data          0x0000000000000884        0x0 build/cortex-m7/input.o
 .data          0x0000000000000884        0x0 build/cortex-m7/main.o
 .data          0x0000000000000884        0x0 build/cortex-m7/u8g2-tock.o
 .data.u8x8_ssd1306_tock
                0x0000000000000884       0x18 build/cortex-m7/u8g2-tock.o
 .data          0x000000000000089c        0x0 ../libtock-c/libtock/build/cortex-m7/libtock.a(crt0.o)
 .data          0x000000000000089c        0x0 ../libtock-c/libtock/build/cortex-m7/libtock.a(button.o)
 .data          0x000000000000089c        0x0 ../libtock-c/libtock/build/cortex-m7/libtock.a(button_syscalls.o)
 .data          0x000000000000089c        0x0 ../libtock-c/libtock/build/cortex-m7/libtock.a(tock.o)
 .data          0x000000000000089c        0x0 ../libtock-c/libtock-sync/build/cortex-m7/libtocksync.a(screen.o)
 .data          0x000000000000089c        0x0 ../libtock-c/libtock-sync/build/cortex-m7/libtocksync.a(screen_syscalls.o)
 .data          0x000000000000089c        0x0 ../libtock-c/u8g2/build/cortex-m7/u8g2.a(u8g2_box.o)
 .data          0x000000000000089c        0x0 ../libtock-c/u8g2/build/cortex-m7/u8g2.a(u8g2_circle.o)
 .data          0x000000000000089c        0x0 ../libtock-c/u8g2/build/cortex-m7/u8g2.a(u8g2_hvline.o)
 .data          0x000000000000089c        0x0 ../libtock-c/u8g2/build/cortex-m7/u8g2.a(u8g2_intersection.o)
 .data          0x000000000000089c        0x0 ../libtock-c/u8g2/build/cortex-m7/u8g2.a(u8g2_line.o)
 .data          0x000000000000089c        0x0 ../libtock-c/u8g2/build/cortex-m7/u8g2.a(u8g2_ll_hvline.o)
 .data          0x000000000000089c        0x0 ../libtock-c/u8g2/build/cortex-m7/u8g2.a(u8g2_setup.o)
 .data.rel.ro.u8g2_cb_mirror
                0x000000000000089c        0xc ../libtock-c/u8g2/build/cortex-m7/u8g2.a(u8g2_setup.o)
                0x000000000000089c                u8g2_cb_mirror
 .data.rel.ro.u8g2_cb_mirror_vertical
                0x00000000000008a8        0xc ../libtock-c/u8g2/build/cortex-m7/u8g2.a(u8g2_setup.o)
                0x00000000000008a8                u8g2_cb_mirror_vertical
 .data.rel.ro.u8g2_cb_r0
                0x00000000000008b4        0xc ../libtock-c/u8g2/build/cortex-m7/u8g2.a(u8g2_setup.o)
                0x00000000000008b4                u8g2_cb_r0
 .data.rel.ro.u8g2_cb_r1
                0x00000000000008c0        0xc ../libtock-c/u8g2/build/cortex-m7/u8g2.a(u8g2_setup.o)
                0x00000000000008c0                u8g2_cb_r1
 .data.rel.ro.u8g2_cb_r2
                0x00000000000008cc        0xc ../libtock-c/u8g2/build/cortex-m7/u8g2.a(u8g2_setup.o)
                0x00000000000008cc                u8g2_cb_r2
 .data.rel.ro.u8g2_cb_r3
                0x00000000000008d8        0xc ../libtock-c/u8g2/build/cortex-m7/u8g2.a(u8g2_setup.o)
                0x00000000000008d8                u8g2_cb_r3
 .data          0x00000000000008e4        0x0 ../libtock-c/u8g2/build/cortex-m7/u8g2.a(u8x8_cad.o)
 .data          0x00000000000008e4        0x0 ../libtock-c/u8g2/build/cortex-m7/u8g2.a(u8x8_display.o)
 .data          0x00000000000008e4        0x0 ../libtock-c/u8g2/build/cortex-m7/u8g2.a(u8x8_gpio.o)
 .data          0x00000000000008e4        0x0 ../libtock-c/u8g2/build/cortex-m7/u8g2.a(u8x8_setup.o)
 .data          0x00000000000008e4        0x0 ../libtock-c/u8g2/build/cortex-m7/u8g2.a(u8g2_font.o)
 .data          0x00000000000008e4        0x0 ../libtock-c/u8g2/build/cortex-m7/u8g2.a(u8g2_kerning.o)
 .data          0x00000000000008e4        0x0 ../libtock-c/u8g2/build/cortex-m7/u8g2.a(u8x8_8x8.o)
 .data          0x00000000000008e4        0x0 ../libtock-c/u8g2/build/cortex-m7/u8g2.a(u8x8_byte.o)
 .data          0x00000000000008e4        0x0 ../libtock-c/lib/libtock-newlib-4.2.0.20211231/arm/arm-none-eabi/lib/thumb/v7e-m/nofp/libc.a(lib_a-calloc.o)
 .data          0x00000000000008e4        0x0 ../libtock-c/lib/libtock-newlib-4.2.0.20211231/arm/arm-none-eabi/lib/thumb/v7e-m/nofp/libc.a(lib_a-exit.o)
 .data          0x00000000000008e4        0x0 ../libtock-c/lib/libtock-newlib-4.2.0.20211231/arm/arm-none-eabi/lib/thumb/v7e-m/nofp/libc.a(lib_a-impure.o)
 .data.rel.impure_data
                0x00000000000008e4       0x60 ../libtock-c/lib/libtock-newlib-4.2.0.20211231/arm/arm-none-eabi/lib/thumb/v7e-m/nofp/libc.a(lib_a-impure.o)
 .data.rel.local._impure_ptr
                0x0000000000000944        0x4 ../libtock-c/lib/libtock-newlib-4.2.0.20211231/arm/arm-none-eabi/lib/thumb/v7e-m/nofp/libc.a(lib_a-impure.o)
                0x0000000000000944                _impure_ptr
 .data.rel.ro.local._global_impure_ptr
                0x0000000000000948        0x4 ../libtock-c/lib/libtock-newlib-4.2.0.20211231/arm/arm-none-eabi/lib/thumb/v7e-m/nofp/libc.a(lib_a-impure.o)
                0x0000000000000948                _global_impure_ptr
 .data          0x000000000000094c        0x0 ../libtock-c/lib/libtock-newlib-4.2.0.20211231/arm/arm-none-eabi/lib/thumb/v7e-m/nofp/libc.a(lib_a-memcpy-stub.o)
 .data          0x000000000000094c        0x0 ../libtock-c/lib/libtock-newlib-4.2.0.20211231/arm/arm-none-eabi/lib/thumb/v7e-m/nofp/libc.a(lib_a-memset.o)
 .data          0x000000000000094c        0x0 ../libtock-c/lib/libtock-newlib-4.2.0.20211231/arm/arm-none-eabi/lib/thumb/v7e-m/nofp/libc.a(lib_a-nano-callocr.o)
 .data          0x000000000000094c        0x0 ../libtock-c/lib/libtock-newlib-4.2.0.20211231/arm/arm-none-eabi/lib/thumb/v7e-m/nofp/libc.a(lib_a-nano-mallocr.o)
 .data          0x000000000000094c        0x0 ../libtock-c/lib/libtock-newlib-4.2.0.20211231/arm/arm-none-eabi/lib/thumb/v7e-m/nofp/libc.a(lib_a-printf.o)
 .data          0x000000000000094c        0x0 ../libtock-c/lib/libtock-newlib-4.2.0.20211231/arm/arm-none-eabi/lib/thumb/v7e-m/nofp/libc.a(lib_a-puts.o)
 .data          0x000000000000094c        0x0 ../libtock-c/lib/libtock-newlib-4.2.0.20211231/arm/arm-none-eabi/lib/thumb/v7e-m/nofp/libc.a(lib_a-sbrkr.o)
 .data          0x000000000000094c        0x0 ../libtock-c/lib/libtock-newlib-4.2.0.20211231/arm/arm-none-eabi/lib/thumb/v7e-m/nofp/libc.a(lib_a-wbuf.o)
 .data          0x000000000000094c        0x0 ../libtock-c/lib/libtock-newlib-4.2.0.20211231/arm/arm-none-eabi/lib/thumb/v7e-m/nofp/libc.a(lib_a-wsetup.o)
 .data          0x000000000000094c        0x0 ../libtock-c/lib/libtock-newlib-4.2.0.20211231/arm/arm-none-eabi/lib/thumb/v7e-m/nofp/libc.a(lib_a-fflush.o)
 .data          0x000000000000094c        0x0 ../libtock-c/lib/libtock-newlib-4.2.0.20211231/arm/arm-none-eabi/lib/thumb/v7e-m/nofp/libc.a(lib_a-findfp.o)
 .data          0x000000000000094c        0x0 ../libtock-c/lib/libtock-newlib-4.2.0.20211231/arm/arm-none-eabi/lib/thumb/v7e-m/nofp/libc.a(lib_a-fwalk.o)
 .data          0x000000000000094c        0x0 ../libtock-c/lib/libtock-newlib-4.2.0.20211231/arm/arm-none-eabi/lib/thumb/v7e-m/nofp/libc.a(lib_a-makebuf.o)
 .data          0x000000000000094c        0x0 ../libtock-c/lib/libtock-newlib-4.2.0.20211231/arm/arm-none-eabi/lib/thumb/v7e-m/nofp/libc.a(lib_a-mlock.o)
 .data          0x000000000000094c        0x0 ../libtock-c/lib/libtock-newlib-4.2.0.20211231/arm/arm-none-eabi/lib/thumb/v7e-m/nofp/libc.a(lib_a-nano-freer.o)
 .data          0x000000000000094c        0x0 ../libtock-c/lib/libtock-newlib-4.2.0.20211231/arm/arm-none-eabi/lib/thumb/v7e-m/nofp/libc.a(lib_a-nano-vfprintf.o)
 .data          0x000000000000094c        0x0 ../libtock-c/lib/libtock-newlib-4.2.0.20211231/arm/arm-none-eabi/lib/thumb/v7e-m/nofp/libc.a(lib_a-nano-vfprintf_i.o)
 .data          0x000000000000094c        0x0 ../libtock-c/lib/libtock-newlib-4.2.0.20211231/arm/arm-none-eabi/lib/thumb/v7e-m/nofp/libc.a(lib_a-reent.o)
 .data          0x000000000000094c        0x0 ../libtock-c/lib/libtock-newlib-4.2.0.20211231/arm/arm-none-eabi/lib/thumb/v7e-m/nofp/libc.a(lib_a-stdio.o)
 .data          0x000000000000094c        0x0 ../libtock-c/lib/libtock-newlib-4.2.0.20211231/arm/arm-none-eabi/lib/thumb/v7e-m/nofp/libc.a(lib_a-writer.o)
 .data          0x000000000000094c        0x0 ../libtock-c/lib/libtock-newlib-4.2.0.20211231/arm/arm-none-eabi/lib/thumb/v7e-m/nofp/libc.a(lib_a-closer.o)
 .data          0x000000000000094c        0x0 ../libtock-c/lib/libtock-newlib-4.2.0.20211231/arm/arm-none-eabi/lib/thumb/v7e-m/nofp/libc.a(lib_a-fstatr.o)
 .data          0x000000000000094c        0x0 ../libtock-c/lib/libtock-newlib-4.2.0.20211231/arm/arm-none-eabi/lib/thumb/v7e-m/nofp/libc.a(lib_a-fvwrite.o)
 .data          0x000000000000094c        0x0 ../libtock-c/lib/libtock-newlib-4.2.0.20211231/arm/arm-none-eabi/lib/thumb/v7e-m/nofp/libc.a(lib_a-isattyr.o)
 .data          0x000000000000094c        0x0 ../libtock-c/lib/libtock-newlib-4.2.0.20211231/arm/arm-none-eabi/lib/thumb/v7e-m/nofp/libc.a(lib_a-lseekr.o)
 .data          0x000000000000094c        0x0 ../libtock-c/lib/libtock-newlib-4.2.0.20211231/arm/arm-none-eabi/lib/thumb/v7e-m/nofp/libc.a(lib_a-memchr.o)
 .data          0x000000000000094c        0x0 ../libtock-c/lib/libtock-newlib-4.2.0.20211231/arm/arm-none-eabi/lib/thumb/v7e-m/nofp/libc.a(lib_a-memmove.o)
 .data          0x000000000000094c        0x0 ../libtock-c/lib/libtock-newlib-4.2.0.20211231/arm/arm-none-eabi/lib/thumb/v7e-m/nofp/libc.a(lib_a-nano-reallocr.o)
 .data          0x000000000000094c        0x0 ../libtock-c/lib/libtock-newlib-4.2.0.20211231/arm/arm-none-eabi/lib/thumb/v7e-m/nofp/libc.a(lib_a-readr.o)
 .data          0x000000000000094c        0x0 ../libtock-c/lib/libtock-newlib-4.2.0.20211231/arm/arm-none-eabi/lib/thumb/v7e-m/nofp/libc.a(lib_a-nano-msizer.o)
 .data          0x000000000000094c        0x0 ../libtock-c/libtock/build/cortex-m7/libtock.a(sys.o)
 .data          0x000000000000094c        0x0 ../libtock-c/libtock/build/cortex-m7/libtock.a(screen.o)
 .data          0x000000000000094c        0x0 ../libtock-c/libtock/build/cortex-m7/libtock.a(screen_syscalls.o)
 .data          0x000000000000094c        0x0 ../libtock-c/libtock-sync/build/cortex-m7/libtocksync.a(sys.o)
 .data          0x000000000000094c        0x0 ../libtock-c/libtock-sync/build/cortex-m7/libtocksync.a(console.o)
 .data          0x000000000000094c        0x0 ../libtock-c/lib/libtock-newlib-4.2.0.20211231/arm/arm-none-eabi/lib/thumb/v7e-m/nofp/libc.a(lib_a-errno.o)
 .data          0x000000000000094c        0x0 ../libtock-c/libtock/build/cortex-m7/libtock.a(console.o)
 .data          0x000000000000094c        0x0 ../libtock-c/libtock/build/cortex-m7/libtock.a(console_syscalls.o)
 *(.sdata*)
                0x000000000000094c                . = ALIGN (0x4)

.igot.plt       0x000000000000094c        0x0 load address 0x0000000080002014
 .igot.plt      0x000000000000094c        0x0 build/cortex-m7/display.o

.bss            0x000000000000094c      0x2cc load address 0x0000000080002014
                0x000000000000094c                . = ALIGN (0x4)
                0x000000000000094c                _bss = .
 *(.bss*)
 .bss           0x000000000000094c        0x0 build/cortex-m7/display.o
 .bss           0x000000000000094c        0x0 build/cortex-m7/game.o
 .bss           0x000000000000094c        0x0 build/cortex-m7/input.o
 .bss           0x000000000000094c        0x0 build/cortex-m7/main.o
 .bss.coins     0x000000000000094c       0xa0 build/cortex-m7/main.o
                0x000000000000094c                coins
 .bss.obstacles
                0x00000000000009ec       0xa0 build/cortex-m7/main.o
                0x00000000000009ec                obstacles
 .bss.platforms
                0x0000000000000a8c       0xa0 build/cortex-m7/main.o
                0x0000000000000a8c                platforms
 .bss.player    0x0000000000000b2c       0x1c build/cortex-m7/main.o
                0x0000000000000b2c                player
 .bss.u8g2      0x0000000000000b48       0x94 build/cortex-m7/main.o
                0x0000000000000b48                u8g2
 .bss           0x0000000000000bdc        0x0 build/cortex-m7/u8g2-tock.o
 .bss           0x0000000000000bdc        0x0 ../libtock-c/libtock/build/cortex-m7/libtock.a(crt0.o)
 .bss           0x0000000000000bdc        0x0 ../libtock-c/libtock/build/cortex-m7/libtock.a(button.o)
 .bss           0x0000000000000bdc        0x0 ../libtock-c/libtock/build/cortex-m7/libtock.a(button_syscalls.o)
 .bss           0x0000000000000bdc        0x0 ../libtock-c/libtock/build/cortex-m7/libtock.a(tock.o)
 .bss           0x0000000000000bdc        0x0 ../libtock-c/libtock-sync/build/cortex-m7/libtocksync.a(screen.o)
 .bss           0x0000000000000bdc        0x0 ../libtock-c/libtock-sync/build/cortex-m7/libtocksync.a(screen_syscalls.o)
 .bss           0x0000000000000bdc        0x0 ../libtock-c/u8g2/build/cortex-m7/u8g2.a(u8g2_box.o)
 .bss           0x0000000000000bdc        0x0 ../libtock-c/u8g2/build/cortex-m7/u8g2.a(u8g2_circle.o)
 .bss           0x0000000000000bdc        0x0 ../libtock-c/u8g2/build/cortex-m7/u8g2.a(u8g2_hvline.o)
 .bss           0x0000000000000bdc        0x0 ../libtock-c/u8g2/build/cortex-m7/u8g2.a(u8g2_intersection.o)
 .bss           0x0000000000000bdc        0x0 ../libtock-c/u8g2/build/cortex-m7/u8g2.a(u8g2_line.o)
 .bss           0x0000000000000bdc        0x0 ../libtock-c/u8g2/build/cortex-m7/u8g2.a(u8g2_ll_hvline.o)
 .bss           0x0000000000000bdc        0x0 ../libtock-c/u8g2/build/cortex-m7/u8g2.a(u8g2_setup.o)
 .bss.buf.0     0x0000000000000bdc        0x8 ../libtock-c/u8g2/build/cortex-m7/u8g2.a(u8g2_setup.o)
 .bss           0x0000000000000be4        0x0 ../libtock-c/u8g2/build/cortex-m7/u8g2.a(u8x8_cad.o)
 .bss.buf.6     0x0000000000000be4       0x10 ../libtock-c/u8g2/build/cortex-m7/u8g2.a(u8x8_cad.o)
 .bss.in_transfer.1
                0x0000000000000bf4        0x1 ../libtock-c/u8g2/build/cortex-m7/u8g2.a(u8x8_cad.o)
 .bss.in_transfer.3
                0x0000000000000bf5        0x1 ../libtock-c/u8g2/build/cortex-m7/u8g2.a(u8x8_cad.o)
 .bss.in_transfer.4
                0x0000000000000bf6        0x1 ../libtock-c/u8g2/build/cortex-m7/u8g2.a(u8x8_cad.o)
 .bss.in_transfer.5
                0x0000000000000bf7        0x1 ../libtock-c/u8g2/build/cortex-m7/u8g2.a(u8x8_cad.o)
 .bss.is_data.0
                0x0000000000000bf8        0x1 ../libtock-c/u8g2/build/cortex-m7/u8g2.a(u8x8_cad.o)
 .bss           0x0000000000000bf9        0x0 ../libtock-c/u8g2/build/cortex-m7/u8g2.a(u8x8_display.o)
 .bss           0x0000000000000bf9        0x0 ../libtock-c/u8g2/build/cortex-m7/u8g2.a(u8x8_gpio.o)
 .bss           0x0000000000000bf9        0x0 ../libtock-c/u8g2/build/cortex-m7/u8g2.a(u8x8_setup.o)
 .bss           0x0000000000000bf9        0x0 ../libtock-c/u8g2/build/cortex-m7/u8g2.a(u8g2_font.o)
 .bss           0x0000000000000bf9        0x0 ../libtock-c/u8g2/build/cortex-m7/u8g2.a(u8g2_kerning.o)
 .bss           0x0000000000000bf9        0x0 ../libtock-c/u8g2/build/cortex-m7/u8g2.a(u8x8_8x8.o)
 .bss           0x0000000000000bf9        0x0 ../libtock-c/u8g2/build/cortex-m7/u8g2.a(u8x8_byte.o)
 .bss.enable_pin.0
                0x0000000000000bf9        0x1 ../libtock-c/u8g2/build/cortex-m7/u8g2.a(u8x8_byte.o)
 .bss.last_dc.1
                0x0000000000000bfa        0x1 ../libtock-c/u8g2/build/cortex-m7/u8g2.a(u8x8_byte.o)
 .bss           0x0000000000000bfb        0x0 ../libtock-c/lib/libtock-newlib-4.2.0.20211231/arm/arm-none-eabi/lib/thumb/v7e-m/nofp/libc.a(lib_a-calloc.o)
 .bss           0x0000000000000bfb        0x0 ../libtock-c/lib/libtock-newlib-4.2.0.20211231/arm/arm-none-eabi/lib/thumb/v7e-m/nofp/libc.a(lib_a-exit.o)
 .bss           0x0000000000000bfb        0x0 ../libtock-c/lib/libtock-newlib-4.2.0.20211231/arm/arm-none-eabi/lib/thumb/v7e-m/nofp/libc.a(lib_a-impure.o)
 .bss           0x0000000000000bfb        0x0 ../libtock-c/lib/libtock-newlib-4.2.0.20211231/arm/arm-none-eabi/lib/thumb/v7e-m/nofp/libc.a(lib_a-memcpy-stub.o)
 .bss           0x0000000000000bfb        0x0 ../libtock-c/lib/libtock-newlib-4.2.0.20211231/arm/arm-none-eabi/lib/thumb/v7e-m/nofp/libc.a(lib_a-memset.o)
 .bss           0x0000000000000bfb        0x0 ../libtock-c/lib/libtock-newlib-4.2.0.20211231/arm/arm-none-eabi/lib/thumb/v7e-m/nofp/libc.a(lib_a-nano-callocr.o)
 .bss           0x0000000000000bfb        0x0 ../libtock-c/lib/libtock-newlib-4.2.0.20211231/arm/arm-none-eabi/lib/thumb/v7e-m/nofp/libc.a(lib_a-nano-mallocr.o)
 *fill*         0x0000000000000bfb        0x1 
 .bss.__malloc_free_list
                0x0000000000000bfc        0x4 ../libtock-c/lib/libtock-newlib-4.2.0.20211231/arm/arm-none-eabi/lib/thumb/v7e-m/nofp/libc.a(lib_a-nano-mallocr.o)
                0x0000000000000bfc                __malloc_free_list
 .bss.__malloc_sbrk_start
                0x0000000000000c00        0x4 ../libtock-c/lib/libtock-newlib-4.2.0.20211231/arm/arm-none-eabi/lib/thumb/v7e-m/nofp/libc.a(lib_a-nano-mallocr.o)
                0x0000000000000c00                __malloc_sbrk_start
 .bss           0x0000000000000c04        0x0 ../libtock-c/lib/libtock-newlib-4.2.0.20211231/arm/arm-none-eabi/lib/thumb/v7e-m/nofp/libc.a(lib_a-printf.o)
 .bss           0x0000000000000c04        0x0 ../libtock-c/lib/libtock-newlib-4.2.0.20211231/arm/arm-none-eabi/lib/thumb/v7e-m/nofp/libc.a(lib_a-puts.o)
 .bss           0x0000000000000c04        0x0 ../libtock-c/lib/libtock-newlib-4.2.0.20211231/arm/arm-none-eabi/lib/thumb/v7e-m/nofp/libc.a(lib_a-sbrkr.o)
 .bss           0x0000000000000c04        0x0 ../libtock-c/lib/libtock-newlib-4.2.0.20211231/arm/arm-none-eabi/lib/thumb/v7e-m/nofp/libc.a(lib_a-wbuf.o)
 .bss           0x0000000000000c04        0x0 ../libtock-c/lib/libtock-newlib-4.2.0.20211231/arm/arm-none-eabi/lib/thumb/v7e-m/nofp/libc.a(lib_a-wsetup.o)
 .bss           0x0000000000000c04        0x0 ../libtock-c/lib/libtock-newlib-4.2.0.20211231/arm/arm-none-eabi/lib/thumb/v7e-m/nofp/libc.a(lib_a-fflush.o)
 .bss           0x0000000000000c04        0x0 ../libtock-c/lib/libtock-newlib-4.2.0.20211231/arm/arm-none-eabi/lib/thumb/v7e-m/nofp/libc.a(lib_a-findfp.o)
 .bss           0x0000000000000c04        0x0 ../libtock-c/lib/libtock-newlib-4.2.0.20211231/arm/arm-none-eabi/lib/thumb/v7e-m/nofp/libc.a(lib_a-fwalk.o)
 .bss           0x0000000000000c04        0x0 ../libtock-c/lib/libtock-newlib-4.2.0.20211231/arm/arm-none-eabi/lib/thumb/v7e-m/nofp/libc.a(lib_a-makebuf.o)
 .bss           0x0000000000000c04        0x0 ../libtock-c/lib/libtock-newlib-4.2.0.20211231/arm/arm-none-eabi/lib/thumb/v7e-m/nofp/libc.a(lib_a-mlock.o)
 .bss           0x0000000000000c04        0x0 ../libtock-c/lib/libtock-newlib-4.2.0.20211231/arm/arm-none-eabi/lib/thumb/v7e-m/nofp/libc.a(lib_a-nano-freer.o)
 .bss           0x0000000000000c04        0x0 ../libtock-c/lib/libtock-newlib-4.2.0.20211231/arm/arm-none-eabi/lib/thumb/v7e-m/nofp/libc.a(lib_a-nano-vfprintf.o)
 .bss           0x0000000000000c04        0x0 ../libtock-c/lib/libtock-newlib-4.2.0.20211231/arm/arm-none-eabi/lib/thumb/v7e-m/nofp/libc.a(lib_a-nano-vfprintf_i.o)
 .bss           0x0000000000000c04        0x0 ../libtock-c/lib/libtock-newlib-4.2.0.20211231/arm/arm-none-eabi/lib/thumb/v7e-m/nofp/libc.a(lib_a-reent.o)
 .bss.errno     0x0000000000000c04        0x4 ../libtock-c/lib/libtock-newlib-4.2.0.20211231/arm/arm-none-eabi/lib/thumb/v7e-m/nofp/libc.a(lib_a-reent.o)
                0x0000000000000c04                errno
 .bss           0x0000000000000c08        0x0 ../libtock-c/lib/libtock-newlib-4.2.0.20211231/arm/arm-none-eabi/lib/thumb/v7e-m/nofp/libc.a(lib_a-stdio.o)
 .bss           0x0000000000000c08        0x0 ../libtock-c/lib/libtock-newlib-4.2.0.20211231/arm/arm-none-eabi/lib/thumb/v7e-m/nofp/libc.a(lib_a-writer.o)
 .bss           0x0000000000000c08        0x0 ../libtock-c/lib/libtock-newlib-4.2.0.20211231/arm/arm-none-eabi/lib/thumb/v7e-m/nofp/libc.a(lib_a-closer.o)
 .bss           0x0000000000000c08        0x0 ../libtock-c/lib/libtock-newlib-4.2.0.20211231/arm/arm-none-eabi/lib/thumb/v7e-m/nofp/libc.a(lib_a-fstatr.o)
 .bss           0x0000000000000c08        0x0 ../libtock-c/lib/libtock-newlib-4.2.0.20211231/arm/arm-none-eabi/lib/thumb/v7e-m/nofp/libc.a(lib_a-fvwrite.o)
 .bss           0x0000000000000c08        0x0 ../libtock-c/lib/libtock-newlib-4.2.0.20211231/arm/arm-none-eabi/lib/thumb/v7e-m/nofp/libc.a(lib_a-isattyr.o)
 .bss           0x0000000000000c08        0x0 ../libtock-c/lib/libtock-newlib-4.2.0.20211231/arm/arm-none-eabi/lib/thumb/v7e-m/nofp/libc.a(lib_a-lseekr.o)
 .bss           0x0000000000000c08        0x0 ../libtock-c/lib/libtock-newlib-4.2.0.20211231/arm/arm-none-eabi/lib/thumb/v7e-m/nofp/libc.a(lib_a-memchr.o)
 .bss           0x0000000000000c08        0x0 ../libtock-c/lib/libtock-newlib-4.2.0.20211231/arm/arm-none-eabi/lib/thumb/v7e-m/nofp/libc.a(lib_a-memmove.o)
 .bss           0x0000000000000c08        0x0 ../libtock-c/lib/libtock-newlib-4.2.0.20211231/arm/arm-none-eabi/lib/thumb/v7e-m/nofp/libc.a(lib_a-nano-reallocr.o)
 .bss           0x0000000000000c08        0x0 ../libtock-c/lib/libtock-newlib-4.2.0.20211231/arm/arm-none-eabi/lib/thumb/v7e-m/nofp/libc.a(lib_a-readr.o)
 .bss           0x0000000000000c08        0x0 ../libtock-c/lib/libtock-newlib-4.2.0.20211231/arm/arm-none-eabi/lib/thumb/v7e-m/nofp/libc.a(lib_a-nano-msizer.o)
 .bss           0x0000000000000c08        0x0 ../libtock-c/libtock/build/cortex-m7/libtock.a(sys.o)
 .bss.__dso_handle
                0x0000000000000c08        0x4 ../libtock-c/libtock/build/cortex-m7/libtock.a(sys.o)
                0x0000000000000c08                __dso_handle
 .bss           0x0000000000000c0c        0x0 ../libtock-c/libtock/build/cortex-m7/libtock.a(screen.o)
 .bss           0x0000000000000c0c        0x0 ../libtock-c/libtock/build/cortex-m7/libtock.a(screen_syscalls.o)
 .bss           0x0000000000000c0c        0x0 ../libtock-c/libtock-sync/build/cortex-m7/libtocksync.a(sys.o)
 .bss           0x0000000000000c0c        0x0 ../libtock-c/libtock-sync/build/cortex-m7/libtocksync.a(console.o)
 .bss.result    0x0000000000000c0c        0xc ../libtock-c/libtock-sync/build/cortex-m7/libtocksync.a(console.o)
 .bss           0x0000000000000c18        0x0 ../libtock-c/lib/libtock-newlib-4.2.0.20211231/arm/arm-none-eabi/lib/thumb/v7e-m/nofp/libc.a(lib_a-errno.o)
 .bss           0x0000000000000c18        0x0 ../libtock-c/libtock/build/cortex-m7/libtock.a(console.o)
 .bss           0x0000000000000c18        0x0 ../libtock-c/libtock/build/cortex-m7/libtock.a(console_syscalls.o)
 *(.sbss*)
 *(COMMON)
                0x0000000000000c18                . = ALIGN (0x4)

.endflash       0x0000000080002014        0x0
                [!provide]                        PROVIDE (__exidx_start = .)

.ARM.exidx
 *(.ARM.exidx* .gnu.linkonce.armexidx.*)
                [!provide]                        PROVIDE (__exidx_end = .)
                0x0000000000000001                ASSERT ((_got <= _bss), 
The GOT section must be before the BSS section for crt0 setup to be correct.)
                0x0000000000000001                ASSERT ((_data <= _bss), 
The data section must be before the BSS section for crt0 setup to be correct.)
OUTPUT(build/cortex-m7/cortex-m7.elf elf32-littlearm)
LOAD linker stubs

.GCC.command.line
                0x0000000000000000     0x29fd
 .GCC.command.line
                0x0000000000000000      0x4aa build/cortex-m7/display.o
                                        0x4b4 (size before relaxing)
 .GCC.command.line
                0x00000000000004aa       0x2d build/cortex-m7/game.o
                                        0x4ae (size before relaxing)
 .GCC.command.line
                0x00000000000004d7       0x2f build/cortex-m7/input.o
                                        0x4b0 (size before relaxing)
 .GCC.command.line
                0x0000000000000506       0x2d build/cortex-m7/main.o
                                        0x4ae (size before relaxing)
 .GCC.command.line
                0x0000000000000533       0x37 build/cortex-m7/u8g2-tock.o
                                        0x4b8 (size before relaxing)
 .GCC.command.line
                0x000000000000056a      0x9bd ../libtock-c/libtock/build/cortex-m7/libtock.a(crt0.o)
                                        0xe3e (size before relaxing)
 .GCC.command.line
                0x0000000000000f27       0x7f ../libtock-c/libtock/build/cortex-m7/libtock.a(button.o)
                                        0xe56 (size before relaxing)
 .GCC.command.line
                0x0000000000000fa6       0xa3 ../libtock-c/libtock/build/cortex-m7/libtock.a(button_syscalls.o)
                                        0xe7a (size before relaxing)
 .GCC.command.line
                0x0000000000001049       0x67 ../libtock-c/libtock/build/cortex-m7/libtock.a(tock.o)
                                        0xe3e (size before relaxing)
 .GCC.command.line
                0x00000000000010b0      0x8bc ../libtock-c/libtock-sync/build/cortex-m7/libtocksync.a(screen.o)
                                        0xd3d (size before relaxing)
 .GCC.command.line
                0x000000000000196c       0xb2 ../libtock-c/libtock-sync/build/cortex-m7/libtocksync.a(screen_syscalls.o)
                                        0xd61 (size before relaxing)
 .GCC.command.line
                0x0000000000001a1e      0x1fe ../libtock-c/u8g2/build/cortex-m7/u8g2.a(u8g2_box.o)
                                        0x50e (size before relaxing)
 .GCC.command.line
                0x0000000000001c1c       0xbb ../libtock-c/u8g2/build/cortex-m7/u8g2.a(u8g2_circle.o)
                                        0x514 (size before relaxing)
 .GCC.command.line
                0x0000000000001cd7       0xbb ../libtock-c/u8g2/build/cortex-m7/u8g2.a(u8g2_hvline.o)
                                        0x514 (size before relaxing)
 .GCC.command.line
                0x0000000000001d92       0xc7 ../libtock-c/u8g2/build/cortex-m7/u8g2.a(u8g2_intersection.o)
                                        0x520 (size before relaxing)
 .GCC.command.line
                0x0000000000001e59       0xb7 ../libtock-c/u8g2/build/cortex-m7/u8g2.a(u8g2_line.o)
                                        0x510 (size before relaxing)
 .GCC.command.line
                0x0000000000001f10       0xc1 ../libtock-c/u8g2/build/cortex-m7/u8g2.a(u8g2_ll_hvline.o)
                                        0x51a (size before relaxing)
 .GCC.command.line
                0x0000000000001fd1       0xb9 ../libtock-c/u8g2/build/cortex-m7/u8g2.a(u8g2_setup.o)
                                        0x512 (size before relaxing)
 .GCC.command.line
                0x000000000000208a       0xb5 ../libtock-c/u8g2/build/cortex-m7/u8g2.a(u8x8_cad.o)
                                        0x50e (size before relaxing)
 .GCC.command.line
                0x000000000000213f       0xbd ../libtock-c/u8g2/build/cortex-m7/u8g2.a(u8x8_display.o)
                                        0x516 (size before relaxing)
 .GCC.command.line
                0x00000000000021fc       0xb7 ../libtock-c/u8g2/build/cortex-m7/u8g2.a(u8x8_gpio.o)
                                        0x510 (size before relaxing)
 .GCC.command.line
                0x00000000000022b3       0xb9 ../libtock-c/u8g2/build/cortex-m7/u8g2.a(u8x8_setup.o)
                                        0x512 (size before relaxing)
 .GCC.command.line
                0x000000000000236c       0xb7 ../libtock-c/u8g2/build/cortex-m7/u8g2.a(u8g2_font.o)
                                        0x510 (size before relaxing)
 .GCC.command.line
                0x0000000000002423       0xbd ../libtock-c/u8g2/build/cortex-m7/u8g2.a(u8g2_kerning.o)
                                        0x516 (size before relaxing)
 .GCC.command.line
                0x00000000000024e0       0xb5 ../libtock-c/u8g2/build/cortex-m7/u8g2.a(u8x8_8x8.o)
                                        0x50e (size before relaxing)
 .GCC.command.line
                0x0000000000002595       0xb7 ../libtock-c/u8g2/build/cortex-m7/u8g2.a(u8x8_byte.o)
                                        0x510 (size before relaxing)
 .GCC.command.line
                0x000000000000264c       0x65 ../libtock-c/libtock/build/cortex-m7/libtock.a(sys.o)
                                        0xe3c (size before relaxing)
 .GCC.command.line
                0x00000000000026b1       0x7b ../libtock-c/libtock/build/cortex-m7/libtock.a(screen.o)
                                        0xe52 (size before relaxing)
 .GCC.command.line
                0x000000000000272c       0x9f ../libtock-c/libtock/build/cortex-m7/libtock.a(screen_syscalls.o)
                                        0xe76 (size before relaxing)
 .GCC.command.line
                0x00000000000027cb       0x78 ../libtock-c/libtock-sync/build/cortex-m7/libtocksync.a(sys.o)
                                        0xd27 (size before relaxing)
 .GCC.command.line
                0x0000000000002843       0x94 ../libtock-c/libtock-sync/build/cortex-m7/libtocksync.a(console.o)
                                        0xd43 (size before relaxing)
 .GCC.command.line
                0x00000000000028d7       0x81 ../libtock-c/libtock/build/cortex-m7/libtock.a(console.o)
                                        0xe58 (size before relaxing)
 .GCC.command.line
                0x0000000000002958       0xa5 ../libtock-c/libtock/build/cortex-m7/libtock.a(console_syscalls.o)
                                        0xe7c (size before relaxing)

.comment        0x0000000000000000       0x33
 .comment       0x0000000000000000       0x33 build/cortex-m7/display.o
                                         0x34 (size before relaxing)
 .comment       0x0000000000000033       0x34 build/cortex-m7/game.o
 .comment       0x0000000000000033       0x34 build/cortex-m7/input.o
 .comment       0x0000000000000033       0x34 build/cortex-m7/main.o
 .comment       0x0000000000000033       0x34 build/cortex-m7/u8g2-tock.o
 .comment       0x0000000000000033       0x34 ../libtock-c/libtock/build/cortex-m7/libtock.a(crt0.o)
 .comment       0x0000000000000033       0x34 ../libtock-c/libtock/build/cortex-m7/libtock.a(button.o)
 .comment       0x0000000000000033       0x34 ../libtock-c/libtock/build/cortex-m7/libtock.a(button_syscalls.o)
 .comment       0x0000000000000033       0x34 ../libtock-c/libtock/build/cortex-m7/libtock.a(tock.o)
 .comment       0x0000000000000033       0x34 ../libtock-c/libtock-sync/build/cortex-m7/libtocksync.a(screen.o)
 .comment       0x0000000000000033       0x34 ../libtock-c/libtock-sync/build/cortex-m7/libtocksync.a(screen_syscalls.o)
 .comment       0x0000000000000033       0x34 ../libtock-c/u8g2/build/cortex-m7/u8g2.a(u8g2_box.o)
 .comment       0x0000000000000033       0x34 ../libtock-c/u8g2/build/cortex-m7/u8g2.a(u8g2_circle.o)
 .comment       0x0000000000000033       0x34 ../libtock-c/u8g2/build/cortex-m7/u8g2.a(u8g2_hvline.o)
 .comment       0x0000000000000033       0x34 ../libtock-c/u8g2/build/cortex-m7/u8g2.a(u8g2_intersection.o)
 .comment       0x0000000000000033       0x34 ../libtock-c/u8g2/build/cortex-m7/u8g2.a(u8g2_line.o)
 .comment       0x0000000000000033       0x34 ../libtock-c/u8g2/build/cortex-m7/u8g2.a(u8g2_ll_hvline.o)
 .comment       0x0000000000000033       0x34 ../libtock-c/u8g2/build/cortex-m7/u8g2.a(u8g2_setup.o)
 .comment       0x0000000000000033       0x34 ../libtock-c/u8g2/build/cortex-m7/u8g2.a(u8x8_cad.o)
 .comment       0x0000000000000033       0x34 ../libtock-c/u8g2/build/cortex-m7/u8g2.a(u8x8_display.o)
 .comment       0x0000000000000033       0x34 ../libtock-c/u8g2/build/cortex-m7/u8g2.a(u8x8_gpio.o)
 .comment       0x0000000000000033       0x34 ../libtock-c/u8g2/build/cortex-m7/u8g2.a(u8x8_setup.o)
 .comment       0x0000000000000033       0x34 ../libtock-c/u8g2/build/cortex-m7/u8g2.a(u8g2_font.o)
 .comment       0x0000000000000033       0x34 ../libtock-c/u8g2/build/cortex-m7/u8g2.a(u8g2_kerning.o)
 .comment       0x0000000000000033       0x34 ../libtock-c/u8g2/build/cortex-m7/u8g2.a(u8x8_8x8.o)
 .comment       0x0000000000000033       0x34 ../libtock-c/u8g2/build/cortex-m7/u8g2.a(u8x8_byte.o)
 .comment       0x0000000000000033       0x34 ../libtock-c/lib/libtock-newlib-4.2.0.20211231/arm/arm-none-eabi/lib/thumb/v7e-m/nofp/libc.a(lib_a-calloc.o)
 .comment       0x0000000000000033       0x34 ../libtock-c/lib/libtock-newlib-4.2.0.20211231/arm/arm-none-eabi/lib/thumb/v7e-m/nofp/libc.a(lib_a-exit.o)
 .comment       0x0000000000000033       0x34 ../libtock-c/lib/libtock-newlib-4.2.0.20211231/arm/arm-none-eabi/lib/thumb/v7e-m/nofp/libc.a(lib_a-impure.o)
 .comment       0x0000000000000033       0x34 ../libtock-c/lib/libtock-newlib-4.2.0.20211231/arm/arm-none-eabi/lib/thumb/v7e-m/nofp/libc.a(lib_a-memcpy-stub.o)
 .comment       0x0000000000000033       0x34 ../libtock-c/lib/libtock-newlib-4.2.0.20211231/arm/arm-none-eabi/lib/thumb/v7e-m/nofp/libc.a(lib_a-memset.o)
 .comment       0x0000000000000033       0x34 ../libtock-c/lib/libtock-newlib-4.2.0.20211231/arm/arm-none-eabi/lib/thumb/v7e-m/nofp/libc.a(lib_a-nano-callocr.o)
 .comment       0x0000000000000033       0x34 ../libtock-c/lib/libtock-newlib-4.2.0.20211231/arm/arm-none-eabi/lib/thumb/v7e-m/nofp/libc.a(lib_a-nano-mallocr.o)
 .comment       0x0000000000000033       0x34 ../libtock-c/lib/libtock-newlib-4.2.0.20211231/arm/arm-none-eabi/lib/thumb/v7e-m/nofp/libc.a(lib_a-printf.o)
 .comment       0x0000000000000033       0x34 ../libtock-c/lib/libtock-newlib-4.2.0.20211231/arm/arm-none-eabi/lib/thumb/v7e-m/nofp/libc.a(lib_a-puts.o)
 .comment       0x0000000000000033       0x34 ../libtock-c/lib/libtock-newlib-4.2.0.20211231/arm/arm-none-eabi/lib/thumb/v7e-m/nofp/libc.a(lib_a-sbrkr.o)
 .comment       0x0000000000000033       0x34 ../libtock-c/lib/libtock-newlib-4.2.0.20211231/arm/arm-none-eabi/lib/thumb/v7e-m/nofp/libc.a(lib_a-wbuf.o)
 .comment       0x0000000000000033       0x34 ../libtock-c/lib/libtock-newlib-4.2.0.20211231/arm/arm-none-eabi/lib/thumb/v7e-m/nofp/libc.a(lib_a-wsetup.o)
 .comment       0x0000000000000033       0x34 ../libtock-c/lib/libtock-newlib-4.2.0.20211231/arm/arm-none-eabi/lib/thumb/v7e-m/nofp/libc.a(lib_a-fflush.o)
 .comment       0x0000000000000033       0x34 ../libtock-c/lib/libtock-newlib-4.2.0.20211231/arm/arm-none-eabi/lib/thumb/v7e-m/nofp/libc.a(lib_a-findfp.o)
 .comment       0x0000000000000033       0x34 ../libtock-c/lib/libtock-newlib-4.2.0.20211231/arm/arm-none-eabi/lib/thumb/v7e-m/nofp/libc.a(lib_a-fwalk.o)
 .comment       0x0000000000000033       0x34 ../libtock-c/lib/libtock-newlib-4.2.0.20211231/arm/arm-none-eabi/lib/thumb/v7e-m/nofp/libc.a(lib_a-makebuf.o)
 .comment       0x0000000000000033       0x34 ../libtock-c/lib/libtock-newlib-4.2.0.20211231/arm/arm-none-eabi/lib/thumb/v7e-m/nofp/libc.a(lib_a-mlock.o)
 .comment       0x0000000000000033       0x34 ../libtock-c/lib/libtock-newlib-4.2.0.20211231/arm/arm-none-eabi/lib/thumb/v7e-m/nofp/libc.a(lib_a-nano-freer.o)
 .comment       0x0000000000000033       0x34 ../libtock-c/lib/libtock-newlib-4.2.0.20211231/arm/arm-none-eabi/lib/thumb/v7e-m/nofp/libc.a(lib_a-nano-vfprintf.o)
 .comment       0x0000000000000033       0x34 ../libtock-c/lib/libtock-newlib-4.2.0.20211231/arm/arm-none-eabi/lib/thumb/v7e-m/nofp/libc.a(lib_a-nano-vfprintf_i.o)
 .comment       0x0000000000000033       0x34 ../libtock-c/lib/libtock-newlib-4.2.0.20211231/arm/arm-none-eabi/lib/thumb/v7e-m/nofp/libc.a(lib_a-reent.o)
 .comment       0x0000000000000033       0x34 ../libtock-c/lib/libtock-newlib-4.2.0.20211231/arm/arm-none-eabi/lib/thumb/v7e-m/nofp/libc.a(lib_a-stdio.o)
 .comment       0x0000000000000033       0x34 ../libtock-c/lib/libtock-newlib-4.2.0.20211231/arm/arm-none-eabi/lib/thumb/v7e-m/nofp/libc.a(lib_a-writer.o)
 .comment       0x0000000000000033       0x34 ../libtock-c/lib/libtock-newlib-4.2.0.20211231/arm/arm-none-eabi/lib/thumb/v7e-m/nofp/libc.a(lib_a-closer.o)
 .comment       0x0000000000000033       0x34 ../libtock-c/lib/libtock-newlib-4.2.0.20211231/arm/arm-none-eabi/lib/thumb/v7e-m/nofp/libc.a(lib_a-fstatr.o)
 .comment       0x0000000000000033       0x34 ../libtock-c/lib/libtock-newlib-4.2.0.20211231/arm/arm-none-eabi/lib/thumb/v7e-m/nofp/libc.a(lib_a-fvwrite.o)
 .comment       0x0000000000000033       0x34 ../libtock-c/lib/libtock-newlib-4.2.0.20211231/arm/arm-none-eabi/lib/thumb/v7e-m/nofp/libc.a(lib_a-isattyr.o)
 .comment       0x0000000000000033       0x34 ../libtock-c/lib/libtock-newlib-4.2.0.20211231/arm/arm-none-eabi/lib/thumb/v7e-m/nofp/libc.a(lib_a-lseekr.o)
 .comment       0x0000000000000033       0x34 ../libtock-c/lib/libtock-newlib-4.2.0.20211231/arm/arm-none-eabi/lib/thumb/v7e-m/nofp/libc.a(lib_a-memmove.o)
 .comment       0x0000000000000033       0x34 ../libtock-c/lib/libtock-newlib-4.2.0.20211231/arm/arm-none-eabi/lib/thumb/v7e-m/nofp/libc.a(lib_a-nano-reallocr.o)
 .comment       0x0000000000000033       0x34 ../libtock-c/lib/libtock-newlib-4.2.0.20211231/arm/arm-none-eabi/lib/thumb/v7e-m/nofp/libc.a(lib_a-readr.o)
 .comment       0x0000000000000033       0x34 ../libtock-c/lib/libtock-newlib-4.2.0.20211231/arm/arm-none-eabi/lib/thumb/v7e-m/nofp/libc.a(lib_a-nano-msizer.o)
 .comment       0x0000000000000033       0x34 ../libtock-c/libtock/build/cortex-m7/libtock.a(sys.o)
 .comment       0x0000000000000033       0x34 ../libtock-c/libtock/build/cortex-m7/libtock.a(screen.o)
 .comment       0x0000000000000033       0x34 ../libtock-c/libtock/build/cortex-m7/libtock.a(screen_syscalls.o)
 .comment       0x0000000000000033       0x34 ../libtock-c/libtock-sync/build/cortex-m7/libtocksync.a(sys.o)
 .comment       0x0000000000000033       0x34 ../libtock-c/libtock-sync/build/cortex-m7/libtocksync.a(console.o)
 .comment       0x0000000000000033       0x34 ../libtock-c/lib/libtock-newlib-4.2.0.20211231/arm/arm-none-eabi/lib/thumb/v7e-m/nofp/libc.a(lib_a-errno.o)
 .comment       0x0000000000000033       0x34 ../libtock-c/libtock/build/cortex-m7/libtock.a(console.o)
 .comment       0x0000000000000033       0x34 ../libtock-c/libtock/build/cortex-m7/libtock.a(console_syscalls.o)

.ARM.attributes
                0x0000000000000000       0x2c
 .ARM.attributes
                0x0000000000000000       0x2e build/cortex-m7/display.o
 .ARM.attributes
                0x000000000000002e       0x2e build/cortex-m7/game.o
 .ARM.attributes
                0x000000000000005c       0x2e build/cortex-m7/input.o
 .ARM.attributes
                0x000000000000008a       0x2e build/cortex-m7/main.o
 .ARM.attributes
                0x00000000000000b8       0x2e build/cortex-m7/u8g2-tock.o
 .ARM.attributes
                0x00000000000000e6       0x2e ../libtock-c/libtock/build/cortex-m7/libtock.a(crt0.o)
 .ARM.attributes
                0x0000000000000114       0x2e ../libtock-c/libtock/build/cortex-m7/libtock.a(button.o)
 .ARM.attributes
                0x0000000000000142       0x2e ../libtock-c/libtock/build/cortex-m7/libtock.a(button_syscalls.o)
 .ARM.attributes
                0x0000000000000170       0x2e ../libtock-c/libtock/build/cortex-m7/libtock.a(tock.o)
 .ARM.attributes
                0x000000000000019e       0x2e ../libtock-c/libtock-sync/build/cortex-m7/libtocksync.a(screen.o)
 .ARM.attributes
                0x00000000000001cc       0x2e ../libtock-c/libtock-sync/build/cortex-m7/libtocksync.a(screen_syscalls.o)
 .ARM.attributes
                0x00000000000001fa       0x2e ../libtock-c/u8g2/build/cortex-m7/u8g2.a(u8g2_box.o)
 .ARM.attributes
                0x0000000000000228       0x2e ../libtock-c/u8g2/build/cortex-m7/u8g2.a(u8g2_circle.o)
 .ARM.attributes
                0x0000000000000256       0x2e ../libtock-c/u8g2/build/cortex-m7/u8g2.a(u8g2_hvline.o)
 .ARM.attributes
                0x0000000000000284       0x2e ../libtock-c/u8g2/build/cortex-m7/u8g2.a(u8g2_intersection.o)
 .ARM.attributes
                0x00000000000002b2       0x2e ../libtock-c/u8g2/build/cortex-m7/u8g2.a(u8g2_line.o)
 .ARM.attributes
                0x00000000000002e0       0x2e ../libtock-c/u8g2/build/cortex-m7/u8g2.a(u8g2_ll_hvline.o)
 .ARM.attributes
                0x000000000000030e       0x2e ../libtock-c/u8g2/build/cortex-m7/u8g2.a(u8g2_setup.o)
 .ARM.attributes
                0x000000000000033c       0x2e ../libtock-c/u8g2/build/cortex-m7/u8g2.a(u8x8_cad.o)
 .ARM.attributes
                0x000000000000036a       0x2e ../libtock-c/u8g2/build/cortex-m7/u8g2.a(u8x8_display.o)
 .ARM.attributes
                0x0000000000000398       0x2e ../libtock-c/u8g2/build/cortex-m7/u8g2.a(u8x8_gpio.o)
 .ARM.attributes
                0x00000000000003c6       0x2e ../libtock-c/u8g2/build/cortex-m7/u8g2.a(u8x8_setup.o)
 .ARM.attributes
                0x00000000000003f4       0x2e ../libtock-c/u8g2/build/cortex-m7/u8g2.a(u8g2_font.o)
 .ARM.attributes
                0x0000000000000422       0x2e ../libtock-c/u8g2/build/cortex-m7/u8g2.a(u8g2_kerning.o)
 .ARM.attributes
                0x0000000000000450       0x2e ../libtock-c/u8g2/build/cortex-m7/u8g2.a(u8x8_8x8.o)
 .ARM.attributes
                0x000000000000047e       0x2e ../libtock-c/u8g2/build/cortex-m7/u8g2.a(u8x8_byte.o)
 .ARM.attributes
                0x00000000000004ac       0x2e ../libtock-c/lib/libtock-newlib-4.2.0.20211231/arm/arm-none-eabi/lib/thumb/v7e-m/nofp/libc.a(lib_a-calloc.o)
 .ARM.attributes
                0x00000000000004da       0x2e ../libtock-c/lib/libtock-newlib-4.2.0.20211231/arm/arm-none-eabi/lib/thumb/v7e-m/nofp/libc.a(lib_a-exit.o)
 .ARM.attributes
                0x0000000000000508       0x2e ../libtock-c/lib/libtock-newlib-4.2.0.20211231/arm/arm-none-eabi/lib/thumb/v7e-m/nofp/libc.a(lib_a-impure.o)
 .ARM.attributes
                0x0000000000000536       0x2e ../libtock-c/lib/libtock-newlib-4.2.0.20211231/arm/arm-none-eabi/lib/thumb/v7e-m/nofp/libc.a(lib_a-memcpy-stub.o)
 .ARM.attributes
                0x0000000000000564       0x2e ../libtock-c/lib/libtock-newlib-4.2.0.20211231/arm/arm-none-eabi/lib/thumb/v7e-m/nofp/libc.a(lib_a-memset.o)
 .ARM.attributes
                0x0000000000000592       0x2e ../libtock-c/lib/libtock-newlib-4.2.0.20211231/arm/arm-none-eabi/lib/thumb/v7e-m/nofp/libc.a(lib_a-nano-callocr.o)
 .ARM.attributes
                0x00000000000005c0       0x2e ../libtock-c/lib/libtock-newlib-4.2.0.20211231/arm/arm-none-eabi/lib/thumb/v7e-m/nofp/libc.a(lib_a-nano-mallocr.o)
 .ARM.attributes
                0x00000000000005ee       0x2e ../libtock-c/lib/libtock-newlib-4.2.0.20211231/arm/arm-none-eabi/lib/thumb/v7e-m/nofp/libc.a(lib_a-printf.o)
 .ARM.attributes
                0x000000000000061c       0x2e ../libtock-c/lib/libtock-newlib-4.2.0.20211231/arm/arm-none-eabi/lib/thumb/v7e-m/nofp/libc.a(lib_a-puts.o)
 .ARM.attributes
                0x000000000000064a       0x2e ../libtock-c/lib/libtock-newlib-4.2.0.20211231/arm/arm-none-eabi/lib/thumb/v7e-m/nofp/libc.a(lib_a-sbrkr.o)
 .ARM.attributes
                0x0000000000000678       0x2e ../libtock-c/lib/libtock-newlib-4.2.0.20211231/arm/arm-none-eabi/lib/thumb/v7e-m/nofp/libc.a(lib_a-wbuf.o)
 .ARM.attributes
                0x00000000000006a6       0x2e ../libtock-c/lib/libtock-newlib-4.2.0.20211231/arm/arm-none-eabi/lib/thumb/v7e-m/nofp/libc.a(lib_a-wsetup.o)
 .ARM.attributes
                0x00000000000006d4       0x2e ../libtock-c/lib/libtock-newlib-4.2.0.20211231/arm/arm-none-eabi/lib/thumb/v7e-m/nofp/libc.a(lib_a-fflush.o)
 .ARM.attributes
                0x0000000000000702       0x2e ../libtock-c/lib/libtock-newlib-4.2.0.20211231/arm/arm-none-eabi/lib/thumb/v7e-m/nofp/libc.a(lib_a-findfp.o)
 .ARM.attributes
                0x0000000000000730       0x2e ../libtock-c/lib/libtock-newlib-4.2.0.20211231/arm/arm-none-eabi/lib/thumb/v7e-m/nofp/libc.a(lib_a-fwalk.o)
 .ARM.attributes
                0x000000000000075e       0x2e ../libtock-c/lib/libtock-newlib-4.2.0.20211231/arm/arm-none-eabi/lib/thumb/v7e-m/nofp/libc.a(lib_a-makebuf.o)
 .ARM.attributes
                0x000000000000078c       0x2e ../libtock-c/lib/libtock-newlib-4.2.0.20211231/arm/arm-none-eabi/lib/thumb/v7e-m/nofp/libc.a(lib_a-mlock.o)
 .ARM.attributes
                0x00000000000007ba       0x2e ../libtock-c/lib/libtock-newlib-4.2.0.20211231/arm/arm-none-eabi/lib/thumb/v7e-m/nofp/libc.a(lib_a-nano-freer.o)
 .ARM.attributes
                0x00000000000007e8       0x2e ../libtock-c/lib/libtock-newlib-4.2.0.20211231/arm/arm-none-eabi/lib/thumb/v7e-m/nofp/libc.a(lib_a-nano-vfprintf.o)
 .ARM.attributes
                0x0000000000000816       0x2e ../libtock-c/lib/libtock-newlib-4.2.0.20211231/arm/arm-none-eabi/lib/thumb/v7e-m/nofp/libc.a(lib_a-nano-vfprintf_i.o)
 .ARM.attributes
                0x0000000000000844       0x2e ../libtock-c/lib/libtock-newlib-4.2.0.20211231/arm/arm-none-eabi/lib/thumb/v7e-m/nofp/libc.a(lib_a-reent.o)
 .ARM.attributes
                0x0000000000000872       0x2e ../libtock-c/lib/libtock-newlib-4.2.0.20211231/arm/arm-none-eabi/lib/thumb/v7e-m/nofp/libc.a(lib_a-stdio.o)
 .ARM.attributes
                0x00000000000008a0       0x2e ../libtock-c/lib/libtock-newlib-4.2.0.20211231/arm/arm-none-eabi/lib/thumb/v7e-m/nofp/libc.a(lib_a-writer.o)
 .ARM.attributes
                0x00000000000008ce       0x2e ../libtock-c/lib/libtock-newlib-4.2.0.20211231/arm/arm-none-eabi/lib/thumb/v7e-m/nofp/libc.a(lib_a-closer.o)
 .ARM.attributes
                0x00000000000008fc       0x2e ../libtock-c/lib/libtock-newlib-4.2.0.20211231/arm/arm-none-eabi/lib/thumb/v7e-m/nofp/libc.a(lib_a-fstatr.o)
 .ARM.attributes
                0x000000000000092a       0x2e ../libtock-c/lib/libtock-newlib-4.2.0.20211231/arm/arm-none-eabi/lib/thumb/v7e-m/nofp/libc.a(lib_a-fvwrite.o)
 .ARM.attributes
                0x0000000000000958       0x2e ../libtock-c/lib/libtock-newlib-4.2.0.20211231/arm/arm-none-eabi/lib/thumb/v7e-m/nofp/libc.a(lib_a-isattyr.o)
 .ARM.attributes
                0x0000000000000986       0x2e ../libtock-c/lib/libtock-newlib-4.2.0.20211231/arm/arm-none-eabi/lib/thumb/v7e-m/nofp/libc.a(lib_a-lseekr.o)
 .ARM.attributes
                0x00000000000009b4       0x1c ../libtock-c/lib/libtock-newlib-4.2.0.20211231/arm/arm-none-eabi/lib/thumb/v7e-m/nofp/libc.a(lib_a-memchr.o)
 .ARM.attributes
                0x00000000000009d0       0x2e ../libtock-c/lib/libtock-newlib-4.2.0.20211231/arm/arm-none-eabi/lib/thumb/v7e-m/nofp/libc.a(lib_a-memmove.o)
 .ARM.attributes
                0x00000000000009fe       0x2e ../libtock-c/lib/libtock-newlib-4.2.0.20211231/arm/arm-none-eabi/lib/thumb/v7e-m/nofp/libc.a(lib_a-nano-reallocr.o)
 .ARM.attributes
                0x0000000000000a2c       0x2e ../libtock-c/lib/libtock-newlib-4.2.0.20211231/arm/arm-none-eabi/lib/thumb/v7e-m/nofp/libc.a(lib_a-readr.o)
 .ARM.attributes
                0x0000000000000a5a       0x2e ../libtock-c/lib/libtock-newlib-4.2.0.20211231/arm/arm-none-eabi/lib/thumb/v7e-m/nofp/libc.a(lib_a-nano-msizer.o)
 .ARM.attributes
                0x0000000000000a88       0x2e ../libtock-c/libtock/build/cortex-m7/libtock.a(sys.o)
 .ARM.attributes
                0x0000000000000ab6       0x2e ../libtock-c/libtock/build/cortex-m7/libtock.a(screen.o)
 .ARM.attributes
                0x0000000000000ae4       0x2e ../libtock-c/libtock/build/cortex-m7/libtock.a(screen_syscalls.o)
 .ARM.attributes
                0x0000000000000b12       0x2e ../libtock-c/libtock-sync/build/cortex-m7/libtocksync.a(sys.o)
 .ARM.attributes
                0x0000000000000b40       0x2e ../libtock-c/libtock-sync/build/cortex-m7/libtocksync.a(console.o)
 .ARM.attributes
                0x0000000000000b6e       0x2e ../libtock-c/lib/libtock-newlib-4.2.0.20211231/arm/arm-none-eabi/lib/thumb/v7e-m/nofp/libc.a(lib_a-errno.o)
 .ARM.attributes
                0x0000000000000b9c       0x2e ../libtock-c/libtock/build/cortex-m7/libtock.a(console.o)
 .ARM.attributes
                0x0000000000000bca       0x2e ../libtock-c/libtock/build/cortex-m7/libtock.a(console_syscalls.o)

.debug_info     0x0000000000000000    0x2c109
 .debug_info    0x0000000000000000     0x10e0 build/cortex-m7/display.o
 .debug_info    0x00000000000010e0      0x59e build/cortex-m7/game.o
 .debug_info    0x000000000000167e      0x1bf build/cortex-m7/input.o
 .debug_info    0x000000000000183d      0xda3 build/cortex-m7/main.o
 .debug_info    0x00000000000025e0      0xee6 build/cortex-m7/u8g2-tock.o
 .debug_info    0x00000000000034c6      0x651 ../libtock-c/libtock/build/cortex-m7/libtock.a(crt0.o)
 .debug_info    0x0000000000003b17      0x357 ../libtock-c/libtock/build/cortex-m7/libtock.a(button.o)
 .debug_info    0x0000000000003e6e      0x5c1 ../libtock-c/libtock/build/cortex-m7/libtock.a(button_syscalls.o)
 .debug_info    0x000000000000442f     0x1454 ../libtock-c/libtock/build/cortex-m7/libtock.a(tock.o)
 .debug_info    0x0000000000005883      0xb30 ../libtock-c/libtock-sync/build/cortex-m7/libtocksync.a(screen.o)
 .debug_info    0x00000000000063b3      0x3ca ../libtock-c/libtock-sync/build/cortex-m7/libtocksync.a(screen_syscalls.o)
 .debug_info    0x000000000000677d     0x1121 ../libtock-c/u8g2/build/cortex-m7/u8g2.a(u8g2_box.o)
 .debug_info    0x000000000000789e     0x195c ../libtock-c/u8g2/build/cortex-m7/u8g2.a(u8g2_circle.o)
 .debug_info    0x00000000000091fa      0xd10 ../libtock-c/u8g2/build/cortex-m7/u8g2.a(u8g2_hvline.o)
 .debug_info    0x0000000000009f0a      0xa1e ../libtock-c/u8g2/build/cortex-m7/u8g2.a(u8g2_intersection.o)
 .debug_info    0x000000000000a928      0xaa8 ../libtock-c/u8g2/build/cortex-m7/u8g2.a(u8g2_line.o)
 .debug_info    0x000000000000b3d0      0xadd ../libtock-c/u8g2/build/cortex-m7/u8g2.a(u8g2_ll_hvline.o)
 .debug_info    0x000000000000bead     0x1417 ../libtock-c/u8g2/build/cortex-m7/u8g2.a(u8g2_setup.o)
 .debug_info    0x000000000000d2c4     0x19e3 ../libtock-c/u8g2/build/cortex-m7/u8g2.a(u8x8_cad.o)
 .debug_info    0x000000000000eca7      0xa4d ../libtock-c/u8g2/build/cortex-m7/u8g2.a(u8x8_display.o)
 .debug_info    0x000000000000f6f4      0x42a ../libtock-c/u8g2/build/cortex-m7/u8g2.a(u8x8_gpio.o)
 .debug_info    0x000000000000fb1e      0x5b0 ../libtock-c/u8g2/build/cortex-m7/u8g2.a(u8x8_setup.o)
 .debug_info    0x00000000000100ce     0x2f3b ../libtock-c/u8g2/build/cortex-m7/u8g2.a(u8g2_font.o)
 .debug_info    0x0000000000013009      0xad9 ../libtock-c/u8g2/build/cortex-m7/u8g2.a(u8g2_kerning.o)
 .debug_info    0x0000000000013ae2     0x1361 ../libtock-c/u8g2/build/cortex-m7/u8g2.a(u8x8_8x8.o)
 .debug_info    0x0000000000014e43     0x18f7 ../libtock-c/u8g2/build/cortex-m7/u8g2.a(u8x8_byte.o)
 .debug_info    0x000000000001673a      0x804 ../libtock-c/lib/libtock-newlib-4.2.0.20211231/arm/arm-none-eabi/lib/thumb/v7e-m/nofp/libc.a(lib_a-calloc.o)
 .debug_info    0x0000000000016f3e      0x81a ../libtock-c/lib/libtock-newlib-4.2.0.20211231/arm/arm-none-eabi/lib/thumb/v7e-m/nofp/libc.a(lib_a-exit.o)
 .debug_info    0x0000000000017758      0x863 ../libtock-c/lib/libtock-newlib-4.2.0.20211231/arm/arm-none-eabi/lib/thumb/v7e-m/nofp/libc.a(lib_a-impure.o)
 .debug_info    0x0000000000017fbb      0x128 ../libtock-c/lib/libtock-newlib-4.2.0.20211231/arm/arm-none-eabi/lib/thumb/v7e-m/nofp/libc.a(lib_a-memcpy-stub.o)
 .debug_info    0x00000000000180e3       0xe1 ../libtock-c/lib/libtock-newlib-4.2.0.20211231/arm/arm-none-eabi/lib/thumb/v7e-m/nofp/libc.a(lib_a-memset.o)
 .debug_info    0x00000000000181c4      0x860 ../libtock-c/lib/libtock-newlib-4.2.0.20211231/arm/arm-none-eabi/lib/thumb/v7e-m/nofp/libc.a(lib_a-nano-callocr.o)
 .debug_info    0x0000000000018a24      0xa57 ../libtock-c/lib/libtock-newlib-4.2.0.20211231/arm/arm-none-eabi/lib/thumb/v7e-m/nofp/libc.a(lib_a-nano-mallocr.o)
 .debug_info    0x000000000001947b      0x904 ../libtock-c/lib/libtock-newlib-4.2.0.20211231/arm/arm-none-eabi/lib/thumb/v7e-m/nofp/libc.a(lib_a-printf.o)
 .debug_info    0x0000000000019d7f      0xa60 ../libtock-c/lib/libtock-newlib-4.2.0.20211231/arm/arm-none-eabi/lib/thumb/v7e-m/nofp/libc.a(lib_a-puts.o)
 .debug_info    0x000000000001a7df      0x828 ../libtock-c/lib/libtock-newlib-4.2.0.20211231/arm/arm-none-eabi/lib/thumb/v7e-m/nofp/libc.a(lib_a-sbrkr.o)
 .debug_info    0x000000000001b007      0x99f ../libtock-c/lib/libtock-newlib-4.2.0.20211231/arm/arm-none-eabi/lib/thumb/v7e-m/nofp/libc.a(lib_a-wbuf.o)
 .debug_info    0x000000000001b9a6      0x902 ../libtock-c/lib/libtock-newlib-4.2.0.20211231/arm/arm-none-eabi/lib/thumb/v7e-m/nofp/libc.a(lib_a-wsetup.o)
 .debug_info    0x000000000001c2a8      0xa7b ../libtock-c/lib/libtock-newlib-4.2.0.20211231/arm/arm-none-eabi/lib/thumb/v7e-m/nofp/libc.a(lib_a-fflush.o)
 .debug_info    0x000000000001cd23      0xe45 ../libtock-c/lib/libtock-newlib-4.2.0.20211231/arm/arm-none-eabi/lib/thumb/v7e-m/nofp/libc.a(lib_a-findfp.o)
 .debug_info    0x000000000001db68      0x900 ../libtock-c/lib/libtock-newlib-4.2.0.20211231/arm/arm-none-eabi/lib/thumb/v7e-m/nofp/libc.a(lib_a-fwalk.o)
 .debug_info    0x000000000001e468      0xba7 ../libtock-c/lib/libtock-newlib-4.2.0.20211231/arm/arm-none-eabi/lib/thumb/v7e-m/nofp/libc.a(lib_a-makebuf.o)
 .debug_info    0x000000000001f00f      0x7dc ../libtock-c/lib/libtock-newlib-4.2.0.20211231/arm/arm-none-eabi/lib/thumb/v7e-m/nofp/libc.a(lib_a-mlock.o)
 .debug_info    0x000000000001f7eb      0x8ff ../libtock-c/lib/libtock-newlib-4.2.0.20211231/arm/arm-none-eabi/lib/thumb/v7e-m/nofp/libc.a(lib_a-nano-freer.o)
 .debug_info    0x00000000000200ea     0x10f1 ../libtock-c/lib/libtock-newlib-4.2.0.20211231/arm/arm-none-eabi/lib/thumb/v7e-m/nofp/libc.a(lib_a-nano-vfprintf.o)
 .debug_info    0x00000000000211db      0xe9f ../libtock-c/lib/libtock-newlib-4.2.0.20211231/arm/arm-none-eabi/lib/thumb/v7e-m/nofp/libc.a(lib_a-nano-vfprintf_i.o)
 .debug_info    0x000000000002207a      0x983 ../libtock-c/lib/libtock-newlib-4.2.0.20211231/arm/arm-none-eabi/lib/thumb/v7e-m/nofp/libc.a(lib_a-reent.o)
 .debug_info    0x00000000000229fd      0xac2 ../libtock-c/lib/libtock-newlib-4.2.0.20211231/arm/arm-none-eabi/lib/thumb/v7e-m/nofp/libc.a(lib_a-stdio.o)
 .debug_info    0x00000000000234bf      0x85a ../libtock-c/lib/libtock-newlib-4.2.0.20211231/arm/arm-none-eabi/lib/thumb/v7e-m/nofp/libc.a(lib_a-writer.o)
 .debug_info    0x0000000000023d19      0x805 ../libtock-c/lib/libtock-newlib-4.2.0.20211231/arm/arm-none-eabi/lib/thumb/v7e-m/nofp/libc.a(lib_a-closer.o)
 .debug_info    0x000000000002451e      0xa1d ../libtock-c/lib/libtock-newlib-4.2.0.20211231/arm/arm-none-eabi/lib/thumb/v7e-m/nofp/libc.a(lib_a-fstatr.o)
 .debug_info    0x0000000000024f3b      0xb67 ../libtock-c/lib/libtock-newlib-4.2.0.20211231/arm/arm-none-eabi/lib/thumb/v7e-m/nofp/libc.a(lib_a-fvwrite.o)
 .debug_info    0x0000000000025aa2      0x805 ../libtock-c/lib/libtock-newlib-4.2.0.20211231/arm/arm-none-eabi/lib/thumb/v7e-m/nofp/libc.a(lib_a-isattyr.o)
 .debug_info    0x00000000000262a7      0x83b ../libtock-c/lib/libtock-newlib-4.2.0.20211231/arm/arm-none-eabi/lib/thumb/v7e-m/nofp/libc.a(lib_a-lseekr.o)
 .debug_info    0x0000000000026ae2       0x26 ../libtock-c/lib/libtock-newlib-4.2.0.20211231/arm/arm-none-eabi/lib/thumb/v7e-m/nofp/libc.a(lib_a-memchr.o)
 .debug_info    0x0000000000026b08      0x115 ../libtock-c/lib/libtock-newlib-4.2.0.20211231/arm/arm-none-eabi/lib/thumb/v7e-m/nofp/libc.a(lib_a-memmove.o)
 .debug_info    0x0000000000026c1d      0x930 ../libtock-c/lib/libtock-newlib-4.2.0.20211231/arm/arm-none-eabi/lib/thumb/v7e-m/nofp/libc.a(lib_a-nano-reallocr.o)
 .debug_info    0x000000000002754d      0x853 ../libtock-c/lib/libtock-newlib-4.2.0.20211231/arm/arm-none-eabi/lib/thumb/v7e-m/nofp/libc.a(lib_a-readr.o)
 .debug_info    0x0000000000027da0      0x840 ../libtock-c/lib/libtock-newlib-4.2.0.20211231/arm/arm-none-eabi/lib/thumb/v7e-m/nofp/libc.a(lib_a-nano-msizer.o)
 .debug_info    0x00000000000285e0      0x691 ../libtock-c/libtock/build/cortex-m7/libtock.a(sys.o)
 .debug_info    0x0000000000028c71      0xec5 ../libtock-c/libtock/build/cortex-m7/libtock.a(screen.o)
 .debug_info    0x0000000000029b36      0xd9c ../libtock-c/libtock/build/cortex-m7/libtock.a(screen_syscalls.o)
 .debug_info    0x000000000002a8d2      0x14b ../libtock-c/libtock-sync/build/cortex-m7/libtocksync.a(sys.o)
 .debug_info    0x000000000002aa1d      0x357 ../libtock-c/libtock-sync/build/cortex-m7/libtocksync.a(console.o)
 .debug_info    0x000000000002ad74      0x7ae ../libtock-c/lib/libtock-newlib-4.2.0.20211231/arm/arm-none-eabi/lib/thumb/v7e-m/nofp/libc.a(lib_a-errno.o)
 .debug_info    0x000000000002b522      0x440 ../libtock-c/libtock/build/cortex-m7/libtock.a(console.o)
 .debug_info    0x000000000002b962      0x7a7 ../libtock-c/libtock/build/cortex-m7/libtock.a(console_syscalls.o)

.debug_abbrev   0x0000000000000000     0x7e84
 .debug_abbrev  0x0000000000000000      0x1f3 build/cortex-m7/display.o
 .debug_abbrev  0x00000000000001f3      0x162 build/cortex-m7/game.o
 .debug_abbrev  0x0000000000000355       0xad build/cortex-m7/input.o
 .debug_abbrev  0x0000000000000402      0x1ba build/cortex-m7/main.o
 .debug_abbrev  0x00000000000005bc      0x31a build/cortex-m7/u8g2-tock.o
 .debug_abbrev  0x00000000000008d6      0x1f4 ../libtock-c/libtock/build/cortex-m7/libtock.a(crt0.o)
 .debug_abbrev  0x0000000000000aca      0x16a ../libtock-c/libtock/build/cortex-m7/libtock.a(button.o)
 .debug_abbrev  0x0000000000000c34      0x14c ../libtock-c/libtock/build/cortex-m7/libtock.a(button_syscalls.o)
 .debug_abbrev  0x0000000000000d80      0x300 ../libtock-c/libtock/build/cortex-m7/libtock.a(tock.o)
 .debug_abbrev  0x0000000000001080      0x1d8 ../libtock-c/libtock-sync/build/cortex-m7/libtocksync.a(screen.o)
 .debug_abbrev  0x0000000000001258      0x116 ../libtock-c/libtock-sync/build/cortex-m7/libtocksync.a(screen_syscalls.o)
 .debug_abbrev  0x000000000000136e      0x1f5 ../libtock-c/u8g2/build/cortex-m7/u8g2.a(u8g2_box.o)
 .debug_abbrev  0x0000000000001563      0x2e0 ../libtock-c/u8g2/build/cortex-m7/u8g2.a(u8g2_circle.o)
 .debug_abbrev  0x0000000000001843      0x1cd ../libtock-c/u8g2/build/cortex-m7/u8g2.a(u8g2_hvline.o)
 .debug_abbrev  0x0000000000001a10      0x16b ../libtock-c/u8g2/build/cortex-m7/u8g2.a(u8g2_intersection.o)
 .debug_abbrev  0x0000000000001b7b      0x184 ../libtock-c/u8g2/build/cortex-m7/u8g2.a(u8g2_line.o)
 .debug_abbrev  0x0000000000001cff      0x163 ../libtock-c/u8g2/build/cortex-m7/u8g2.a(u8g2_ll_hvline.o)
 .debug_abbrev  0x0000000000001e62      0x3a8 ../libtock-c/u8g2/build/cortex-m7/u8g2.a(u8g2_setup.o)
 .debug_abbrev  0x000000000000220a      0x300 ../libtock-c/u8g2/build/cortex-m7/u8g2.a(u8x8_cad.o)
 .debug_abbrev  0x000000000000250a      0x1fc ../libtock-c/u8g2/build/cortex-m7/u8g2.a(u8x8_display.o)
 .debug_abbrev  0x0000000000002706      0x102 ../libtock-c/u8g2/build/cortex-m7/u8g2.a(u8x8_gpio.o)
 .debug_abbrev  0x0000000000002808      0x1bd ../libtock-c/u8g2/build/cortex-m7/u8g2.a(u8x8_setup.o)
 .debug_abbrev  0x00000000000029c5      0x45d ../libtock-c/u8g2/build/cortex-m7/u8g2.a(u8g2_font.o)
 .debug_abbrev  0x0000000000002e22      0x14d ../libtock-c/u8g2/build/cortex-m7/u8g2.a(u8g2_kerning.o)
 .debug_abbrev  0x0000000000002f6f      0x3cd ../libtock-c/u8g2/build/cortex-m7/u8g2.a(u8x8_8x8.o)
 .debug_abbrev  0x000000000000333c      0x2ed ../libtock-c/u8g2/build/cortex-m7/u8g2.a(u8x8_byte.o)
 .debug_abbrev  0x0000000000003629      0x1ae ../libtock-c/lib/libtock-newlib-4.2.0.20211231/arm/arm-none-eabi/lib/thumb/v7e-m/nofp/libc.a(lib_a-calloc.o)
 .debug_abbrev  0x00000000000037d7      0x1ba ../libtock-c/lib/libtock-newlib-4.2.0.20211231/arm/arm-none-eabi/lib/thumb/v7e-m/nofp/libc.a(lib_a-exit.o)
 .debug_abbrev  0x0000000000003991      0x151 ../libtock-c/lib/libtock-newlib-4.2.0.20211231/arm/arm-none-eabi/lib/thumb/v7e-m/nofp/libc.a(lib_a-impure.o)